M4_M3_CDNS_7655181353228 metal3_conn,Via3,metal4_conn NULL
M5_M4_CDNS_7655181353249 Via4,metal5_conn,metal4_conn NULL
WallaceProject _nmos1v,Via4,metal5_conn,psubstrate,metal3_conn,nwell_conn,Via1,metal1_conn,_pmos1v,Via3,metal4_conn,Via2,metal2_conn Via5,ndiff_conn,cont_pdiff,cont_poly,metal7_conn,cont_ndiff,metal6_conn,poly_conn,ptap,pdiff_conn,ntap,Via6
M3_M2_CDNS_7655181353211 metal3_conn,Via2,metal2_conn NULL
M5_M4_CDNS_7655181353250 Via4,metal5_conn,metal4_conn NULL
M3_M2_CDNS_7655181353212 metal3_conn,Via2,metal2_conn NULL
M3_M2_CDNS_7655181353213 metal3_conn,Via2,metal2_conn NULL
M3_M2_CDNS_7655181353216 metal3_conn,Via2,metal2_conn NULL
M4_M3_CDNS_7655181353236 metal3_conn,Via3,metal4_conn NULL
M5_M4_CDNS_7655181353266 Via4,metal5_conn,metal4_conn NULL
M3_M2_CDNS_7655181353231 metal3_conn,Via2,metal2_conn NULL
M4_M3_CDNS_7655181353251 metal3_conn,Via3,metal4_conn NULL
M3_M2_CDNS_7655181353233 metal3_conn,Via2,metal2_conn NULL
M4_M3_CDNS_7655181353255 metal3_conn,Via3,metal4_conn NULL
M3_M2_CDNS_7655181353238 metal3_conn,Via2,metal2_conn NULL
XOR _nmos1v,psubstrate,nwell_conn,metal1_conn,poly_conn,metal2_conn Via5,ndiff_conn,Via4,metal5_conn,cont_pdiff,metal3_conn,Via1,cont_poly,cont_ndiff,metal6_conn,ptap,Via3,metal4_conn,ntap,pdiff_conn,Via2
nmos1v_CDNS_7655181353210 _nmos1v,ndiff_conn,psubstrate,metal1_conn,cont_ndiff,poly_conn NULL
Diver psubstrate,nwell_conn,metal1_conn,poly_conn ndiff_conn,cont_pdiff,cont_poly,cont_ndiff,ptap,ntap,pdiff_conn
nmos1v_CDNS_7655181353213 ndiff_conn,cont_pdiff,psubstrate,metal1_conn,cont_ndiff,poly_conn,ptap,pdiff_conn NULL
nmos1v_CDNS_7655181353215 ndiff_conn,cont_pdiff,psubstrate,metal1_conn,cont_ndiff,poly_conn,ptap,pdiff_conn NULL
nmos1v_CDNS_7655181353218 ndiff_conn,psubstrate,metal1_conn,cont_ndiff,poly_conn NULL
nmos1v_CDNS_7655181353219 _nmos1v,ndiff_conn,cont_pdiff,psubstrate,metal1_conn,cont_ndiff,poly_conn,ptap,pdiff_conn NULL
M2_M1_CDNS_7655181353223 Via1,metal1_conn,metal2_conn NULL
M2_M1_CDNS_7655181353229 Via1,metal1_conn,metal2_conn NULL
nmos1v_CDNS_7655181353220 ndiff_conn,psubstrate,poly_conn NULL
nmos1v_CDNS_7655181353221 ndiff_conn,psubstrate,metal1_conn,cont_ndiff,poly_conn NULL
nmos1v_CDNS_7655181353223 ndiff_conn,psubstrate,metal1_conn,cont_ndiff,poly_conn NULL
M3_M2_CDNS_7655181353252 metal3_conn,Via2,metal2_conn NULL
pmos1v_CDNS_765518135320 ndiff_conn,cont_pdiff,psubstrate,nwell_conn,metal1_conn,cont_ndiff,poly_conn,pdiff_conn,ntap NULL
pmos1v_CDNS_765518135322 cont_pdiff,psubstrate,nwell_conn,metal1_conn,poly_conn,pdiff_conn NULL
pmos1v_CDNS_765518135324 cont_pdiff,psubstrate,nwell_conn,metal1_conn,poly_conn,pdiff_conn NULL
pmos1v_CDNS_765518135325 cont_pdiff,psubstrate,nwell_conn,metal1_conn,poly_conn,pdiff_conn NULL
pmos1v_CDNS_765518135326 cont_pdiff,psubstrate,nwell_conn,metal1_conn,poly_conn,pdiff_conn NULL
nmos1v_CDNS_765518135321 ndiff_conn,cont_pdiff,psubstrate,metal1_conn,cont_ndiff,poly_conn,ptap,pdiff_conn NULL
nmos1v_CDNS_765518135323 _nmos1v,ndiff_conn,psubstrate,metal1_conn,cont_ndiff,poly_conn NULL
nmos1v_CDNS_765518135327 ndiff_conn,psubstrate,metal1_conn,cont_ndiff,poly_conn NULL
nmos1v_CDNS_765518135328 ndiff_conn,psubstrate,metal1_conn,cont_ndiff,poly_conn NULL
nmos1v_CDNS_765518135329 _nmos1v,ndiff_conn,psubstrate,poly_conn NULL
M2_M1_CDNS_7655181353243 Via1,metal1_conn,metal2_conn NULL
M2_M1_CDNS_7655181353245 Via1,metal1_conn,metal2_conn NULL
M3_M2_CDNS_7655181353265 metal3_conn,Via2,metal2_conn NULL
M2_M1_CDNS_7655181353247 Via1,metal1_conn,metal2_conn NULL
M2_M1_CDNS_7655181353253 Via1,metal1_conn,metal2_conn NULL
WallaceMultiplier _nmos1v,psubstrate,metal3_conn,metal1_conn,_pmos1v,metal2_conn ndiff_conn,cont_pdiff,nwell_conn,Via1,cont_poly,cont_ndiff,poly_conn,ptap,pdiff_conn,ntap,Via2
M2_M1_CDNS_7655181353261 Via1,metal1_conn,metal2_conn NULL
MASCO__Y1 metal1_conn Via1,metal2_conn
MASCO__Y2 metal3_conn Via2,metal2_conn
FAdder _nmos1v,psubstrate,nwell_conn,metal1_conn,_pmos1v,poly_conn,metal2_conn ndiff_conn,cont_pdiff,Via1,cont_poly,cont_ndiff,ptap,ntap,pdiff_conn
M2_M1_CDNS_765518135320 Via1,metal1_conn,metal2_conn NULL
M2_M1_CDNS_765518135323 Via1,metal1_conn,metal2_conn NULL
M2_M1_CDNS_765518135326 Via1,metal1_conn,metal2_conn NULL
M2_M1_CDNS_765518135328 Via1,metal1_conn,metal2_conn NULL
4bit_CLA_logic _nmos1v,metal5_conn,psubstrate,metal3_conn,nwell_conn,metal1_conn,cont_poly,metal7_conn,_pmos1v,metal6_conn,poly_conn,metal4_conn Via5,ndiff_conn,Via4,cont_pdiff,Via1,cont_ndiff,ptap,Via3,ntap,pdiff_conn,Via2,metal2_conn,Via6
M1_PO_CDNS_7655181353241 metal1_conn,cont_poly,poly_conn NULL
M1_PO_CDNS_7655181353244 metal1_conn,cont_poly,poly_conn NULL
M1_PO_CDNS_7655181353246 metal1_conn,cont_poly,poly_conn NULL
M3_M2_CDNS_765518135322 metal3_conn,Via2,metal2_conn NULL
M3_M2_CDNS_765518135324 metal3_conn,Via2,metal2_conn NULL
M3_M2_CDNS_765518135325 metal3_conn,Via2,metal2_conn NULL
M3_M2_CDNS_765518135327 metal3_conn,Via2,metal2_conn NULL
M3_M2_CDNS_765518135329 metal3_conn,Via2,metal2_conn NULL
M1_PO_CDNS_7655181353257 metal1_conn,cont_poly,poly_conn NULL
M1_PO_CDNS_7655181353259 metal1_conn,cont_poly,poly_conn NULL
HAdder _nmos1v,psubstrate,nwell_conn,metal1_conn,cont_poly,poly_conn,metal2_conn ndiff_conn,cont_pdiff,Via1,cont_ndiff,ptap,ntap,pdiff_conn
M4_M3_CDNS_765518135321 metal3_conn,Via3,metal4_conn NULL
AND psubstrate,metal3_conn,nwell_conn,metal1_conn,poly_conn,metal2_conn ndiff_conn,cont_pdiff,Via1,cont_poly,cont_ndiff,ptap,ntap,pdiff_conn,Via2
pmos1v_CDNS_7655181353211 cont_pdiff,psubstrate,nwell_conn,metal1_conn,poly_conn,pdiff_conn NULL
pmos1v_CDNS_7655181353212 cont_pdiff,psubstrate,nwell_conn,metal1_conn,poly_conn,pdiff_conn NULL
pmos1v_CDNS_7655181353214 ndiff_conn,cont_pdiff,psubstrate,nwell_conn,metal1_conn,cont_ndiff,poly_conn,pdiff_conn,ntap NULL
pmos1v_CDNS_7655181353216 ndiff_conn,cont_pdiff,psubstrate,nwell_conn,metal1_conn,cont_ndiff,poly_conn,pdiff_conn,ntap NULL
pmos1v_CDNS_7655181353217 ndiff_conn,cont_pdiff,psubstrate,nwell_conn,metal1_conn,cont_ndiff,poly_conn,pdiff_conn,ntap NULL
M7_M6_CDNS_7655181353256 metal7_conn,metal6_conn,Via6 NULL
pmos1v_CDNS_7655181353222 cont_pdiff,psubstrate,nwell_conn,metal1_conn,poly_conn,pdiff_conn NULL
M6_M5_CDNS_7655181353248 Via5,metal5_conn,metal6_conn NULL
pmos1v_CDNS_7655181353224 cont_pdiff,psubstrate,nwell_conn,metal1_conn,_pmos1v,poly_conn,pdiff_conn NULL
pmos1v_CDNS_7655181353225 cont_pdiff,psubstrate,nwell_conn,metal1_conn,_pmos1v,poly_conn,pdiff_conn NULL
pmos1v_CDNS_7655181353226 ndiff_conn,cont_pdiff,psubstrate,nwell_conn,metal1_conn,cont_ndiff,poly_conn,pdiff_conn,ntap NULL
pmos1v_CDNS_7655181353227 cont_pdiff,psubstrate,nwell_conn,metal1_conn,_pmos1v,poly_conn,pdiff_conn NULL
M5_M4_CDNS_7655181353220 Via4,metal5_conn,metal4_conn NULL
WallaceFinalAdder _nmos1v,psubstrate,metal3_conn,nwell_conn,metal1_conn,_pmos1v,metal6_conn,metal4_conn,metal2_conn Via5,ndiff_conn,Via4,metal5_conn,cont_pdiff,Via1,cont_poly,metal7_conn,cont_ndiff,poly_conn,ptap,Via3,pdiff_conn,ntap,Via2,Via6
M5_M4_CDNS_7655181353221 Via4,metal5_conn,metal4_conn NULL
M5_M4_CDNS_7655181353222 Via4,metal5_conn,metal4_conn NULL
M7_M6_CDNS_7655181353262 metal7_conn,metal6_conn,Via6 NULL
M5_M4_CDNS_7655181353224 Via4,metal5_conn,metal4_conn NULL
M5_M4_CDNS_7655181353225 Via4,metal5_conn,metal4_conn NULL
M6_M5_CDNS_7655181353254 Via5,metal5_conn,metal6_conn NULL
M6_M5_CDNS_7655181353258 Via5,metal5_conn,metal6_conn NULL
M4_M3_CDNS_7655181353210 metal3_conn,Via3,metal4_conn NULL
M5_M4_CDNS_7655181353230 Via4,metal5_conn,metal4_conn NULL
M5_M4_CDNS_7655181353232 Via4,metal5_conn,metal4_conn NULL
M4_M3_CDNS_7655181353214 metal3_conn,Via3,metal4_conn NULL
M4_M3_CDNS_7655181353215 metal3_conn,Via3,metal4_conn NULL
M4_M3_CDNS_7655181353217 metal3_conn,Via3,metal4_conn NULL
M4_M3_CDNS_7655181353218 metal3_conn,Via3,metal4_conn NULL
M6_M5_CDNS_7655181353263 Via5,metal5_conn,metal6_conn NULL
M6_M5_CDNS_7655181353264 Via5,metal5_conn,metal6_conn NULL
