pmos1v_CDNS_7654586549810 cont_pdiff,psubstrate,nwell_conn,metal1_conn,poly_conn,pdiff_conn NULL
pmos1v_CDNS_7654586549811 cont_pdiff,psubstrate,nwell_conn,metal1_conn,poly_conn,pdiff_conn NULL
pmos1v_CDNS_7654586549814 ndiff_conn,cont_pdiff,psubstrate,nwell_conn,metal1_conn,cont_ndiff,poly_conn,pdiff_conn,ntap NULL
pmos1v_CDNS_7654586549816 ndiff_conn,cont_pdiff,psubstrate,nwell_conn,metal1_conn,cont_ndiff,poly_conn,pdiff_conn,ntap NULL
pmos1v_CDNS_7654586549817 ndiff_conn,cont_pdiff,psubstrate,nwell_conn,metal1_conn,cont_ndiff,poly_conn,pdiff_conn,ntap NULL
WallaceProject _nmos1v,metal5_conn,psubstrate,metal3_conn,Via1,metal1_conn,_pmos1v,metal4_conn,Via2,metal2_conn Via5,ndiff_conn,Via4,cont_pdiff,nwell_conn,cont_poly,metal7_conn,cont_ndiff,metal6_conn,poly_conn,ptap,Via3,pdiff_conn,ntap,Via6
pmos1v_CDNS_7654586549822 cont_pdiff,psubstrate,nwell_conn,metal1_conn,poly_conn,pdiff_conn NULL
pmos1v_CDNS_7654586549824 cont_pdiff,psubstrate,nwell_conn,metal1_conn,_pmos1v,poly_conn,pdiff_conn NULL
pmos1v_CDNS_7654586549825 cont_pdiff,psubstrate,nwell_conn,metal1_conn,_pmos1v,poly_conn,pdiff_conn NULL
pmos1v_CDNS_7654586549826 ndiff_conn,cont_pdiff,psubstrate,nwell_conn,metal1_conn,cont_ndiff,poly_conn,pdiff_conn,ntap NULL
pmos1v_CDNS_7654586549827 cont_pdiff,psubstrate,nwell_conn,metal1_conn,_pmos1v,poly_conn,pdiff_conn NULL
M2_M1_CDNS_765458654980 Via1,metal1_conn,metal2_conn NULL
M2_M1_CDNS_765458654983 Via1,metal1_conn,metal2_conn NULL
M2_M1_CDNS_765458654986 Via1,metal1_conn,metal2_conn NULL
M2_M1_CDNS_765458654988 Via1,metal1_conn,metal2_conn NULL
XOR psubstrate,nwell_conn,metal1_conn,poly_conn,metal2_conn Via5,_nmos1v,ndiff_conn,Via4,metal5_conn,cont_pdiff,metal3_conn,Via1,cont_poly,cont_ndiff,metal6_conn,ptap,Via3,metal4_conn,ntap,pdiff_conn,Via2
M6_M5_CDNS_7654586549841 Via5,metal5_conn,metal6_conn NULL
M6_M5_CDNS_7654586549847 Via5,metal5_conn,metal6_conn NULL
M6_M5_CDNS_7654586549852 Via5,metal5_conn,metal6_conn NULL
M6_M5_CDNS_7654586549858 Via5,metal5_conn,metal6_conn NULL
M6_M5_CDNS_7654586549859 Via5,metal5_conn,metal6_conn NULL
M7_M6_CDNS_7654586549850 metal7_conn,metal6_conn,Via6 NULL
M3_M2_CDNS_765458654982 metal3_conn,Via2,metal2_conn NULL
M3_M2_CDNS_765458654984 metal3_conn,Via2,metal2_conn NULL
M3_M2_CDNS_765458654985 metal3_conn,Via2,metal2_conn NULL
M7_M6_CDNS_7654586549857 metal7_conn,metal6_conn,Via6 NULL
M3_M2_CDNS_765458654987 metal3_conn,Via2,metal2_conn NULL
M3_M2_CDNS_765458654989 metal3_conn,Via2,metal2_conn NULL
nmos1v_CDNS_7654586549812 _nmos1v,ndiff_conn,cont_pdiff,psubstrate,metal1_conn,cont_ndiff,poly_conn,ptap,pdiff_conn NULL
nmos1v_CDNS_7654586549813 ndiff_conn,cont_pdiff,psubstrate,metal1_conn,cont_ndiff,poly_conn,ptap,pdiff_conn NULL
nmos1v_CDNS_7654586549815 ndiff_conn,cont_pdiff,psubstrate,metal1_conn,cont_ndiff,poly_conn,ptap,pdiff_conn NULL
nmos1v_CDNS_7654586549818 ndiff_conn,psubstrate,metal1_conn,cont_ndiff,poly_conn NULL
nmos1v_CDNS_7654586549819 _nmos1v,ndiff_conn,cont_pdiff,psubstrate,metal1_conn,cont_ndiff,poly_conn,ptap,pdiff_conn NULL
WallaceMultiplier _nmos1v,psubstrate,metal3_conn,metal1_conn,_pmos1v,metal2_conn ndiff_conn,cont_pdiff,nwell_conn,Via1,cont_poly,cont_ndiff,poly_conn,ptap,pdiff_conn,ntap,Via2
M5_M4_CDNS_7654586549820 Via4,metal5_conn,metal4_conn NULL
M5_M4_CDNS_7654586549821 Via4,metal5_conn,metal4_conn NULL
M5_M4_CDNS_7654586549823 Via4,metal5_conn,metal4_conn NULL
M5_M4_CDNS_7654586549824 Via4,metal5_conn,metal4_conn NULL
M5_M4_CDNS_7654586549827 Via4,metal5_conn,metal4_conn NULL
M5_M4_CDNS_7654586549829 Via4,metal5_conn,metal4_conn NULL
nmos1v_CDNS_7654586549820 ndiff_conn,psubstrate,poly_conn NULL
nmos1v_CDNS_7654586549821 ndiff_conn,psubstrate,metal1_conn,cont_ndiff,poly_conn NULL
nmos1v_CDNS_7654586549823 ndiff_conn,psubstrate,metal1_conn,cont_ndiff,poly_conn NULL
M4_M3_CDNS_7654586549810 metal3_conn,Via3,metal4_conn NULL
M4_M3_CDNS_7654586549814 metal3_conn,Via3,metal4_conn NULL
M4_M3_CDNS_7654586549815 metal3_conn,Via3,metal4_conn NULL
M4_M3_CDNS_7654586549817 metal3_conn,Via3,metal4_conn NULL
M4_M3_CDNS_7654586549818 metal3_conn,Via3,metal4_conn NULL
MASCO__Y1 metal1_conn Via1,metal2_conn
MASCO__Y2 metal3_conn Via2,metal2_conn
M5_M4_CDNS_7654586549842 Via4,metal5_conn,metal4_conn NULL
M5_M4_CDNS_7654586549843 Via4,metal5_conn,metal4_conn NULL
M4_M3_CDNS_7654586549825 metal3_conn,Via3,metal4_conn NULL
M4_M3_CDNS_765458654981 metal3_conn,Via3,metal4_conn NULL
FAdder _nmos1v,psubstrate,nwell_conn,metal1_conn,_pmos1v,poly_conn,metal2_conn ndiff_conn,cont_pdiff,Via1,cont_poly,cont_ndiff,ptap,ntap,pdiff_conn
M3_M2_CDNS_7654586549811 metal3_conn,Via2,metal2_conn NULL
M3_M2_CDNS_7654586549812 metal3_conn,Via2,metal2_conn NULL
M3_M2_CDNS_7654586549813 metal3_conn,Via2,metal2_conn NULL
M5_M4_CDNS_7654586549853 Via4,metal5_conn,metal4_conn NULL
M3_M2_CDNS_7654586549816 metal3_conn,Via2,metal2_conn NULL
M4_M3_CDNS_7654586549840 metal3_conn,Via3,metal4_conn NULL
M5_M4_CDNS_7654586549861 Via4,metal5_conn,metal4_conn NULL
M4_M3_CDNS_7654586549844 metal3_conn,Via3,metal4_conn NULL
M3_M2_CDNS_7654586549828 metal3_conn,Via2,metal2_conn NULL
M4_M3_CDNS_7654586549849 metal3_conn,Via3,metal4_conn NULL
M3_M2_CDNS_7654586549830 metal3_conn,Via2,metal2_conn NULL
M2_M1_CDNS_7654586549822 Via1,metal1_conn,metal2_conn NULL
M3_M2_CDNS_7654586549845 metal3_conn,Via2,metal2_conn NULL
M2_M1_CDNS_7654586549826 Via1,metal1_conn,metal2_conn NULL
M3_M2_CDNS_7654586549848 metal3_conn,Via2,metal2_conn NULL
M2_M1_CDNS_7654586549834 Via1,metal1_conn,metal2_conn NULL
M2_M1_CDNS_7654586549836 Via1,metal1_conn,metal2_conn NULL
M2_M1_CDNS_7654586549839 Via1,metal1_conn,metal2_conn NULL
M3_M2_CDNS_7654586549860 metal3_conn,Via2,metal2_conn NULL
M2_M1_CDNS_7654586549846 Via1,metal1_conn,metal2_conn NULL
M2_M1_CDNS_7654586549856 Via1,metal1_conn,metal2_conn NULL
4bit_CLA_logic metal5_conn,psubstrate,metal3_conn,nwell_conn,metal1_conn,cont_poly,metal7_conn,_pmos1v,metal6_conn,poly_conn,metal4_conn Via5,_nmos1v,ndiff_conn,Via4,cont_pdiff,Via1,cont_ndiff,ptap,Via3,ntap,pdiff_conn,Via2,metal2_conn,Via6
pmos1v_CDNS_765458654980 ndiff_conn,cont_pdiff,psubstrate,nwell_conn,metal1_conn,cont_ndiff,poly_conn,pdiff_conn,ntap NULL
pmos1v_CDNS_765458654981 cont_pdiff,psubstrate,nwell_conn,metal1_conn,poly_conn,pdiff_conn NULL
pmos1v_CDNS_765458654983 cont_pdiff,psubstrate,nwell_conn,metal1_conn,poly_conn,pdiff_conn NULL
pmos1v_CDNS_765458654984 cont_pdiff,psubstrate,nwell_conn,metal1_conn,poly_conn,pdiff_conn NULL
pmos1v_CDNS_765458654985 cont_pdiff,psubstrate,nwell_conn,metal1_conn,poly_conn,pdiff_conn NULL
nmos1v_CDNS_765458654982 _nmos1v,ndiff_conn,psubstrate,metal1_conn,cont_ndiff,poly_conn NULL
nmos1v_CDNS_765458654986 ndiff_conn,psubstrate,metal1_conn,cont_ndiff,poly_conn NULL
nmos1v_CDNS_765458654987 ndiff_conn,psubstrate,metal1_conn,cont_ndiff,poly_conn NULL
nmos1v_CDNS_765458654988 _nmos1v,ndiff_conn,psubstrate,poly_conn NULL
nmos1v_CDNS_765458654989 _nmos1v,ndiff_conn,psubstrate,metal1_conn,cont_ndiff,poly_conn NULL
HAdder _nmos1v,psubstrate,nwell_conn,metal1_conn,cont_poly,poly_conn,metal2_conn ndiff_conn,cont_pdiff,Via1,cont_ndiff,ptap,ntap,pdiff_conn
AND psubstrate,metal3_conn,nwell_conn,metal1_conn,poly_conn,metal2_conn ndiff_conn,cont_pdiff,Via1,cont_poly,cont_ndiff,ptap,ntap,pdiff_conn,Via2
M1_PO_CDNS_7654586549835 metal1_conn,cont_poly,poly_conn NULL
M1_PO_CDNS_7654586549837 metal1_conn,cont_poly,poly_conn NULL
M1_PO_CDNS_7654586549838 metal1_conn,cont_poly,poly_conn NULL
M1_PO_CDNS_7654586549851 metal1_conn,cont_poly,poly_conn NULL
M1_PO_CDNS_7654586549854 metal1_conn,cont_poly,poly_conn NULL
WallaceFinalAdder _nmos1v,psubstrate,metal3_conn,nwell_conn,metal1_conn,_pmos1v,metal6_conn,metal4_conn,metal2_conn Via5,ndiff_conn,Via4,metal5_conn,cont_pdiff,Via1,cont_poly,metal7_conn,cont_ndiff,poly_conn,ptap,Via3,pdiff_conn,ntap,Via2,Via6
