M2_M1_CDNS_7656752519085 Via1,metal1_conn,metal2_conn NULL
pmos1v_CDNS_7656752519010 cont_pdiff,psubstrate,nwell_conn,metal1_conn,poly_conn,pdiff_conn NULL
pmos1v_CDNS_7656752519011 cont_pdiff,psubstrate,nwell_conn,metal1_conn,poly_conn,pdiff_conn NULL
pmos1v_CDNS_7656752519012 cont_pdiff,psubstrate,nwell_conn,metal1_conn,poly_conn,pdiff_conn NULL
pmos1v_CDNS_7656752519017 cont_pdiff,psubstrate,nwell_conn,metal1_conn,poly_conn,pdiff_conn NULL
MAC _nmos1v,psubstrate,metal3_conn,nwell_conn,metal1_conn,_pmos1v,metal6_conn,metal4_conn,metal2_conn Via5,ndiff_conn,Via4,metal5_conn,cont_pdiff,Via1,cont_poly,metal7_conn,cont_ndiff,poly_conn,ptap,Via3,pdiff_conn,ntap,Via2,Via6
pmos1v_CDNS_7656752519018 cont_pdiff,psubstrate,nwell_conn,metal1_conn,poly_conn,pdiff_conn NULL
pmos1v_CDNS_7656752519019 ndiff_conn,cont_pdiff,psubstrate,nwell_conn,metal1_conn,cont_ndiff,poly_conn,pdiff_conn,ntap NULL
pmos1v_CDNS_7656752519023 cont_pdiff,psubstrate,nwell_conn,metal1_conn,poly_conn,pdiff_conn NULL
pmos1v_CDNS_7656752519025 cont_pdiff,psubstrate,nwell_conn,metal1_conn,_pmos1v,poly_conn,pdiff_conn NULL
pmos1v_CDNS_7656752519026 cont_pdiff,psubstrate,nwell_conn,metal1_conn,_pmos1v,poly_conn,pdiff_conn NULL
pmos1v_CDNS_7656752519027 cont_pdiff,psubstrate,nwell_conn,metal1_conn,_pmos1v,poly_conn,pdiff_conn NULL
XOR _nmos1v,psubstrate,nwell_conn,metal1_conn,poly_conn,metal2_conn Via5,ndiff_conn,Via4,metal5_conn,cont_pdiff,metal3_conn,Via1,cont_poly,cont_ndiff,metal6_conn,ptap,Via3,metal4_conn,ntap,pdiff_conn,Via2
M2_M1_CDNS_765675251909 Via1,metal1_conn,metal2_conn NULL
Diver psubstrate,nwell_conn,metal1_conn,poly_conn ndiff_conn,cont_pdiff,cont_poly,cont_ndiff,ptap,ntap,pdiff_conn
M3_M2_CDNS_765675251906 metal3_conn,Via2,metal2_conn NULL
WallaceMultiplier _nmos1v,psubstrate,metal3_conn,metal1_conn,_pmos1v,metal2_conn ndiff_conn,cont_pdiff,nwell_conn,Via1,cont_poly,cont_ndiff,poly_conn,ptap,pdiff_conn,ntap,Via2
nmos1v_CDNS_7656752519013 ndiff_conn,psubstrate,metal1_conn,cont_ndiff,poly_conn NULL
nmos1v_CDNS_7656752519014 ndiff_conn,psubstrate,metal1_conn,cont_ndiff,poly_conn NULL
nmos1v_CDNS_7656752519015 _nmos1v,ndiff_conn,psubstrate,poly_conn NULL
nmos1v_CDNS_7656752519016 _nmos1v,ndiff_conn,psubstrate,metal1_conn,cont_ndiff,poly_conn NULL
nmos1v_CDNS_7656752519020 _nmos1v,ndiff_conn,cont_pdiff,psubstrate,metal1_conn,cont_ndiff,poly_conn,ptap,pdiff_conn NULL
nmos1v_CDNS_7656752519021 ndiff_conn,psubstrate,poly_conn NULL
nmos1v_CDNS_7656752519022 ndiff_conn,psubstrate,metal1_conn,cont_ndiff,poly_conn NULL
nmos1v_CDNS_7656752519024 ndiff_conn,psubstrate,metal1_conn,cont_ndiff,poly_conn NULL
MASCO__Y1 metal1_conn Via1,metal2_conn
MASCO__Y2 NULL metal3_conn,Via2,metal2_conn
FAdder _nmos1v,psubstrate,nwell_conn,metal1_conn,_pmos1v,poly_conn,metal2_conn ndiff_conn,cont_pdiff,Via1,cont_poly,cont_ndiff,ptap,ntap,pdiff_conn
M4_M3_CDNS_765675251902 metal3_conn,Via3,metal4_conn NULL
M4_M3_CDNS_765675251904 metal3_conn,Via3,metal4_conn NULL
M4_M3_CDNS_765675251905 metal3_conn,Via3,metal4_conn NULL
M1_PO_CDNS_7656752519067 metal1_conn,cont_poly,poly_conn NULL
M1_PO_CDNS_7656752519068 metal1_conn,cont_poly,poly_conn NULL
M1_PO_CDNS_7656752519072 metal1_conn,cont_poly,poly_conn NULL
M1_PO_CDNS_7656752519075 metal1_conn,cont_poly,poly_conn NULL
M1_PO_CDNS_7656752519077 metal1_conn,cont_poly,poly_conn NULL
WallaceProjectMAC _nmos1v,Via5,Via4,metal5_conn,psubstrate,metal3_conn,nwell_conn,Via1,metal1_conn,metal7_conn,_pmos1v,metal6_conn,Via3,metal4_conn,Via2,metal2_conn,Via6 ndiff_conn,cont_pdiff,cont_poly,cont_ndiff,poly_conn,ptap,pdiff_conn,ntap
M5_M4_CDNS_765675251900 Via4,metal5_conn,metal4_conn NULL
M5_M4_CDNS_765675251901 Via4,metal5_conn,metal4_conn NULL
M5_M4_CDNS_765675251903 Via4,metal5_conn,metal4_conn NULL
M5_M4_CDNS_765675251907 Via4,metal5_conn,metal4_conn NULL
M5_M4_CDNS_765675251908 Via4,metal5_conn,metal4_conn NULL
M6_M5_CDNS_7656752519052 Via5,metal5_conn,metal6_conn NULL
M6_M5_CDNS_7656752519053 Via5,metal5_conn,metal6_conn NULL
M6_M5_CDNS_7656752519061 Via5,metal5_conn,metal6_conn NULL
4bit_CLA_logic _nmos1v,metal5_conn,psubstrate,metal3_conn,nwell_conn,metal1_conn,cont_poly,metal7_conn,_pmos1v,metal6_conn,poly_conn,metal4_conn Via5,ndiff_conn,Via4,cont_pdiff,Via1,cont_ndiff,ptap,Via3,ntap,pdiff_conn,Via2,metal2_conn,Via6
M6_M5_CDNS_7656752519066 Via5,metal5_conn,metal6_conn NULL
M7_M6_CDNS_7656752519047 metal7_conn,metal6_conn,Via6 NULL
M6_M5_CDNS_7656752519076 Via5,metal5_conn,metal6_conn NULL
M5_M4_CDNS_7656752519012 Via4,metal5_conn,metal4_conn NULL
M7_M6_CDNS_7656752519051 metal7_conn,metal6_conn,Via6 NULL
M5_M4_CDNS_7656752519018 Via4,metal5_conn,metal4_conn NULL
M6_M5_CDNS_7656752519081 Via5,metal5_conn,metal6_conn NULL
M6_M5_CDNS_7656752519082 Via5,metal5_conn,metal6_conn NULL
M7_M6_CDNS_7656752519060 metal7_conn,metal6_conn,Via6 NULL
M4_M3_CDNS_7656752519010 metal3_conn,Via3,metal4_conn NULL
M4_M3_CDNS_7656752519013 metal3_conn,Via3,metal4_conn NULL
M7_M6_CDNS_7656752519074 metal7_conn,metal6_conn,Via6 NULL
M4_M3_CDNS_7656752519019 metal3_conn,Via3,metal4_conn NULL
HAdder _nmos1v,psubstrate,nwell_conn,metal1_conn,cont_poly,poly_conn,metal2_conn ndiff_conn,cont_pdiff,Via1,cont_ndiff,ptap,ntap,pdiff_conn
pmos1v_CDNS_765675251901 ndiff_conn,cont_pdiff,psubstrate,nwell_conn,metal1_conn,cont_ndiff,poly_conn,pdiff_conn,ntap NULL
pmos1v_CDNS_765675251903 ndiff_conn,cont_pdiff,psubstrate,nwell_conn,metal1_conn,cont_ndiff,poly_conn,pdiff_conn,ntap NULL
pmos1v_CDNS_765675251904 ndiff_conn,cont_pdiff,psubstrate,nwell_conn,metal1_conn,cont_ndiff,poly_conn,pdiff_conn,ntap NULL
M7_M6_CDNS_7656752519080 metal7_conn,metal6_conn,Via6 NULL
pmos1v_CDNS_765675251906 ndiff_conn,cont_pdiff,psubstrate,nwell_conn,metal1_conn,cont_ndiff,poly_conn,pdiff_conn,ntap NULL
nmos1v_CDNS_765675251900 ndiff_conn,cont_pdiff,psubstrate,metal1_conn,cont_ndiff,poly_conn,ptap,pdiff_conn NULL
pmos1v_CDNS_765675251908 cont_pdiff,psubstrate,nwell_conn,metal1_conn,poly_conn,pdiff_conn NULL
M5_M4_CDNS_7656752519045 Via4,metal5_conn,metal4_conn NULL
nmos1v_CDNS_765675251902 ndiff_conn,cont_pdiff,psubstrate,metal1_conn,cont_ndiff,poly_conn,ptap,pdiff_conn NULL
nmos1v_CDNS_765675251905 ndiff_conn,psubstrate,metal1_conn,cont_ndiff,poly_conn NULL
M5_M4_CDNS_7656752519049 Via4,metal5_conn,metal4_conn NULL
nmos1v_CDNS_765675251907 ndiff_conn,cont_pdiff,psubstrate,metal1_conn,cont_ndiff,poly_conn,ptap,pdiff_conn NULL
nmos1v_CDNS_765675251909 _nmos1v,ndiff_conn,psubstrate,metal1_conn,cont_ndiff,poly_conn NULL
M4_M3_CDNS_7656752519030 metal3_conn,Via3,metal4_conn NULL
M3_M2_CDNS_7656752519011 metal3_conn,Via2,metal2_conn NULL
M3_M2_CDNS_7656752519014 metal3_conn,Via2,metal2_conn NULL
M4_M3_CDNS_7656752519036 metal3_conn,Via3,metal4_conn NULL
M3_M2_CDNS_7656752519017 metal3_conn,Via2,metal2_conn NULL
M3_M2_CDNS_7656752519021 metal3_conn,Via2,metal2_conn NULL
M5_M4_CDNS_7656752519062 Via4,metal5_conn,metal4_conn NULL
M4_M3_CDNS_7656752519044 metal3_conn,Via3,metal4_conn NULL
M3_M2_CDNS_7656752519026 metal3_conn,Via2,metal2_conn NULL
M3_M2_CDNS_7656752519027 metal3_conn,Via2,metal2_conn NULL
M3_M2_CDNS_7656752519029 metal3_conn,Via2,metal2_conn NULL
AND psubstrate,metal3_conn,nwell_conn,metal1_conn,poly_conn,metal2_conn ndiff_conn,cont_pdiff,Via1,cont_poly,cont_ndiff,ptap,ntap,pdiff_conn,Via2
M3_M2_CDNS_7656752519031 metal3_conn,Via2,metal2_conn NULL
M3_M2_CDNS_7656752519034 metal3_conn,Via2,metal2_conn NULL
M3_M2_CDNS_7656752519035 metal3_conn,Via2,metal2_conn NULL
M4_M3_CDNS_7656752519056 metal3_conn,Via3,metal4_conn NULL
M3_M2_CDNS_7656752519038 metal3_conn,Via2,metal2_conn NULL
M4_M3_CDNS_7656752519058 metal3_conn,Via3,metal4_conn NULL
M2_M1_CDNS_7656752519020 Via1,metal1_conn,metal2_conn NULL
M2_M1_CDNS_7656752519023 Via1,metal1_conn,metal2_conn NULL
M3_M2_CDNS_7656752519043 metal3_conn,Via2,metal2_conn NULL
M4_M3_CDNS_7656752519063 metal3_conn,Via3,metal4_conn NULL
M2_M1_CDNS_7656752519025 Via1,metal1_conn,metal2_conn NULL
M5_M4_CDNS_7656752519084 Via4,metal5_conn,metal4_conn NULL
M2_M1_CDNS_7656752519028 Via1,metal1_conn,metal2_conn NULL
M3_M2_CDNS_7656752519050 metal3_conn,Via2,metal2_conn NULL
M4_M3_CDNS_7656752519073 metal3_conn,Via3,metal4_conn NULL
M3_M2_CDNS_7656752519054 metal3_conn,Via2,metal2_conn NULL
M2_M1_CDNS_7656752519037 Via1,metal1_conn,metal2_conn NULL
M2_M1_CDNS_7656752519042 Via1,metal1_conn,metal2_conn NULL
M3_M2_CDNS_7656752519064 metal3_conn,Via2,metal2_conn NULL
M2_M1_CDNS_7656752519059 Via1,metal1_conn,metal2_conn NULL
WallaceFinalAdder _nmos1v,psubstrate,metal3_conn,nwell_conn,metal1_conn,_pmos1v,metal6_conn,metal4_conn,metal2_conn Via5,ndiff_conn,Via4,metal5_conn,cont_pdiff,Via1,cont_poly,metal7_conn,cont_ndiff,poly_conn,ptap,Via3,pdiff_conn,ntap,Via2,Via6
M3_M2_CDNS_7656752519083 metal3_conn,Via2,metal2_conn NULL
M2_M1_CDNS_7656752519065 Via1,metal1_conn,metal2_conn NULL
M2_M1_CDNS_7656752519069 Via1,metal1_conn,metal2_conn NULL
M2_M1_CDNS_7656752519071 Via1,metal1_conn,metal2_conn NULL
M2_M1_CDNS_7656752519079 Via1,metal1_conn,metal2_conn NULL
