M1_PO_CDNS_764953504730 metal1_conn,cont_poly,poly_conn NULL
M1_PO_CDNS_764953504733 metal1_conn,cont_poly,poly_conn NULL
pmos1v_CDNS_764953504734 metal1_conn,psubstrate,poly_conn,cont_pdiff,pdiff_conn,nwell_conn NULL
pmos1v_CDNS_764953504735 metal1_conn,psubstrate,poly_conn,cont_pdiff,pdiff_conn,nwell_conn NULL
pmos1v_CDNS_764953504737 metal1_conn,psubstrate,poly_conn,cont_pdiff,pdiff_conn,_pmos1v,nwell_conn NULL
nmos1v_CDNS_764953504730 metal1_conn,cont_ndiff,psubstrate,ndiff_conn,poly_conn,_nmos1v,cont_pdiff,ptap,pdiff_conn NULL
pmos1v_CDNS_764953504738 metal1_conn,psubstrate,poly_conn,cont_pdiff,pdiff_conn,_pmos1v,nwell_conn NULL
pmos1v_CDNS_764953504739 metal1_conn,cont_ndiff,psubstrate,ndiff_conn,poly_conn,cont_pdiff,pdiff_conn,_pmos1v,nwell_conn,ntap NULL
nmos1v_CDNS_764953504732 metal1_conn,cont_ndiff,psubstrate,ndiff_conn,poly_conn NULL
nmos1v_CDNS_764953504733 metal1_conn,cont_ndiff,psubstrate,ndiff_conn,poly_conn NULL
nmos1v_CDNS_764953504736 metal1_conn,cont_ndiff,psubstrate,ndiff_conn,poly_conn,_nmos1v NULL
FAdder metal2_conn,metal1_conn,psubstrate,ndiff_conn,poly_conn,_nmos1v,_pmos1v,Via1,nwell_conn cont_ndiff,cont_poly,cont_pdiff,ptap,pdiff_conn,ntap
pmos1v_CDNS_7649535047310 metal1_conn,psubstrate,poly_conn,cont_pdiff,pdiff_conn,_pmos1v,nwell_conn NULL
M2_M1_CDNS_764953504731 metal2_conn,metal1_conn,Via1 NULL
M2_M1_CDNS_764953504732 metal2_conn,metal1_conn,Via1 NULL
M2_M1_CDNS_764953504735 metal2_conn,metal1_conn,Via1 NULL
