INFO (LBRCXU-108): Starting

 runUserCmd /package/eda/cadence/IC231.11/bin/qrcToDfII -extract both -run_name NAND -cdlout_run_dir /home/ecegridfs/a/559mg81/pvs -check_cell_view TRUE -device_finger_delimiter @ -extracted_view av_extracted -lvs_source agds -cap_models no -capacitor pcapacitor -res_models no -resistor presistor -cap_prop_name c -res_prop_name r -transfer_net_expression TRUE -t -extview_tmp /home/ecegridfs/a/559mg81/pvs/svdb/NAND/extview.tmp -run_dir /home/ecegridfs/a/559mg81/pvs/svdb/NAND -cdslib /home/ecegridfs/a/559mg81/cds.lib -lib_name tutorial -cell_name NAND -view_name layout -extview_rul /package/eda/cadence/gpdk045/gpdk045_v_6_0/pvs/extview.rul -server /package/eda2/cadence/QUANTUS2311/tools/extraction/bin/64bit/../shapeServer
Virtuoso Framework License (111) was checked out successfully. Total checkout time was 0.03s.
device        g45n1svt  M          _nmos1v          nmos1v  ivpcell     gpdk045  D G S B
Loading gpdk045/libInit.il ...
	Loading gpdk045/loadCxt.ile ... done!
	Loading context 'gpdk045' from library 'gpdk045' ... done!
	Loading context 'pdkUtils' from library 'gpdk045' ... done!
	Loading gpdk045/gpdk045_customFilter.il ... done!
	Loading gpdk045/libInitCustomExit.il ... 
	Loading Environment Settings ...
	Loading gpdk045/gpdk045_PDKRegistrations.il ... done!

  *************************************************************           
  *              Cadence Design Systems, Inc.                 *           
  *                                                           *           
  *                    Generic 45nm PDK                       *           
  *                        (gpdk045)                          *           
  *                                                           *           
  *************************************************************           
	

	VERSION: 6.0 (09-September-2019)

done!
Loaded gpdk045/libInit.il successfully!
device        g45n1hvt  M      _nmos1v_hvt      nmos1v_hvt  ivpcell     gpdk045  D G S B
device        g45n1lvt  M      _nmos1v_lvt      nmos1v_lvt  ivpcell     gpdk045  D G S B
device        g45n1nvt  M  _nmos_12_native      nmos1v_nat  ivpcell     gpdk045  D G S B
device        g45n2svt  M         _nmos_25          nmos2v  ivpcell     gpdk045  D G S B
device        g45n2nvt  M  _nmos_25_native      nmos2v_nat  ivpcell     gpdk045  D G S B
device        g45ncap1  M       _nmoscap1v       nmoscap1v  ivpcell     gpdk045  D G S B
device        g45ncap2  M       _nmoscap2v       nmoscap2v  ivpcell     gpdk045  D G S B
device        g45p1svt  M          _pmos1v          pmos1v  ivpcell     gpdk045  D G S B
device        g45p1hvt  M      _pmos1v_hvt      pmos1v_hvt  ivpcell     gpdk045  D G S B
device        g45p1lvt  M      _pmos1v_lvt      pmos1v_lvt  ivpcell     gpdk045  D G S B
device        g45p2svt  M          _pmos2v          pmos2v  ivpcell     gpdk045  D G S B
device        g45pcap1  M       _pmoscap1v       pmoscap1v  ivpcell     gpdk045  D G S B
device        g45pcap2  M       _pmoscap2v       pmoscap2v  ivpcell     gpdk045  D G S B
device          g45rm1  R           _resm1           resm1  ivpcell     gpdk045  PLUS MINUS
device          g45rm2  R           _resm2           resm2  ivpcell     gpdk045  PLUS MINUS
device          g45rm3  R           _resm3           resm3  ivpcell     gpdk045  PLUS MINUS
device          g45rm4  R           _resm4           resm4  ivpcell     gpdk045  PLUS MINUS
device          g45rm5  R           _resm5           resm5  ivpcell     gpdk045  PLUS MINUS
device          g45rm6  R           _resm6           resm6  ivpcell     gpdk045  PLUS MINUS
device          g45rm7  R           _resm7           resm7  ivpcell     gpdk045  PLUS MINUS
device          g45rm8  R           _resm8           resm8  ivpcell     gpdk045  PLUS MINUS
device          g45rm9  R           _resm9           resm9  ivpcell     gpdk045  PLUS MINUS
device         g45rm10  R          _resm10          resm10  ivpcell     gpdk045  PLUS MINUS
device         g45rm11  R          _resm11          resm11  ivpcell     gpdk045  PLUS MINUS
device         g45rsnd  R       _ressndiff       ressndiff  ivpcell     gpdk045  PLUS MINUS B
device        g45rnsnd  R      _resnsndiff      resnsndiff  ivpcell     gpdk045  PLUS MINUS B
device         g45rsnp  R       _ressnpoly       ressnpoly  ivpcell     gpdk045  PLUS MINUS B
device         g45rsnp  R    _ressnpoly_nw       ressnpoly  ivpcell     gpdk045  PLUS MINUS B
device        g45rnsnp  R      _resnsnpoly      resnsnpoly  ivpcell     gpdk045  PLUS MINUS B
device        g45rnsnp  R   _resnsnpoly_nw      resnsnpoly  ivpcell     gpdk045  PLUS MINUS B
device         g45rspd  R       _resspdiff       resspdiff  ivpcell     gpdk045  PLUS MINUS B
device        g45rnspd  R      _resnspdiff      resnspdiff  ivpcell     gpdk045  PLUS MINUS B
device         g45rspp  R       _ressppoly       ressppoly  ivpcell     gpdk045  PLUS MINUS B
device         g45rspp  R    _ressppoly_nw       ressppoly  ivpcell     gpdk045  PLUS MINUS B
device        g45rnspp  R      _resnsppoly      resnsppoly  ivpcell     gpdk045  PLUS MINUS B
device        g45rnspp  R   _resnsppoly_nw      resnsppoly  ivpcell     gpdk045  PLUS MINUS B
device         g45rnws  R        _resnwsti        resnwsti  ivpcell     gpdk045  PLUS MINUS B
device         g45rnwo  R      _resnwoxide      resnwoxide  ivpcell     gpdk045  PLUS MINUS B
device       g45nd1svt  D            _ndio            ndio  ivpcell     gpdk045  PLUS MINUS
device       g45nd1lvt  D        _ndio_lvt        ndio_lvt  ivpcell     gpdk045  PLUS MINUS
device       g45nd1hvt  D        _ndio_hvt        ndio_hvt  ivpcell     gpdk045  PLUS MINUS
device       g45nd1nvt  D        _ndio_nvt        ndio_nvt  ivpcell     gpdk045  PLUS MINUS
device       g45nd2svt  D         _ndio_2v         ndio_2v  ivpcell     gpdk045  PLUS MINUS
device       g45nd2nvt  D     _ndio_2v_nvt     ndio_2v_nvt  ivpcell     gpdk045  PLUS MINUS
device       g45pd1svt  D            _pdio            pdio  ivpcell     gpdk045  PLUS MINUS
device       g45pd1lvt  D        _pdio_lvt        pdio_lvt  ivpcell     gpdk045  PLUS MINUS
device       g45pd1hvt  D        _pdio_hvt        pdio_hvt  ivpcell     gpdk045  PLUS MINUS
device       g45pd2svt  D         _pdio_2v         pdio_2v  ivpcell     gpdk045  PLUS MINUS
device        g45vpnp2  Q           _vpnp2           vpnp2  ivpcell     gpdk045  C B E
device        g45vpnp5  Q           _vpnp5           vpnp5  ivpcell     gpdk045  C B E
device       g45vpnp10  Q          _vpnp10          vpnp10  ivpcell     gpdk045  C B E
device        g45vnpn2  Q            _npn2            npn2  ivpcell     gpdk045  C B E
device        g45vnpn5  Q            _npn5            npn5  ivpcell     gpdk045  C B E
device       g45vnpn10  Q           _npn10           npn10  ivpcell     gpdk045  C B E
device         g45cmim  C          _mimcap          mimcap  ivpcell     gpdk045  PLUS MINUS B
device         g45inda  X           _ind_a           ind_a  ivpcell     gpdk045  PLUS MINUS B
device         g45inds  X           _ind_s           ind_s  ivpcell     gpdk045  PLUS MINUS B

All device symbols for the extracted view are present.

INFO (LBRCXM-612): Done Executing :runUserCmd

INFO (LBRCXM-642): Constructing the RCX run script

Forking: agdsPrep -V -rundir /home/ecegridfs/a/559mg81/pvs/svdb -agf /home/ecegridfs/a/559mg81/pvs/svdb/NAND.agf -outdir /home/ecegridfs/a/559mg81/pvs/svdb/NAND// -sch -df2 -e /home/ecegridfs/a/559mg81/pvs/svdb/NAND.gds.map:NAND.alm,NAND.ilf -pl NAND.ports -mcell /home/ecegridfs/a/559mg81/pvs/svdb/NAND/NAND.hcl -d NAND.devtab -l /home/ecegridfs/a/559mg81/pvs/svdb/NAND.lvsfile -i NAND.ixf,NAND.lph,NAND.sph:NAND.gdx -n NAND.nxf,NAND.stl:NAND.gnx -s NAND_pin_xy.spi:NAND.xcn,hccidtmfile

agdsPrep took  0.01 user, 0.03 sys, 0.00 elapsed, 15856.0 kbytes
Forking:  capgen -techdir /package/eda/cadence/gpdk045/gpdk045_v_6_0/qrc/typical -inc /home/ecegridfs/a/559mg81/pvs/svdb/NAND/NAND.ilf -lvs /home/ecegridfs/a/559mg81/pvs/svdb/NAND/NAND.xcn -lvsvia -p2lvs /package/eda/cadence/gpdk045/gpdk045_v_6_0/qrc/typical/qrcTechFile -reseqn -sw3d -p poly_conn,allGate,Oxide -canonical_res_caps -length_units meters -exclude_gate_res -cap_ground_layer psubstrate /home/ecegridfs/a/559mg81/pvs/svdb/NAND

INFO (LBMISC-215205): 
*** Cadence Quantus Extraction Techgen -trans VERSION 23.1.1 Linux 64 bit - (Thu Nov 14 23:58:04 PST 2024)  ***


INFO (CAPGEN-41199): 


Techgen -trans results will be written to directory: /home/ecegridfs/a/559mg81/pvs/svdb/NAND

/home/ecegridfs/a/559mg81/pvs/svdb/NAND/rcx_temp/tTWF0205085LHO5C
INFO (CAPGEN-41737): Lvs connect layers Bondpad CapMetal Nburied ind10 ind11 ind_ct npn_emit pnp_emit are not mapped in layer_setup file

INFO (CAPGEN-41809):  Lvs connect via bp_tap ind_via_diva via10_nodev ptap ntap nb_tap are not mapped in layer_setup file.

INFO (RCXSPIC-28057): RCXspice: unrecognized variable 'LVSNAMES' in file '/home/ecegridfs/a/559mg81/pvs/svdb/NAND/RCXspiceINIT'

INFO (RCXSPIC-28057): RCXspice: unrecognized variable 'QRCNAMES' in file '/home/ecegridfs/a/559mg81/pvs/svdb/NAND/RCXspiceINIT'

rcxspice took  0.66 user, 0.22 sys, 1.00 elapsed, 104076.0 kbytes
The supplied design data will be treated as a HIERARCHICAL design

Successfully created RCX script '/home/ecegridfs/a/559mg81/pvs/svdb/NAND/rcx.sh'
INFO (LBRCXM-581): Checked out '1' license(s) of QTS300 23.10

INFO (LBRCXM-608): Executing command
   /package/eda2/cadence/QUANTUS2311/tools/extraction/bin/64bit/assura_rcx -V  /home/ecegridfs/a/559mg81/pvs/svdb/NAND/rcx.sh


     ***    assura_rcx VERSION 23.1.1 Linux 64 bit - (Thu Nov 14 23:58:04 PST 2024)    ***


	***************************************************
	*			  			  *
	* Copyright (c) 2025 Cadence Design Systems, Inc. *
	*		All Rights Reserved		  *
	*			  			  *
	*	  THIS IS UNPUBLISHED PROPRIETARY	  *
	*  INFORMATION OF Cadence Design Systems, Inc. 	  *
	*	   THE COPYRIGHT NOTICE DOES NOT	  *
	*	       EVIDENCE PUBLICATION		  *
	*			  			  *
	***************************************************
INFO (ASSREXT-35013): 

* caps2d version: 10
ENDCAT
meters
ENDCAT
agds2rcx -np 1 -V -H satfile -r /home/ecegridfs/a/559mg81/pvs/svdb/NAND/NAND.xcn -split_float_exclude_layers ndiff_0conn,pdiff_0conn,nwell_0conn,psubstrate -crundir /home/ecegridfs/a/559mg81/pvs/svdb -unit meters -df2 -xgl -pl NAND.ports -f NAND.alm -lnn NAND.lnn -pnet 5 -pinst 6 -pdev 7 NAND.agf NAND_pin_xy.spi 
WARNING (AGDSEXT-30124): The <design>.props file is not available. The CCL option "input_db calibre/pvs/pegasus -device_properties_file <filename>" can be used to specify the .props file. 

	***************************************************
	*			  			  *
	* Copyright (c) 2025 Cadence Design Systems, Inc. *
	*		All Rights Reserved		  *
	*			  			  *
	*	  THIS IS UNPUBLISHED PROPRIETARY	  *
	*  INFORMATION OF Cadence Design Systems, Inc. 	  *
	*	   THE COPYRIGHT NOTICE DOES NOT	  *
	*	       EVIDENCE PUBLICATION		  *
	*			  			  *
	***************************************************
INFO (AGDSEXT-30016): 
setting dbunit 5e-10 1 5e-10

agds2rcx took 0.01 user, 0.15 sys, 0.00 elapsed, 19008.0 kbytes
Input stage took  0.03 user, 0.16 sys, 0.00 elapsed, 5756.0 kbytes
INFO (ASSREXT-35329): Resistance data preparation stage started at Mon Sep 22 16:56:40 2025

sip -V -cgnd ${CAP_GROUND} -s -o -sub 2 -mlc poly_conn,metal1_conn -er \
	metal2_conn.den -n 1.4 -i 0,1.401 -b metal1_conn,poly_conn,Oxide,FOX \
	-t \
	metal3_conn,metal4_conn,metal5_conn,metal6_conn,metal7_conn,metal8_conn,metal9_conn,metal10_conn,metal11_conn \
	-j 0.08 -Maxw 1.8 -p metal2_conn,key 0,1.4 - metal2_conn.sip
sip -V -cgnd ${CAP_GROUND} -s -o -sub 2 -mlc metal1_conn,metal2_conn -er \
	metal3_conn.den -n 1.75 -i 0,1.751 -b \
	metal2_conn,metal1_conn,poly_conn,Oxide,FOX -t \
	metal4_conn,metal5_conn,metal6_conn,metal7_conn,metal8_conn,metal9_conn,metal10_conn,metal11_conn \
	-j 0.08 -Maxw 1.8 -p metal3_conn,key 0,1.75 - metal3_conn.sip
sip -V -cgnd ${CAP_GROUND} -s -o -sub 2 -mlc metal2_conn,metal3_conn -er \
	metal4_conn.den -n 1.75 -i 0,1.751 -b \
	metal3_conn,metal2_conn,metal1_conn,poly_conn,Oxide,FOX -t \
	metal5_conn,metal6_conn,metal7_conn,metal8_conn,metal9_conn,metal10_conn,metal11_conn \
	-j 0.08 -Maxw 1.8 -p metal4_conn,key 0,1.75 - metal4_conn.sip
sip -V -cgnd ${CAP_GROUND} -s -o -sub 2 -mlc metal3_conn,metal4_conn -er \
	metal5_conn.den -n 1.75 -i 0,1.751 -b \
	metal4_conn,metal3_conn,metal2_conn,metal1_conn,poly_conn,Oxide,FOX \
	-t \
	metal6_conn,metal7_conn,metal8_conn,metal9_conn,metal10_conn,metal11_conn \
	-j 0.08 -Maxw 1.8 -p metal5_conn,key 0,1.75 - metal5_conn.sip
sip -V -cgnd ${CAP_GROUND} -s -o -sub 2 -mlc metal4_conn,metal5_conn -er \
	metal6_conn.den -n 1.75 -i 0,1.751 -b \
	metal5_conn,metal4_conn,metal3_conn,metal2_conn,metal1_conn,poly_conn,Oxide,FOX \
	-t metal7_conn,metal8_conn,metal9_conn,metal10_conn,metal11_conn -j \
	0.08 -Maxw 1.8 -p metal6_conn,key 0,1.75 - metal6_conn.sip
sip -V -cgnd ${CAP_GROUND} -s -o -sub 2 -mlc metal5_conn,metal6_conn -er \
	metal7_conn.den -n 1.75 -i 0,1.751 -b \
	metal6_conn,metal5_conn,metal4_conn,metal3_conn,metal2_conn,metal1_conn,poly_conn,Oxide,FOX \
	-t metal8_conn,metal9_conn,metal10_conn,metal11_conn -j 0.08 -Maxw \
	1.8 -p metal7_conn,key 0,1.75 - metal7_conn.sip
sip -V -cgnd ${CAP_GROUND} -s -o -sub 2 -mlc metal6_conn,metal7_conn -er \
	metal8_conn.den -n 1.75 -i 0,1.751 -b \
	metal7_conn,metal6_conn,metal5_conn,metal4_conn,metal3_conn,metal2_conn,metal1_conn,poly_conn,Oxide,FOX \
	-t metal9_conn,metal10_conn,metal11_conn -j 0.08 -Maxw 1.8 -p \
	metal8_conn,key 0,1.75 - metal8_conn.sip
sip -V -cgnd ${CAP_GROUND} -s -o -sub 2 -mlc metal7_conn,metal8_conn -er \
	metal9_conn.den -n 1.75 -i 0,1.751 -b \
	metal8_conn,metal7_conn,metal6_conn,metal5_conn,metal4_conn,metal3_conn,metal2_conn,metal1_conn,poly_conn,Oxide,FOX \
	-t metal10_conn,metal11_conn -j 0.08 -Maxw 1.8 -p metal9_conn,key \
	0,1.75 - metal9_conn.sip
sip -V -cgnd ${CAP_GROUND} -s -o -sub 2 -mlc metal8_conn,metal9_conn -er \
	metal10_conn.den -n 5 -i 0,5.001 -b \
	metal9_conn,metal8_conn,metal7_conn,metal6_conn,metal5_conn,metal4_conn,metal3_conn,metal2_conn,metal1_conn,poly_conn,Oxide,FOX \
	-t metal11_conn -j 0.22 -Maxw 4.95 -p metal10_conn,key 0,5 - \
	metal10_conn.sip
sip -V -cgnd ${CAP_GROUND} -s -o -sub 2 -mlc metal9_conn,metal10_conn -n 5 -i \
	0,5.001 -b \
	metal10_conn,metal9_conn,metal8_conn,metal7_conn,metal6_conn,metal5_conn,metal4_conn,metal3_conn,metal2_conn,metal1_conn,poly_conn,Oxide,FOX \
	-j 0.22 -Maxw 4.95 -p metal11_conn,key 0,5 - metal11_conn.sip
sip -V -cgnd ${CAP_GROUND} -s -o -sub 2 -cp poly_conn,allGate,Oxide -n 0.6 -i \
	0,0.601 -b Oxide,FOX -t \
	metal1_conn,metal2_conn,metal3_conn,metal4_conn,metal5_conn,metal6_conn,metal7_conn,metal8_conn,metal9_conn,metal10_conn,metal11_conn \
	-j 0.045 -Maxw 1.0125 -p poly_conn,key 0,0.6 - poly_conn.sip
sip -V -cgnd ${CAP_GROUND} -s -o -sub 2 -mlc poly_conn -er metal1_conn.den -n \
	1.2 -i 0,1.201 -b poly_conn,Oxide,FOX -t \
	metal2_conn,metal3_conn,metal4_conn,metal5_conn,metal6_conn,metal7_conn,metal8_conn,metal9_conn,metal10_conn,metal11_conn \
	-j 0.06 -Maxw 1.35 -p metal1_conn,key 0,1.2 - metal1_conn.sip
sip -V -s -cgnd ${CAP_GROUND} -sub 2 -L3A -h -b \
	metal9_conn,metal8_conn,metal7_conn,metal6_conn,metal5_conn,metal4_conn,metal3_conn,metal2_conn,metal1_conn,poly_conn,Oxide,FOX \
	-Maxw 4.95 -p metal10_conn,key,metal11_conn,key 0,5,0 - \
	metal10_conn_metal11_conn.sip
sip -V -s -cgnd ${CAP_GROUND} -sub 2 -L3A -h -R metal11_conn -b \
	metal8_conn,metal7_conn,metal6_conn,metal5_conn,metal4_conn,metal3_conn,metal2_conn,metal1_conn,poly_conn,Oxide,FOX \
	-Maxw 4.95 -p metal9_conn,key,metal11_conn,key 0,5,0 - \
	metal9_conn_metal11_conn.sip
sip -V -s -cgnd ${CAP_GROUND} -sub 2 -h -b \
	metal8_conn,metal7_conn,metal6_conn,metal5_conn,metal4_conn,metal3_conn,metal2_conn,metal1_conn,poly_conn,Oxide,FOX \
	-t metal11_conn -Maxw 4.95 -p metal9_conn,key,metal10_conn,key 0,5,0 \
	- metal9_conn_metal10_conn.sip
sip -V -s -cgnd ${CAP_GROUND} -sub 2 -L3A -h -R metal10_conn -b \
	metal7_conn,metal6_conn,metal5_conn,metal4_conn,metal3_conn,metal2_conn,metal1_conn,poly_conn,Oxide,FOX \
	-t metal11_conn -Maxw 4.95 -p metal8_conn,key,metal10_conn,key 0,5,0 \
	- metal8_conn_metal10_conn.sip
sip -V -s -cgnd ${CAP_GROUND} -sub 2 -h -b \
	metal7_conn,metal6_conn,metal5_conn,metal4_conn,metal3_conn,metal2_conn,metal1_conn,poly_conn,Oxide,FOX \
	-t metal10_conn,metal11_conn -Maxw 1.8 -p \
	metal8_conn,key,metal9_conn,key 0,1.75,0 - \
	metal8_conn_metal9_conn.sip
sip -V -s -cgnd ${CAP_GROUND} -sub 2 -L3A -h -R metal9_conn -b \
	metal6_conn,metal5_conn,metal4_conn,metal3_conn,metal2_conn,metal1_conn,poly_conn,Oxide,FOX \
	-t metal10_conn,metal11_conn -Maxw 1.8 -p \
	metal7_conn,key,metal9_conn,key 0,1.75,0 - \
	metal7_conn_metal9_conn.sip
sip -V -s -cgnd ${CAP_GROUND} -sub 2 -h -b \
	metal6_conn,metal5_conn,metal4_conn,metal3_conn,metal2_conn,metal1_conn,poly_conn,Oxide,FOX \
	-t metal9_conn,metal10_conn,metal11_conn -Maxw 1.8 -p \
	metal7_conn,key,metal8_conn,key 0,1.75,0 - \
	metal7_conn_metal8_conn.sip
sip -V -s -cgnd ${CAP_GROUND} -sub 2 -L3A -h -R metal8_conn -b \
	metal5_conn,metal4_conn,metal3_conn,metal2_conn,metal1_conn,poly_conn,Oxide,FOX \
	-t metal9_conn,metal10_conn,metal11_conn -Maxw 1.8 -p \
	metal6_conn,key,metal8_conn,key 0,1.75,0 - \
	metal6_conn_metal8_conn.sip
sip -V -s -cgnd ${CAP_GROUND} -sub 2 -h -b \
	metal5_conn,metal4_conn,metal3_conn,metal2_conn,metal1_conn,poly_conn,Oxide,FOX \
	-t metal8_conn,metal9_conn,metal10_conn,metal11_conn -Maxw 1.8 -p \
	metal6_conn,key,metal7_conn,key 0,1.75,0 - \
	metal6_conn_metal7_conn.sip
sip -V -s -cgnd ${CAP_GROUND} -sub 2 -L3A -h -R metal7_conn -b \
	metal4_conn,metal3_conn,metal2_conn,metal1_conn,poly_conn,Oxide,FOX \
	-t metal8_conn,metal9_conn,metal10_conn,metal11_conn -Maxw 1.8 -p \
	metal5_conn,key,metal7_conn,key 0,1.75,0 - \
	metal5_conn_metal7_conn.sip
sip -V -s -cgnd ${CAP_GROUND} -sub 2 -h -b \
	metal4_conn,metal3_conn,metal2_conn,metal1_conn,poly_conn,Oxide,FOX \
	-t metal7_conn,metal8_conn,metal9_conn,metal10_conn,metal11_conn \
	-Maxw 1.8 -p metal5_conn,key,metal6_conn,key 0,1.75,0 - \
	metal5_conn_metal6_conn.sip
sip -V -s -cgnd ${CAP_GROUND} -sub 2 -L3A -h -R metal6_conn -b \
	metal3_conn,metal2_conn,metal1_conn,poly_conn,Oxide,FOX -t \
	metal7_conn,metal8_conn,metal9_conn,metal10_conn,metal11_conn -Maxw \
	1.8 -p metal4_conn,key,metal6_conn,key 0,1.75,0 - \
	metal4_conn_metal6_conn.sip
sip -V -s -cgnd ${CAP_GROUND} -sub 2 -h -b \
	metal3_conn,metal2_conn,metal1_conn,poly_conn,Oxide,FOX -t \
	metal6_conn,metal7_conn,metal8_conn,metal9_conn,metal10_conn,metal11_conn \
	-Maxw 1.8 -p metal4_conn,key,metal5_conn,key 0,1.75,0 - \
	metal4_conn_metal5_conn.sip
sip -V -s -cgnd ${CAP_GROUND} -sub 2 -L3A -h -R metal5_conn -b \
	metal2_conn,metal1_conn,poly_conn,Oxide,FOX -t \
	metal6_conn,metal7_conn,metal8_conn,metal9_conn,metal10_conn,metal11_conn \
	-Maxw 1.8 -p metal3_conn,key,metal5_conn,key 0,1.75,0 - \
	metal3_conn_metal5_conn.sip
sip -V -s -cgnd ${CAP_GROUND} -sub 2 -h -b \
	metal2_conn,metal1_conn,poly_conn,Oxide,FOX -t \
	metal5_conn,metal6_conn,metal7_conn,metal8_conn,metal9_conn,metal10_conn,metal11_conn \
	-Maxw 1.8 -p metal3_conn,key,metal4_conn,key 0,1.75,0 - \
	metal3_conn_metal4_conn.sip
sip -V -s -cgnd ${CAP_GROUND} -sub 2 -L3A -h -R metal4_conn -b \
	metal1_conn,poly_conn,Oxide,FOX -t \
	metal5_conn,metal6_conn,metal7_conn,metal8_conn,metal9_conn,metal10_conn,metal11_conn \
	-Maxw 1.8 -p metal2_conn,key,metal4_conn,key 0,1.75,0 - \
	metal2_conn_metal4_conn.sip
sip -V -s -cgnd ${CAP_GROUND} -sub 2 -h -b metal1_conn,poly_conn,Oxide,FOX -t \
	metal4_conn,metal5_conn,metal6_conn,metal7_conn,metal8_conn,metal9_conn,metal10_conn,metal11_conn \
	-Maxw 1.8 -p metal2_conn,key,metal3_conn,key 0,1.75,0 - \
	metal2_conn_metal3_conn.sip
sip -V -s -cgnd ${CAP_GROUND} -sub 2 -L3A -h -R metal3_conn -b \
	poly_conn,Oxide,FOX -t \
	metal4_conn,metal5_conn,metal6_conn,metal7_conn,metal8_conn,metal9_conn,metal10_conn,metal11_conn \
	-Maxw 1.8 -p metal1_conn:metal1_conn_cut,key,metal3_conn,key 0,1.75,0 \
	- metal1_conn_metal3_conn.sip
sip -V -s -cgnd ${CAP_GROUND} -sub 2 -h -b poly_conn,Oxide,FOX -t \
	metal3_conn,metal4_conn,metal5_conn,metal6_conn,metal7_conn,metal8_conn,metal9_conn,metal10_conn,metal11_conn \
	-Maxw 1.8 -p metal1_conn:metal1_conn_cut,key,metal2_conn,key 0,1.4,0 \
	- metal1_conn_metal2_conn.sip
sip -V -s -cgnd ${CAP_GROUND} -sub 2 -L3A -h -R metal2_conn -b Oxide,FOX -t \
	metal3_conn,metal4_conn,metal5_conn,metal6_conn,metal7_conn,metal8_conn,metal9_conn,metal10_conn,metal11_conn \
	-k metal1_conn:0.15 -Maxw 1.8 -p \
	poly_conn:poly_conn_cut,key,metal2_conn,key 0,1.4,0 - \
	poly_conn_metal2_conn.sip
sip -V -s -cgnd ${CAP_GROUND} -sub 2 -h -R metal1_conn,poly_conn -b Oxide,FOX \
	-t \
	metal2_conn,metal3_conn,metal4_conn,metal5_conn,metal6_conn,metal7_conn,metal8_conn,metal9_conn,metal10_conn,metal11_conn \
	-Maxw 1.35 -p \
	poly_conn:poly_conn_cut,key,metal1_conn:metal1_conn_cut,key 0,1.2,0 - \
	poly_conn_metal1_conn.sip
sw3d -V -cgnd ${CAP_GROUND} -sub 2 -b \
	metal9_conn,metal8_conn,metal7_conn,metal6_conn,metal5_conn,metal4_conn,metal3_conn,metal2_conn,metal1_conn,poly_conn,Oxide,FOX \
	-p metal10_conn,metal11_conn - metal10_conn_metal11_conn.sw3d
sw3d -V -cgnd ${CAP_GROUND} -sub 2 -b \
	metal8_conn,metal7_conn,metal6_conn,metal5_conn,metal4_conn,metal3_conn,metal2_conn,metal1_conn,poly_conn,Oxide,FOX \
	-t metal11_conn -p metal9_conn,metal10_conn - \
	metal9_conn_metal10_conn.sw3d
sw3d -V -cgnd ${CAP_GROUND} -sub 2 -b \
	metal7_conn,metal6_conn,metal5_conn,metal4_conn,metal3_conn,metal2_conn,metal1_conn,poly_conn,Oxide,FOX \
	-t metal10_conn,metal11_conn -p metal8_conn,metal9_conn - \
	metal8_conn_metal9_conn.sw3d
sw3d -V -cgnd ${CAP_GROUND} -sub 2 -b \
	metal6_conn,metal5_conn,metal4_conn,metal3_conn,metal2_conn,metal1_conn,poly_conn,Oxide,FOX \
	-t metal9_conn,metal10_conn,metal11_conn -p metal7_conn,metal8_conn - \
	metal7_conn_metal8_conn.sw3d
sw3d -V -cgnd ${CAP_GROUND} -sub 2 -b \
	metal5_conn,metal4_conn,metal3_conn,metal2_conn,metal1_conn,poly_conn,Oxide,FOX \
	-t metal8_conn,metal9_conn,metal10_conn,metal11_conn -p \
	metal6_conn,metal7_conn - metal6_conn_metal7_conn.sw3d
sw3d -V -cgnd ${CAP_GROUND} -sub 2 -b \
	metal4_conn,metal3_conn,metal2_conn,metal1_conn,poly_conn,Oxide,FOX \
	-t metal7_conn,metal8_conn,metal9_conn,metal10_conn,metal11_conn -p \
	metal5_conn,metal6_conn - metal5_conn_metal6_conn.sw3d
sw3d -V -cgnd ${CAP_GROUND} -sub 2 -b \
	metal3_conn,metal2_conn,metal1_conn,poly_conn,Oxide,FOX -t \
	metal6_conn,metal7_conn,metal8_conn,metal9_conn,metal10_conn,metal11_conn \
	-p metal4_conn,metal5_conn - metal4_conn_metal5_conn.sw3d
sw3d -V -cgnd ${CAP_GROUND} -sub 2 -b \
	metal2_conn,metal1_conn,poly_conn,Oxide,FOX -t \
	metal5_conn,metal6_conn,metal7_conn,metal8_conn,metal9_conn,metal10_conn,metal11_conn \
	-p metal3_conn,metal4_conn - metal3_conn_metal4_conn.sw3d
sw3d -V -cgnd ${CAP_GROUND} -sub 2 -b metal1_conn,poly_conn,Oxide,FOX -t \
	metal4_conn,metal5_conn,metal6_conn,metal7_conn,metal8_conn,metal9_conn,metal10_conn,metal11_conn \
	-p metal2_conn,metal3_conn - metal2_conn_metal3_conn.sw3d
sw3d -V -cgnd ${CAP_GROUND} -sub 2 -b poly_conn,Oxide,FOX -t \
	metal3_conn,metal4_conn,metal5_conn,metal6_conn,metal7_conn,metal8_conn,metal9_conn,metal10_conn,metal11_conn \
	-p metal1_conn:metal1_conn_cut,metal2_conn - \
	metal1_conn_metal2_conn.sw3d
sw3d -V -cgnd ${CAP_GROUND} -sub 2 -b Oxide,FOX -t \
	metal2_conn,metal3_conn,metal4_conn,metal5_conn,metal6_conn,metal7_conn,metal8_conn,metal9_conn,metal10_conn,metal11_conn \
	-p poly_conn:poly_conn_cut,metal1_conn:metal1_conn_cut - \
	poly_conn_metal1_conn.sw3d
ENDCAT
FOX psubstrate nwell_0conn
metal2_conn metal2_conn
metal3_conn metal3_conn
metal4_conn metal4_conn
metal5_conn metal5_conn
metal6_conn metal6_conn
metal7_conn metal7_conn
metal8_conn metal8_conn
metal9_conn metal9_conn
metal10_conn metal10_conn
metal11_conn metal11_conn
Oxide np_rpdiff_0conn p_rpdiff_0conn np_rndiff_0conn p_rndiff_0conn
cont_0pdiff cont_0pdiff_metal1_0conn_pdiff_0conn
cont_0ndiff cont_0ndiff_metal1_0conn_ndiff_0conn
metal1_0conn np_rmetal1_0conn p_rmetal1_0conn
poly_0conn np_rpoly_0conn p_rpoly_0conn
ndiff_0conn np_rndiff_0conn p_rndiff_0conn
pdiff_0conn np_rpdiff_0conn p_rpdiff_0conn
nwell_0conn np_rnwell_0conn p_rnwell_0conn
psubstrate psubstrate
cont_0poly np_rcont_0poly p_rcont_0poly
ptap ptap
ntap ntap
ENDCAT
INFO (ASSREXT-35304): 
Number of tasks to begin with are 189 

INFO (ASSREXT-35329): Resistance data preparation stage started at Mon Sep 22 16:56:40 2025

geom -V cont_0poly metal1_0conn poly_0conn - cont_0poly,111,i,2 
INFO (ASSREXT-35316): ****** For command L210 on processor #1:

  geom took  0.00 user, 0.00 sys, 0.00 elapsed, 7068.0 kbytes
 INFO (ASSREXT-35321): *** Command L210 'geom' finished on processor #1

INFO (ASSREXT-35323): tasks left are 188 

geom -V cont_0pdiff metal1_0conn pdiff_0conn - cont_0pdiff_metal1_0conn_pdiff_0conn,111,i,2 
INFO (ASSREXT-35316): ****** For command L211 on processor #1:

  geom took  0.00 user, 0.00 sys, 0.00 elapsed, 7016.0 kbytes
 INFO (ASSREXT-35321): *** Command L211 'geom' finished on processor #1

INFO (ASSREXT-35323): tasks left are 187 

geom -V cont_0ndiff metal1_0conn ndiff_0conn - cont_0ndiff_metal1_0conn_ndiff_0conn,111,i,2 
INFO (ASSREXT-35316): ****** For command L212 on processor #1:

  geom took  0.00 user, 0.00 sys, 0.00 elapsed, 7004.0 kbytes
 INFO (ASSREXT-35321): *** Command L212 'geom' finished on processor #1

INFO (ASSREXT-35323): tasks left are 186 

INFO (ASSREXT-35299): *** L201 '/bin/mv' executed directly

INFO (ASSREXT-35307): tasks left are 185

INFO (ASSREXT-35299): *** L203 '/bin/mv' executed directly

INFO (ASSREXT-35307): tasks left are 184

INFO (ASSREXT-35299): *** L162 'mv' executed directly

INFO (ASSREXT-35307): tasks left are 183

INFO (ASSREXT-35299): *** L165 'mv' executed directly

INFO (ASSREXT-35307): tasks left are 182

INFO (ASSREXT-35299): *** L222 'beginFlattenInputs' executed directly

INFO (ASSREXT-35307): tasks left are 181

flattenLayers -m poly_0conn 
INFO (ASSREXT-35316): ****** For command L232 on processor #1:

  flattub took  0.00 user, 0.01 sys, 0.00 elapsed, 7040.0 kbytes
 INFO (ASSREXT-35321): *** Command L232 'flattenLayers' finished on processor #1

INFO (ASSREXT-35323): tasks left are 180 

INFO (ASSREXT-35299): *** L223 '/bin/mv' executed directly

INFO (ASSREXT-35307): tasks left are 179

flatnet -V -li -h / h_NET NET 
INFO (ASSREXT-35316): ****** For command L224 on processor #1:

  flatnet took 0.00 user, 0.01 sys, 0.00 elapsed, 14208.0 kbytes
   id: 6, mnet: 5
   id: 6, mnet: 5
   id: 6, mnet: 4
   id: 6, mnet: 5
   id: 6, mnet: 2
   id: 6, mnet: 2
 INFO (ASSREXT-35321): *** Command L224 'flatnet' finished on processor #1

INFO (ASSREXT-35323): tasks left are 178 

epick nwell_0conn_orig nwell_0conn 
INFO (ASSREXT-35316): ****** For command L202 on processor #1:

INFO (ASSREXT-35321): *** Command L202 'epick' finished on processor #1

INFO (ASSREXT-35323): tasks left are 177 

geom -V ntap ndiff_0conn nwell_0conn - ntap,111,i,2 
INFO (ASSREXT-35316): ****** For command L214 on processor #1:

  geom took  0.00 user, 0.00 sys, 0.00 elapsed, 6568.0 kbytes
 INFO (ASSREXT-35321): *** Command L214 'geom' finished on processor #1

INFO (ASSREXT-35323): tasks left are 176 

INFO (ASSREXT-35299): *** L215 '/bin/mv' executed directly

INFO (ASSREXT-35307): tasks left are 175

epick psubstrate_orig psubstrate 
INFO (ASSREXT-35316): ****** For command L204 on processor #1:

INFO (ASSREXT-35321): *** Command L204 'epick' finished on processor #1

INFO (ASSREXT-35323): tasks left are 174 

geom -V ptap pdiff_0conn psubstrate - ptap,111,i,2 
INFO (ASSREXT-35316): ****** For command L213 on processor #1:

  geom took  0.00 user, 0.00 sys, 0.00 elapsed, 6752.0 kbytes
 INFO (ASSREXT-35321): *** Command L213 'geom' finished on processor #1

INFO (ASSREXT-35323): tasks left are 173 

flattenLayers -m cont_0pdiff cont_0ndiff cont_0poly cont_0pdiff_metal1_0conn_pdiff_0conn cont_0ndiff_metal1_0conn_ndiff_0conn ptap ntap 
INFO (ASSREXT-35316): ****** For command L230 on processor #1:

  flattub took  0.00 user, 0.00 sys, 0.00 elapsed, 7044.0 kbytes
 INFO (ASSREXT-35321): *** Command L230 'flattenLayers' finished on processor #1

INFO (ASSREXT-35323): tasks left are 172 

INFO (ASSREXT-35299): *** L216 '/bin/mv' executed directly

INFO (ASSREXT-35307): tasks left are 171

flattenLayers -m nwell_0conn psubstrate 
INFO (ASSREXT-35316): ****** For command L234 on processor #1:

  flattub took  0.00 user, 0.00 sys, 0.00 elapsed, 7036.0 kbytes
 INFO (ASSREXT-35321): *** Command L234 'flattenLayers' finished on processor #1

INFO (ASSREXT-35323): tasks left are 170 

INFO (ASSREXT-88018): The cap ground node specified,'Gnd', is not present in the design. The node,'1',has been selected as the cap ground node from specified layer,'psubstrate'

INFO (ASSREXT-35299): *** L241 'findCapGround' executed directly

INFO (ASSREXT-35307): tasks left are 169

INFO (ASSREXT-35299): *** L244 'echo' executed directly

INFO (ASSREXT-35307): tasks left are 168

netprint -n cgnetfile:gn_summary.log NET 
INFO (ASSREXT-35316): ****** For command L245 on processor #1:

INFO (ASSREXT-35321): *** Command L245 'netprint' finished on processor #1

INFO (ASSREXT-35323): tasks left are 167 

densitymap -V -TC -O metal1_conn.den metal1_conn_tile_spec metal1_0conn 
INFO (ASSREXT-35316): ****** For command L186 on processor #1:

  densitymap took 0.00 user, 0.00 sys, 0.00 elapsed, 5916.0 kbytes
 INFO (ASSREXT-35321): *** Command L186 'densitymap' finished on processor #1

INFO (ASSREXT-35323): tasks left are 166 

flattenLayers -m metal1_0conn 
INFO (ASSREXT-35316): ****** For command L231 on processor #1:

  flattub took  0.00 user, 0.00 sys, 0.00 elapsed, 7080.0 kbytes
 INFO (ASSREXT-35321): *** Command L231 'flattenLayers' finished on processor #1

INFO (ASSREXT-35323): tasks left are 165 

INFO (ASSREXT-35299): *** L187 '/bin/cp' executed directly

INFO (ASSREXT-35307): tasks left are 164

geom _0nmos1v ndiff_0conn - _0nmos1v,10,i,1 
INFO (ASSREXT-35316): ****** For command L188 on processor #1:

INFO (ASSREXT-35321): *** Command L188 'geom' finished on processor #1

INFO (ASSREXT-35323): tasks left are 163 

INFO (ASSREXT-35299): *** L189 '/bin/cp' executed directly

INFO (ASSREXT-35307): tasks left are 162

INFO (ASSREXT-35299): *** L190 '/bin/cp' executed directly

INFO (ASSREXT-35307): tasks left are 161

flattenTransistorData _0nmos1v meters 
INFO (ASSREXT-35316): ****** For command L226 on processor #1:

  flattub took  0.00 user, 0.00 sys, 0.00 elapsed, 7204.0 kbytes
   flatnet took 0.00 user, 0.00 sys, 0.00 elapsed, 14180.0 kbytes
   id: 6, mnet: 2
   id: 6, mnet: 2
   flattrans took 0.00 user, 0.02 sys, 0.00 elapsed, 6088.0 kbytes
 INFO (ASSREXT-35321): *** Command L226 'flattenTransistorData' finished on processor #1

INFO (ASSREXT-35323): tasks left are 160 

flattenTransistorData -layerOnly _0nmos1v_orig meters 
INFO (ASSREXT-35316): ****** For command L228 on processor #1:

  /bin/mv: cannot stat '_0nmos1v_orig': No such file or directory
   /bin/mv: cannot stat '_0nmos1v_orig.net': No such file or directory
   flattub took  0.00 user, 0.01 sys, 0.00 elapsed, 7272.0 kbytes
 INFO (ASSREXT-35321): *** Command L228 'flattenTransistorData' finished on processor #1

INFO (ASSREXT-35323): tasks left are 159 

INFO (ASSREXT-35299): *** L191 '/bin/cp' executed directly

INFO (ASSREXT-35307): tasks left are 158

geom _0pmos1v pdiff_0conn - _0pmos1v,10,i,1 
INFO (ASSREXT-35316): ****** For command L192 on processor #1:

INFO (ASSREXT-35321): *** Command L192 'geom' finished on processor #1

INFO (ASSREXT-35323): tasks left are 157 

flattenLayers -m ndiff_0conn pdiff_0conn 
INFO (ASSREXT-35316): ****** For command L233 on processor #1:

  flattub took  0.00 user, 0.00 sys, 0.00 elapsed, 6968.0 kbytes
 INFO (ASSREXT-35321): *** Command L233 'flattenLayers' finished on processor #1

INFO (ASSREXT-35323): tasks left are 156 

INFO (ASSREXT-35299): *** L193 '/bin/cp' executed directly

INFO (ASSREXT-35307): tasks left are 155

INFO (ASSREXT-35299): *** L194 '/bin/cp' executed directly

INFO (ASSREXT-35307): tasks left are 154

flattenTransistorData _0pmos1v meters 
INFO (ASSREXT-35316): ****** For command L227 on processor #1:

  flattub took  0.00 user, 0.00 sys, 0.00 elapsed, 7204.0 kbytes
   flatnet took 0.00 user, 0.01 sys, 0.00 elapsed, 14136.0 kbytes
   id: 6, mnet: 2
   id: 6, mnet: 2
   flattrans took 0.00 user, 0.02 sys, 0.00 elapsed, 6200.0 kbytes
 INFO (ASSREXT-35321): *** Command L227 'flattenTransistorData' finished on processor #1

INFO (ASSREXT-35323): tasks left are 153 

flattenTransistorData -layerOnly _0pmos1v_orig meters 
INFO (ASSREXT-35316): ****** For command L229 on processor #1:

  /bin/mv: cannot stat '_0pmos1v_orig': No such file or directory
   /bin/mv: cannot stat '_0pmos1v_orig.net': No such file or directory
   flattub took  0.00 user, 0.00 sys, 0.00 elapsed, 7264.0 kbytes
 INFO (ASSREXT-35321): *** Command L229 'flattenTransistorData' finished on processor #1

INFO (ASSREXT-35323): tasks left are 152 

INFO (ASSREXT-35299): *** L235 'endFlattenInputs' executed directly

INFO (ASSREXT-35307): tasks left are 151

INFO (ASSREXT-35299): *** L200 'cat' executed directly

INFO (ASSREXT-35307): tasks left are 150

netprint -V -N1 power_list:power_list_nums NET 
INFO (ASSREXT-35316): ****** For command L225 on processor #1:

INFO (ASSREXT-35321): *** Command L225 'netprint' finished on processor #1

INFO (ASSREXT-35323): tasks left are 149 

reconnect -cgnd 1 -float floatlvsnetsfile -tf _0nmos1v,_0pmos1v -probe text_metal1_0conn:metal1_0conn:text_metal1_0conn_fvia 
INFO (ASSREXT-35315): ****** For command L246:

INFO (ASSREXT-35320): *** Command L246 'reconnect' finished

INFO (ASSREXT-35323): tasks left are 148 

geom -V _0nmos1v,_0pmos1v - qrcpoly__0,1,i,1 
INFO (ASSREXT-35316): ****** For command L250 on processor #1:

  geom took  0.00 user, 0.00 sys, 0.00 elapsed, 6712.0 kbytes
 INFO (ASSREXT-35321): *** Command L250 'geom' finished on processor #1

INFO (ASSREXT-35323): tasks left are 147 

geom _0nmos1v,_0pmos1v - qrcgate,1,i,1 
INFO (ASSREXT-35316): ****** For command L249 on processor #1:

INFO (ASSREXT-35321): *** Command L249 'geom' finished on processor #1

INFO (ASSREXT-35323): tasks left are 146 

geom -V qrcpoly__0 - qrcpoly,1,i,1 
INFO (ASSREXT-35316): ****** For command L251 on processor #1:

  geom took  0.00 user, 0.00 sys, 0.00 elapsed, 6636.0 kbytes
 INFO (ASSREXT-35321): *** Command L251 'geom' finished on processor #1

INFO (ASSREXT-35323): tasks left are 145 

iprint -count floatlvsnetsfile 
INFO (ASSREXT-35316): ****** For command L248 on processor #1:

INFO (ASSREXT-35321): *** Command L248 'iprint' finished on processor #1

INFO (ASSREXT-35323): tasks left are 144 

INFO (ASSREXT-35299): *** L252 '/bin/rm' executed directly

INFO (ASSREXT-35307): tasks left are 143

iprint -count floatlvsnetsfile 
INFO (ASSREXT-35315): ****** For command L253:

INFO (ASSREXT-35320): *** Command L253 'iprint' finished

INFO (ASSREXT-35323): tasks left are 142 

iprint -imerge power_list_nums floatlvsnetsfile power_list_nums2 
INFO (ASSREXT-35316): ****** For command L254 on processor #1:

INFO (ASSREXT-35321): *** Command L254 'iprint' finished on processor #1

INFO (ASSREXT-35323): tasks left are 141 

INFO (ASSREXT-35299): *** L255 'mv' executed directly

INFO (ASSREXT-35307): tasks left are 140

INFO (ASSREXT-35299): *** L256 'cp' executed directly

INFO (ASSREXT-35307): tasks left are 139

selectNetsByNumber power_list_nums poly_0conn p_rpoly_0conn np_rpoly_0conn 
INFO (ASSREXT-35316): ****** For command L266 on processor #1:

  epick took  0.00 user, 0.00 sys, 0.00 elapsed, 5944.0 kbytes
 INFO (ASSREXT-35321): *** Command L266 'selectNetsByNumber' finished on processor #1

INFO (ASSREXT-35323): tasks left are 138 

selectNetsByNumber power_list_nums metal1_0conn p_rmetal1_0conn np_rmetal1_0conn 
INFO (ASSREXT-35316): ****** For command L262 on processor #1:

  epick took  0.00 user, 0.00 sys, 0.00 elapsed, 5980.0 kbytes
 INFO (ASSREXT-35321): *** Command L262 'selectNetsByNumber' finished on processor #1

INFO (ASSREXT-35323): tasks left are 137 

selectNetsByNumber power_list_nums cont_0poly p_rcont_0poly np_rcont_0poly 
INFO (ASSREXT-35316): ****** For command L268 on processor #1:

  epick took  0.00 user, 0.00 sys, 0.00 elapsed, 6060.0 kbytes
 INFO (ASSREXT-35321): *** Command L268 'selectNetsByNumber' finished on processor #1

INFO (ASSREXT-35323): tasks left are 136 

selectNetsByNumber power_list_nums ndiff_0conn p_rndiff_0conn np_rndiff_0conn 
INFO (ASSREXT-35316): ****** For command L263 on processor #1:

  epick took  0.00 user, 0.00 sys, 0.00 elapsed, 6040.0 kbytes
 INFO (ASSREXT-35321): *** Command L263 'selectNetsByNumber' finished on processor #1

INFO (ASSREXT-35323): tasks left are 135 

selectNetsByNumber power_list_nums pdiff_0conn p_rpdiff_0conn np_rpdiff_0conn 
INFO (ASSREXT-35316): ****** For command L265 on processor #1:

  epick took  0.00 user, 0.00 sys, 0.00 elapsed, 5928.0 kbytes
 INFO (ASSREXT-35321): *** Command L265 'selectNetsByNumber' finished on processor #1

INFO (ASSREXT-35323): tasks left are 134 

mergevia -V -tech /package/eda/cadence/gpdk045/gpdk045_v_6_0/qrc/typical -cnt np_rcont_0poly rcont_0poly - np_rmetal1_0conn np_rpoly_0conn 
INFO (ASSREXT-35316): ****** For command L276 on processor #1:

  geom took  0.00 user, 0.00 sys, 0.00 elapsed, 40220.0 kbytes
   mergevia took 0.00 user, 0.00 sys, 0.00 elapsed, 40220.0 kbytes
 INFO (ASSREXT-35321): *** Command L276 'mergevia' finished on processor #1

INFO (ASSREXT-35323): tasks left are 133 

createNRMosfetGateTerminal _0nmos1v np_rpoly_0conn _0nmos1v_mgvia 
INFO (ASSREXT-35316): ****** For command L284 on processor #1:

INFO (ASSREXT-35321): *** Command L284 'createNRMosfetGateTerminal' finished on processor #1

INFO (ASSREXT-35323): tasks left are 132 

createNRMosfetGateTerminal _0pmos1v np_rpoly_0conn _0pmos1v_mgvia 
INFO (ASSREXT-35316): ****** For command L285 on processor #1:

INFO (ASSREXT-35321): *** Command L285 'createNRMosfetGateTerminal' finished on processor #1

INFO (ASSREXT-35323): tasks left are 131 

selectNetsByNumber power_list_nums nwell_0conn p_rnwell_0conn np_rnwell_0conn 
INFO (ASSREXT-35316): ****** For command L264 on processor #1:

  epick took  0.00 user, 0.00 sys, 0.00 elapsed, 6068.0 kbytes
 INFO (ASSREXT-35321): *** Command L264 'selectNetsByNumber' finished on processor #1

INFO (ASSREXT-35323): tasks left are 130 

selectNetsByNumber power_list_nums psubstrate p_rpsubstrate np_rpsubstrate 
INFO (ASSREXT-35316): ****** For command L267 on processor #1:

  epick took  0.00 user, 0.00 sys, 0.00 elapsed, 5924.0 kbytes
 INFO (ASSREXT-35321): *** Command L267 'selectNetsByNumber' finished on processor #1

INFO (ASSREXT-35323): tasks left are 129 

INFO (ASSREXT-35299): *** L291 '/bin/mv' executed directly

INFO (ASSREXT-35307): tasks left are 128

createEmptyLayer np_rnwell_0conn 
INFO (ASSREXT-35316): ****** For command L292 on processor #1:

INFO (ASSREXT-35321): *** Command L292 'createEmptyLayer' finished on processor #1

INFO (ASSREXT-35323): tasks left are 127 

INFO (ASSREXT-35299): *** L293 '/bin/mv' executed directly

INFO (ASSREXT-35307): tasks left are 126

createEmptyLayer np_rpsubstrate 
INFO (ASSREXT-35316): ****** For command L294 on processor #1:

INFO (ASSREXT-35321): *** Command L294 'createEmptyLayer' finished on processor #1

INFO (ASSREXT-35323): tasks left are 125 

flatlabel -V -tc -F -l flatlabel.info text_metal1_0conn L1T0 
INFO (ASSREXT-35316): ****** For command L357 on processor #1:

  INFO (FLTLBL-89003): exec labsort -V L1T0
   
 INFO (ASSREXT-35321): *** Command L357 'flatlabel' finished on processor #1

INFO (ASSREXT-35323): tasks left are 124 

INFO (ASSREXT-35299): *** L269 'mv' executed directly

INFO (ASSREXT-35307): tasks left are 123

INFO (ASSREXT-35299): *** L278 'cp' executed directly

INFO (ASSREXT-35307): tasks left are 122

connect -V -relocate NET np_rndiff_0conn:np_rndiff_0conn.conn np_rpdiff_0conn:np_rpdiff_0conn.conn np_rnwell_0conn:np_rnwell_0conn.conn np_rpsubstrate:np_rpsubstrate.conn rcont_0poly _0nmos1v_mgvia _0pmos1v_mgvia - ntap,1,3 ptap,2,4 - 
INFO (ASSREXT-35316): ****** For command L295 on processor #1:

  connect took  0.00 user, 0.01 sys, 0.00 elapsed, 274588.0 kbytes
 INFO (ASSREXT-35321): *** Command L295 'connect' finished on processor #1

INFO (ASSREXT-35323): tasks left are 121 

geom -V cont_0ndiff_metal1_0conn_ndiff_0conn np_rndiff_0conn.conn - tmp_rcont_0ndiff_metal1_0conn_ndiff_0conn,11,i,2 
INFO (ASSREXT-35316): ****** For command L305 on processor #1:

  geom took  0.00 user, 0.00 sys, 0.00 elapsed, 6816.0 kbytes
 INFO (ASSREXT-35321): *** Command L305 'geom' finished on processor #1

INFO (ASSREXT-35323): tasks left are 120 

geom -V cont_0pdiff_metal1_0conn_pdiff_0conn np_rpdiff_0conn.conn - tmp_rcont_0pdiff_metal1_0conn_pdiff_0conn,11,i,2 
INFO (ASSREXT-35316): ****** For command L312 on processor #1:

  geom took  0.00 user, 0.01 sys, 0.00 elapsed, 6716.0 kbytes
 INFO (ASSREXT-35321): *** Command L312 'geom' finished on processor #1

INFO (ASSREXT-35323): tasks left are 119 

mergevia -V -i -tech /package/eda/cadence/gpdk045/gpdk045_v_6_0/qrc/typical -cnt tmp_rcont_0ndiff_metal1_0conn_ndiff_0conn rcont_0ndiff_metal1_0conn_ndiff_0conn - np_rmetal1_0conn np_rndiff_0conn 
INFO (ASSREXT-35316): ****** For command L306 on processor #1:

  geom took  0.00 user, 0.00 sys, 0.00 elapsed, 42152.0 kbytes
   stamp took  0.03 user, 0.05 sys, 0.00 elapsed, 275120.0 kbytes
   mergevia took 0.03 user, 0.05 sys, 0.00 elapsed, 42152.0 kbytes
   [dofork] stamp -V tmp_rcont_0ndiff_metal1_0conn_ndiff_0conn rcont_0ndiff_metal1_0conn_ndiff_0conn
 INFO (ASSREXT-35321): *** Command L306 'mergevia' finished on processor #1

INFO (ASSREXT-35323): tasks left are 118 

mergevia -V -i -tech /package/eda/cadence/gpdk045/gpdk045_v_6_0/qrc/typical -cnt tmp_rcont_0pdiff_metal1_0conn_pdiff_0conn rcont_0pdiff_metal1_0conn_pdiff_0conn - np_rmetal1_0conn np_rpdiff_0conn 
INFO (ASSREXT-35316): ****** For command L313 on processor #1:

  geom took  0.00 user, 0.00 sys, 0.00 elapsed, 40272.0 kbytes
   stamp took  0.03 user, 0.03 sys, 0.00 elapsed, 277108.0 kbytes
   mergevia took 0.03 user, 0.03 sys, 0.00 elapsed, 40272.0 kbytes
   [dofork] stamp -V tmp_rcont_0pdiff_metal1_0conn_pdiff_0conn rcont_0pdiff_metal1_0conn_pdiff_0conn
 INFO (ASSREXT-35321): *** Command L313 'mergevia' finished on processor #1

INFO (ASSREXT-35323): tasks left are 117 

epick -V -reo -e rcont_0ndiff_metal1_0conn_ndiff_0conn -e rcont_0pdiff_metal1_0conn_pdiff_0conn np_rnwell_0conn.conn tmp_nwell_0conn 
INFO (ASSREXT-35316): ****** For command L338 on processor #1:

  epick took  0.00 user, 0.00 sys, 0.00 elapsed, 5936.0 kbytes
 INFO (ASSREXT-35321): *** Command L338 'epick' finished on processor #1

INFO (ASSREXT-35323): tasks left are 116 

epick -V -reo -e rcont_0ndiff_metal1_0conn_ndiff_0conn -e rcont_0pdiff_metal1_0conn_pdiff_0conn np_rpsubstrate.conn tmp_psubstrate 
INFO (ASSREXT-35316): ****** For command L345 on processor #1:

  epick took  0.00 user, 0.00 sys, 0.00 elapsed, 6056.0 kbytes
 INFO (ASSREXT-35321): *** Command L345 'epick' finished on processor #1

INFO (ASSREXT-35323): tasks left are 115 

epick -V -reo -e rcont_0ndiff_metal1_0conn_ndiff_0conn -e rcont_0pdiff_metal1_0conn_pdiff_0conn np_rndiff_0conn.conn tmp_ndiff_0conn 
INFO (ASSREXT-35316): ****** For command L324 on processor #1:

  epick took  0.00 user, 0.00 sys, 0.00 elapsed, 5940.0 kbytes
 INFO (ASSREXT-35321): *** Command L324 'epick' finished on processor #1

INFO (ASSREXT-35323): tasks left are 114 

epick -V -reo -e rcont_0ndiff_metal1_0conn_ndiff_0conn -e rcont_0pdiff_metal1_0conn_pdiff_0conn np_rpdiff_0conn.conn tmp_pdiff_0conn 
INFO (ASSREXT-35316): ****** For command L331 on processor #1:

  epick took  0.00 user, 0.00 sys, 0.00 elapsed, 6020.0 kbytes
 INFO (ASSREXT-35321): *** Command L331 'epick' finished on processor #1

INFO (ASSREXT-35323): tasks left are 113 

epick -V -reo -e tmp_nwell_0conn -c np_rnwell_0conn.conn tmp1_nwell_0conn 
INFO (ASSREXT-35316): ****** For command L341 on processor #1:

  epick took  0.00 user, 0.00 sys, 0.00 elapsed, 5832.0 kbytes
 INFO (ASSREXT-35321): *** Command L341 'epick' finished on processor #1

INFO (ASSREXT-35323): tasks left are 112 

epick -V -reo -e tmp_psubstrate -c np_rpsubstrate.conn tmp1_psubstrate 
INFO (ASSREXT-35316): ****** For command L348 on processor #1:

  epick took  0.00 user, 0.00 sys, 0.00 elapsed, 5820.0 kbytes
 INFO (ASSREXT-35321): *** Command L348 'epick' finished on processor #1

INFO (ASSREXT-35323): tasks left are 111 

geom -V tmp1_nwell_0conn np_rnwell_0conn - tmp1_nwell_0conn,11,i,2 
INFO (ASSREXT-35316): ****** For command L342 on processor #1:

  geom took  0.00 user, 0.00 sys, 0.00 elapsed, 6628.0 kbytes
 INFO (ASSREXT-35321): *** Command L342 'geom' finished on processor #1

INFO (ASSREXT-35323): tasks left are 110 

geom -V tmp1_psubstrate np_rpsubstrate - tmp1_psubstrate,11,i,2 
INFO (ASSREXT-35316): ****** For command L349 on processor #1:

  geom took  0.00 user, 0.00 sys, 0.00 elapsed, 6684.0 kbytes
 INFO (ASSREXT-35321): *** Command L349 'geom' finished on processor #1

INFO (ASSREXT-35323): tasks left are 109 

epick -V -reo -e tmp_ndiff_0conn -c np_rndiff_0conn.conn tmp1_ndiff_0conn 
INFO (ASSREXT-35316): ****** For command L327 on processor #1:

  epick took  0.00 user, 0.00 sys, 0.00 elapsed, 5924.0 kbytes
 INFO (ASSREXT-35321): *** Command L327 'epick' finished on processor #1

INFO (ASSREXT-35323): tasks left are 108 

epick -V -reo -e tmp_pdiff_0conn -c np_rpdiff_0conn.conn tmp1_pdiff_0conn 
INFO (ASSREXT-35316): ****** For command L334 on processor #1:

  epick took  0.00 user, 0.00 sys, 0.00 elapsed, 6008.0 kbytes
 INFO (ASSREXT-35321): *** Command L334 'epick' finished on processor #1

INFO (ASSREXT-35323): tasks left are 107 

geom -V tmp1_ndiff_0conn np_rndiff_0conn - tmp1_ndiff_0conn,11,i,2 
INFO (ASSREXT-35316): ****** For command L328 on processor #1:

  geom took  0.00 user, 0.00 sys, 0.00 elapsed, 6628.0 kbytes
 INFO (ASSREXT-35321): *** Command L328 'geom' finished on processor #1

INFO (ASSREXT-35323): tasks left are 106 

geom -V tmp1_pdiff_0conn np_rpdiff_0conn - tmp1_pdiff_0conn,11,i,2 
INFO (ASSREXT-35316): ****** For command L335 on processor #1:

  geom took  0.00 user, 0.00 sys, 0.00 elapsed, 6692.0 kbytes
 INFO (ASSREXT-35321): *** Command L335 'geom' finished on processor #1

INFO (ASSREXT-35323): tasks left are 105 

geom -V tmp_nwell_0conn,tmp1_nwell_0conn - np_rnwell_0conn,1,i,1 
INFO (ASSREXT-35316): ****** For command L343 on processor #1:

  geom took  0.00 user, 0.00 sys, 0.00 elapsed, 6680.0 kbytes
 INFO (ASSREXT-35321): *** Command L343 'geom' finished on processor #1

INFO (ASSREXT-35323): tasks left are 104 

geom -V tmp_psubstrate,tmp1_psubstrate - np_rpsubstrate,1,i,1 
INFO (ASSREXT-35316): ****** For command L350 on processor #1:

  geom took  0.00 user, 0.00 sys, 0.00 elapsed, 6640.0 kbytes
 INFO (ASSREXT-35321): *** Command L350 'geom' finished on processor #1

INFO (ASSREXT-35323): tasks left are 103 

geom -V tmp_ndiff_0conn,tmp1_ndiff_0conn - np_rndiff_0conn,1,i,1 
INFO (ASSREXT-35316): ****** For command L329 on processor #1:

  geom took  0.00 user, 0.00 sys, 0.00 elapsed, 6556.0 kbytes
 INFO (ASSREXT-35321): *** Command L329 'geom' finished on processor #1

INFO (ASSREXT-35323): tasks left are 102 

geom -V tmp_pdiff_0conn,tmp1_pdiff_0conn - np_rpdiff_0conn,1,i,1 
INFO (ASSREXT-35316): ****** For command L336 on processor #1:

  geom took  0.00 user, 0.00 sys, 0.00 elapsed, 6576.0 kbytes
 INFO (ASSREXT-35321): *** Command L336 'geom' finished on processor #1

INFO (ASSREXT-35323): tasks left are 101 

INFO (ASSREXT-35299): *** L360 '/bin/mv' executed directly

INFO (ASSREXT-35307): tasks left are 100

INFO (ASSREXT-35299): *** L361 '/bin/mv' executed directly

INFO (ASSREXT-35307): tasks left are 99

INFO (ASSREXT-35299): *** L330 '/bin/rm' executed directly

INFO (ASSREXT-35307): tasks left are 98

INFO (ASSREXT-35299): *** L337 '/bin/rm' executed directly

INFO (ASSREXT-35307): tasks left are 97

INFO (ASSREXT-35299): *** L344 '/bin/rm' executed directly

INFO (ASSREXT-35307): tasks left are 96

INFO (ASSREXT-35299): *** L351 '/bin/rm' executed directly

INFO (ASSREXT-35307): tasks left are 95

INFO (ASSREXT-35299): *** L310 'cp' executed directly

INFO (ASSREXT-35307): tasks left are 94

INFO (ASSREXT-35299): *** L317 'cp' executed directly

INFO (ASSREXT-35307): tasks left are 93

INFO (ASSREXT-35299): *** L311 '/bin/rm' executed directly

INFO (ASSREXT-35307): tasks left are 92

INFO (ASSREXT-35299): *** L318 '/bin/rm' executed directly

INFO (ASSREXT-35307): tasks left are 91

Resistance data preparation stage took  0.80 user, 1.71 sys, 4.00 elapsed, 8464.0 kbytes
INFO (ASSREXT-35330): Resistance data preparation stage completed successfully at Mon Sep 22 16:56:44 2025

INFO (ASSREXT-35331): rex started at Mon Sep 22 16:56:44 2025

rex -V -m -pd -I# -tech /package/eda/cadence/gpdk045/gpdk045_v_6_0/qrc/typical -map p2elayermapfile -wee p2elayermapfile -N NET -e2 -Ply np_rpoly_0conn -er np_rmetal1_0conn,metal1_conn.den -rP res.mod np_rpoly_0conn::poly_conn_cut np_rmetal1_0conn::metal1_conn_cut - rcont_0ndiff_metal1_0conn_ndiff_0conn,2,t rcont_0pdiff_metal1_0conn_pdiff_0conn,2,t rcont_0poly,1,2,t _0nmos1v_mgvia,1,z _0pmos1v_mgvia,1,z - L1T0,2,I 
INFO (ASSREXT-35315): ****** For command L367:

  INFO (REX-163462):  exec rex -g -V -m -pd -I# -tech /package/eda/cadence/gpdk045/gpdk045_v_6_0/qrc/typical -map p2elayermapfile -wee p2elayermapfile -N NET -e2 -Ply np_rpoly_0conn -er np_rmetal1_0conn,metal1_conn.den -rP res.mod np_rpoly_0conn::poly_conn_cut np_rmetal1_0conn::metal1_conn_cut - rcont_0ndiff_metal1_0conn_ndiff_0conn,2,t rcont_0pdiff_metal1_0conn_pdiff_0conn,2,t rcont_0poly,1,2,t _0nmos1v_mgvia,1,z _0pmos1v_mgvia,1,z - L1T0,2,I
   
   rex took  0.00 user, 0.01 sys, 0.00 elapsed, 55948.0 kbytes
   INFO (LBMISC-215513): Socket: connection with sd 21 closed
   
   INFO (REX-163511): Forked command: REX 1
   
     rex (np_rmetal1_0conn) took  0.00 user, 0.06 sys, 0.00 elapsed, 57000.0 kbytes
   INFO (LBMISC-215513): Socket: connection with sd 21 closed
   
   INFO (REX-163511): Forked command: REX 2
   
     rex (np_rpoly_0conn) took  0.01 user, 0.05 sys, 0.00 elapsed, 56864.0 kbytes
   INFO (REX-163511): Forked command: REX 3
   
     rexmerge took  0.00 user, 0.00 sys, 0.00 elapsed, 5460.0 kbytes
   rex took  1.36 user, 0.34 sys, 2.00 elapsed, 55812.0 kbytes
 INFO (ASSREXT-35320): *** Command L367 'rex' finished

R stage took  1.80 user, 0.40 sys, 2.00 elapsed, 8464.0 kbytes
INFO (ASSREXT-35332): rex completed successfully at Mon Sep 22 16:56:46 2025

INFO (ASSREXT-35333): Capacitance data preparation stage started at Mon Sep 22 16:56:46 2025

INFO (ASSREXT-35323): tasks left are 90 

stamp -V -i2 np_rmetal1_0conn rcont_0poly np_rcont_0poly 
INFO (ASSREXT-35316): ****** For command L382 on processor #1:

  stamp took  0.03 user, 0.12 sys, 0.00 elapsed, 275064.0 kbytes
 INFO (ASSREXT-35321): *** Command L382 'stamp' finished on processor #1

INFO (ASSREXT-35323): tasks left are 89 

stamp -V -B -i np_rmetal1_0conn cont_0ndiff_metal1_0conn_ndiff_0conn 
INFO (ASSREXT-35316): ****** For command L384 on processor #1:

  stamp took  0.03 user, 0.10 sys, 0.00 elapsed, 275112.0 kbytes
 INFO (ASSREXT-35321): *** Command L384 'stamp' finished on processor #1

INFO (ASSREXT-35323): tasks left are 88 

stamp -V -B -i np_rmetal1_0conn cont_0pdiff_metal1_0conn_pdiff_0conn 
INFO (ASSREXT-35316): ****** For command L386 on processor #1:

  stamp took  0.03 user, 0.13 sys, 1.00 elapsed, 275040.0 kbytes
 INFO (ASSREXT-35321): *** Command L386 'stamp' finished on processor #1

INFO (ASSREXT-35323): tasks left are 87 

geom -V np_rcont_0poly,p_rcont_0poly - rcont_0poly,1,i,1 
INFO (ASSREXT-35316): ****** For command L383 on processor #1:

  geom took  0.00 user, 0.00 sys, 0.00 elapsed, 6656.0 kbytes
 INFO (ASSREXT-35321): *** Command L383 'geom' finished on processor #1

INFO (ASSREXT-35323): tasks left are 86 

INFO (ASSREXT-35299): *** L375 '/bin/cp' executed directly

INFO (ASSREXT-35307): tasks left are 85

INFO (ASSREXT-35299): *** L376 '/bin/cp' executed directly

INFO (ASSREXT-35307): tasks left are 84

INFO (ASSREXT-35299): *** L385 '/bin/cp' executed directly

INFO (ASSREXT-35307): tasks left are 83

INFO (ASSREXT-35299): *** L387 '/bin/cp' executed directly

INFO (ASSREXT-35307): tasks left are 82

INFO (ASSREXT-35299): *** L388 '/bin/rm' executed directly

INFO (ASSREXT-35307): tasks left are 81

INFO (ASSREXT-35299): *** L389 '/bin/rm' executed directly

INFO (ASSREXT-35307): tasks left are 80

INFO (ASSREXT-35299): *** L390 '/bin/rm' executed directly

INFO (ASSREXT-35307): tasks left are 79

INFO (ASSREXT-35299): *** L391 '/bin/rm' executed directly

INFO (ASSREXT-35307): tasks left are 78

INFO (ASSREXT-35299): *** L397 '/bin/rm' executed directly

INFO (ASSREXT-35307): tasks left are 77

geom np_rndiff_0conn,p_rndiff_0conn - ndiff_0conn,1,i,1 
INFO (ASSREXT-35316): ****** For command L398 on processor #1:

INFO (ASSREXT-35321): *** Command L398 'geom' finished on processor #1

INFO (ASSREXT-35323): tasks left are 76 

epick -c -f floatlvsnetsfile ndiff_0conn ndiff_0conn 
INFO (ASSREXT-35316): ****** For command L399 on processor #1:

INFO (ASSREXT-35321): *** Command L399 'epick' finished on processor #1

INFO (ASSREXT-35323): tasks left are 75 

INFO (ASSREXT-35299): *** L400 '/bin/rm' executed directly

INFO (ASSREXT-35307): tasks left are 74

geom np_rnwell_0conn,p_rnwell_0conn - nwell_0conn,1,i,1 
INFO (ASSREXT-35316): ****** For command L401 on processor #1:

INFO (ASSREXT-35321): *** Command L401 'geom' finished on processor #1

INFO (ASSREXT-35323): tasks left are 73 

epick -c -f floatlvsnetsfile nwell_0conn nwell_0conn 
INFO (ASSREXT-35316): ****** For command L402 on processor #1:

INFO (ASSREXT-35321): *** Command L402 'epick' finished on processor #1

INFO (ASSREXT-35323): tasks left are 72 

INFO (ASSREXT-35299): *** L403 '/bin/rm' executed directly

INFO (ASSREXT-35307): tasks left are 71

geom np_rpdiff_0conn,p_rpdiff_0conn - pdiff_0conn,1,i,1 
INFO (ASSREXT-35316): ****** For command L404 on processor #1:

INFO (ASSREXT-35321): *** Command L404 'geom' finished on processor #1

INFO (ASSREXT-35323): tasks left are 70 

epick -c -f floatlvsnetsfile pdiff_0conn pdiff_0conn 
INFO (ASSREXT-35316): ****** For command L405 on processor #1:

INFO (ASSREXT-35321): *** Command L405 'epick' finished on processor #1

INFO (ASSREXT-35323): tasks left are 69 

INFO (ASSREXT-35299): *** L406 '/bin/rm' executed directly

INFO (ASSREXT-35307): tasks left are 68

geom np_rpoly_0conn,p_rpoly_0conn - poly_0conn,1,i,1 
INFO (ASSREXT-35316): ****** For command L407 on processor #1:

INFO (ASSREXT-35321): *** Command L407 'geom' finished on processor #1

INFO (ASSREXT-35323): tasks left are 67 

epick -c -f floatlvsnetsfile poly_0conn poly_0conn 
INFO (ASSREXT-35316): ****** For command L408 on processor #1:

INFO (ASSREXT-35321): *** Command L408 'epick' finished on processor #1

INFO (ASSREXT-35323): tasks left are 66 

INFO (ASSREXT-35299): *** L409 '/bin/rm' executed directly

INFO (ASSREXT-35307): tasks left are 65

geom np_rpsubstrate,p_rpsubstrate - psubstrate,1,i,1 
INFO (ASSREXT-35316): ****** For command L410 on processor #1:

INFO (ASSREXT-35321): *** Command L410 'geom' finished on processor #1

INFO (ASSREXT-35323): tasks left are 64 

epick -c -f floatlvsnetsfile psubstrate psubstrate 
INFO (ASSREXT-35316): ****** For command L411 on processor #1:

INFO (ASSREXT-35321): *** Command L411 'epick' finished on processor #1

INFO (ASSREXT-35323): tasks left are 63 

reconnect -V -n NET -se2 mwires.res -t _0nmos1v.trans:_0nmos1v.transr _0nmos1v ndiff_0conn,_0nmos1v_mgvia,psubstrate -t _0pmos1v.trans:_0pmos1v.transr _0pmos1v pdiff_0conn,_0pmos1v_mgvia,nwell_0conn 
INFO (ASSREXT-35315): ****** For command L417:

  reconnect took 0.32 user, 0.12 sys, 1.00 elapsed, 287600.0 kbytes
 INFO (ASSREXT-35320): *** Command L417 'reconnect' finished

INFO (ASSREXT-35323): tasks left are 62 

grow -V .001 ndiff_0conn mask 
INFO (ASSREXT-35316): ****** For command L440 on processor #1:

  grow took  0.00 user, 0.00 sys, 0.00 elapsed, 6020.0 kbytes
 INFO (ASSREXT-35321): *** Command L440 'grow' finished on processor #1

INFO (ASSREXT-35323): tasks left are 61 

geom -V pdiff_0conn mask - pdiff_0conn,10,i,1 
INFO (ASSREXT-35316): ****** For command L441 on processor #1:

  geom took  0.00 user, 0.00 sys, 0.00 elapsed, 6628.0 kbytes
 INFO (ASSREXT-35321): *** Command L441 'geom' finished on processor #1

INFO (ASSREXT-35323): tasks left are 60 

geom -V ndiff_0conn,pdiff_0conn - Oxide,1,i,1 
INFO (ASSREXT-35316): ****** For command L442 on processor #1:

  geom took  0.00 user, 0.00 sys, 0.00 elapsed, 6628.0 kbytes
 INFO (ASSREXT-35321): *** Command L442 'geom' finished on processor #1

INFO (ASSREXT-35323): tasks left are 59 

geom -V p_rpoly_0conn,np_rpoly_0conn - poly_conn,1,i,1 
INFO (ASSREXT-35316): ****** For command L431 on processor #1:

  geom took  0.00 user, 0.00 sys, 0.00 elapsed, 6628.0 kbytes
 INFO (ASSREXT-35321): *** Command L431 'geom' finished on processor #1

INFO (ASSREXT-35323): tasks left are 58 

geom -V p_rmetal1_0conn,np_rmetal1_0conn - metal1_conn,1,i,1 
INFO (ASSREXT-35316): ****** For command L434 on processor #1:

  geom took  0.00 user, 0.00 sys, 0.00 elapsed, 6712.0 kbytes
 INFO (ASSREXT-35321): *** Command L434 'geom' finished on processor #1

INFO (ASSREXT-35323): tasks left are 57 

createEmptyLayer metal11_conn 
INFO (ASSREXT-35316): ****** For command L443 on processor #1:

INFO (ASSREXT-35321): *** Command L443 'createEmptyLayer' finished on processor #1

INFO (ASSREXT-35323): tasks left are 56 

createEmptyLayer metal10_conn 
INFO (ASSREXT-35316): ****** For command L444 on processor #1:

INFO (ASSREXT-35321): *** Command L444 'createEmptyLayer' finished on processor #1

INFO (ASSREXT-35323): tasks left are 55 

createEmptyLayer metal9_conn 
INFO (ASSREXT-35316): ****** For command L445 on processor #1:

INFO (ASSREXT-35321): *** Command L445 'createEmptyLayer' finished on processor #1

INFO (ASSREXT-35323): tasks left are 54 

createEmptyLayer metal8_conn 
INFO (ASSREXT-35316): ****** For command L446 on processor #1:

INFO (ASSREXT-35321): *** Command L446 'createEmptyLayer' finished on processor #1

INFO (ASSREXT-35323): tasks left are 53 

createEmptyLayer metal7_conn 
INFO (ASSREXT-35316): ****** For command L447 on processor #1:

INFO (ASSREXT-35321): *** Command L447 'createEmptyLayer' finished on processor #1

INFO (ASSREXT-35323): tasks left are 52 

createEmptyLayer metal6_conn 
INFO (ASSREXT-35316): ****** For command L448 on processor #1:

INFO (ASSREXT-35321): *** Command L448 'createEmptyLayer' finished on processor #1

INFO (ASSREXT-35323): tasks left are 51 

createEmptyLayer metal5_conn 
INFO (ASSREXT-35316): ****** For command L449 on processor #1:

INFO (ASSREXT-35321): *** Command L449 'createEmptyLayer' finished on processor #1

INFO (ASSREXT-35323): tasks left are 50 

createEmptyLayer metal4_conn 
INFO (ASSREXT-35316): ****** For command L450 on processor #1:

INFO (ASSREXT-35321): *** Command L450 'createEmptyLayer' finished on processor #1

INFO (ASSREXT-35323): tasks left are 49 

createEmptyLayer metal3_conn 
INFO (ASSREXT-35316): ****** For command L451 on processor #1:

INFO (ASSREXT-35321): *** Command L451 'createEmptyLayer' finished on processor #1

INFO (ASSREXT-35323): tasks left are 48 

createEmptyLayer metal2_conn 
INFO (ASSREXT-35316): ****** For command L452 on processor #1:

INFO (ASSREXT-35321): *** Command L452 'createEmptyLayer' finished on processor #1

INFO (ASSREXT-35323): tasks left are 47 

geom _0nmos1v,_0pmos1v - qrcgate,1,i,1 
INFO (ASSREXT-35316): ****** For command L479 on processor #1:

INFO (ASSREXT-35321): *** Command L479 'geom' finished on processor #1

INFO (ASSREXT-35323): tasks left are 46 

geom -V -i p_rpoly_0conn,np_rpoly_0conn - so_poly_conn,1,n 
INFO (ASSREXT-35316): ****** For command L430 on processor #1:

  geom took  0.00 user, 0.00 sys, 0.00 elapsed, 6680.0 kbytes
 INFO (ASSREXT-35321): *** Command L430 'geom' finished on processor #1

INFO (ASSREXT-35323): tasks left are 45 

geom -V -i p_rmetal1_0conn,np_rmetal1_0conn - so_metal1_conn,1,n 
INFO (ASSREXT-35316): ****** For command L433 on processor #1:

  geom took  0.00 user, 0.00 sys, 0.00 elapsed, 6656.0 kbytes
 INFO (ASSREXT-35321): *** Command L433 'geom' finished on processor #1

INFO (ASSREXT-35323): tasks left are 44 

changeTransFileNameAP _0nmos1v.trans _0nmos1v.transr 
INFO (ASSREXT-35316): ****** For command L421 on processor #1:

INFO (ASSREXT-35321): *** Command L421 'changeTransFileNameAP' finished on processor #1

INFO (ASSREXT-35323): tasks left are 43 

changeTransFileNameAP _0pmos1v.trans _0pmos1v.transr 
INFO (ASSREXT-35316): ****** For command L422 on processor #1:

INFO (ASSREXT-35321): *** Command L422 'changeTransFileNameAP' finished on processor #1

INFO (ASSREXT-35323): tasks left are 42 

netprint -max NET 
INFO (ASSREXT-35316): ****** For command L423 on processor #1:

INFO (ASSREXT-35321): *** Command L423 'netprint' finished on processor #1

INFO (ASSREXT-35323): tasks left are 41 

emerge -V _0nmos1v _0pmos1v allGate 
INFO (ASSREXT-35316): ****** For command L692 on processor #1:

  emerge took 0.00 user, 0.00 sys, 0.00 elapsed, 5912.0 kbytes
 INFO (ASSREXT-35321): *** Command L692 'emerge' finished on processor #1

INFO (ASSREXT-35323): tasks left are 40 

INFO (ASSREXT-35299): *** L458 '/bin/cp' executed directly

INFO (ASSREXT-35307): tasks left are 39

geom -V p_rnwell_0conn,np_rnwell_0conn - nwell_0conn,1,i,1 
INFO (ASSREXT-35316): ****** For command L459 on processor #1:

  geom took  0.00 user, 0.00 sys, 0.00 elapsed, 6588.0 kbytes
 INFO (ASSREXT-35321): *** Command L459 'geom' finished on processor #1

INFO (ASSREXT-35323): tasks left are 38 

grow -V 0.001 nwell_0conn g_nwell_0conn 
INFO (ASSREXT-35316): ****** For command L463 on processor #1:

  grow took  0.00 user, 0.00 sys, 0.00 elapsed, 5960.0 kbytes
 INFO (ASSREXT-35321): *** Command L463 'grow' finished on processor #1

INFO (ASSREXT-35323): tasks left are 37 

INFO (ASSREXT-35299): *** L460 '/bin/cp' executed directly

INFO (ASSREXT-35307): tasks left are 36

geom -V p_rpsubstrate,np_rpsubstrate - psubstrate,1,i,1 
INFO (ASSREXT-35316): ****** For command L461 on processor #1:

  geom took  0.00 user, 0.00 sys, 0.00 elapsed, 6744.0 kbytes
 INFO (ASSREXT-35321): *** Command L461 'geom' finished on processor #1

INFO (ASSREXT-35323): tasks left are 35 

INFO (ASSREXT-35299): *** L462 '/bin/cp' executed directly

INFO (ASSREXT-35307): tasks left are 34

geom -V psubstrate g_nwell_0conn - psubstrate,10,i,1 
INFO (ASSREXT-35316): ****** For command L464 on processor #1:

  geom took  0.00 user, 0.00 sys, 0.00 elapsed, 6628.0 kbytes
 INFO (ASSREXT-35321): *** Command L464 'geom' finished on processor #1

INFO (ASSREXT-35323): tasks left are 33 

xytoebbox -V -g 10.002 -e metal11_conn,metal10_conn,metal9_conn,metal8_conn,metal7_conn,metal6_conn,metal5_conn,metal4_conn,metal3_conn,metal2_conn,metal1_conn,poly_conn,Oxide,nwell_0conn,psubstrate xg_FOX 
INFO (ASSREXT-35316): ****** For command L467 on processor #1:

INFO (ASSREXT-35321): *** Command L467 'xytoebbox' finished on processor #1

INFO (ASSREXT-35323): tasks left are 32 

geom -V nwell_0conn,psubstrate - FOX,1,i,1 
INFO (ASSREXT-35316): ****** For command L466 on processor #1:

  geom took  0.00 user, 0.00 sys, 0.00 elapsed, 6692.0 kbytes
 INFO (ASSREXT-35321): *** Command L466 'geom' finished on processor #1

INFO (ASSREXT-35323): tasks left are 31 

grow -V 0.001 FOX g_FOX 
INFO (ASSREXT-35316): ****** For command L468 on processor #1:

  grow took  0.00 user, 0.00 sys, 0.00 elapsed, 5872.0 kbytes
 INFO (ASSREXT-35321): *** Command L468 'grow' finished on processor #1

INFO (ASSREXT-35323): tasks left are 30 

geom -V xg_FOX g_FOX - tmp_FOX,10 
INFO (ASSREXT-35316): ****** For command L469 on processor #1:

  geom took  0.00 user, 0.00 sys, 0.00 elapsed, 6760.0 kbytes
 INFO (ASSREXT-35321): *** Command L469 'geom' finished on processor #1

INFO (ASSREXT-35323): tasks left are 29 

epick -V -reo -D 1 tmp_FOX pick_FOX 
INFO (ASSREXT-35316): ****** For command L470 on processor #1:

  epick took  0.00 user, 0.00 sys, 0.00 elapsed, 6004.0 kbytes
 INFO (ASSREXT-35321): *** Command L470 'epick' finished on processor #1

INFO (ASSREXT-35323): tasks left are 28 

grow -V -m 0.002 pick_FOX g_pick_FOX 
INFO (ASSREXT-35316): ****** For command L471 on processor #1:

  grow took  0.00 user, 0.00 sys, 0.00 elapsed, 5916.0 kbytes
   geom took  0.00 user, 0.00 sys, 0.00 elapsed, 6652.0 kbytes
 INFO (ASSREXT-35321): *** Command L471 'grow' finished on processor #1

INFO (ASSREXT-35323): tasks left are 27 

stamp -i FOX g_pick_FOX 
INFO (ASSREXT-35316): ****** For command L472 on processor #1:

INFO (ASSREXT-35321): *** Command L472 'stamp' finished on processor #1

INFO (ASSREXT-35323): tasks left are 26 

grow -V -m -0.002 g_pick_FOX pick_FOX 
INFO (ASSREXT-35316): ****** For command L473 on processor #1:

  grow took  0.00 user, 0.00 sys, 0.00 elapsed, 6064.0 kbytes
   sort edges took  0.00 user, 0.00 sys, 0.00 elapsed, 6464.0 kbytes
   geom took  0.00 user, 0.00 sys, 0.00 elapsed, 6656.0 kbytes
 INFO (ASSREXT-35321): *** Command L473 'grow' finished on processor #1

INFO (ASSREXT-35323): tasks left are 25 

emerge -V pick_FOX FOX tmp1_FOX 
INFO (ASSREXT-35316): ****** For command L474 on processor #1:

  emerge took 0.00 user, 0.00 sys, 0.00 elapsed, 5668.0 kbytes
 INFO (ASSREXT-35321): *** Command L474 'emerge' finished on processor #1

INFO (ASSREXT-35323): tasks left are 24 

geom -V tmp1_FOX - FOX,1,i,1 
INFO (ASSREXT-35316): ****** For command L475 on processor #1:

  geom took  0.00 user, 0.00 sys, 0.00 elapsed, 6656.0 kbytes
 INFO (ASSREXT-35321): *** Command L475 'geom' finished on processor #1

INFO (ASSREXT-35323): tasks left are 23 

geom -V FOX Oxide - FOX,10,i,1 
INFO (ASSREXT-35316): ****** For command L477 on processor #1:

  geom took  0.00 user, 0.00 sys, 1.00 elapsed, 6776.0 kbytes
 INFO (ASSREXT-35321): *** Command L477 'geom' finished on processor #1

INFO (ASSREXT-35323): tasks left are 22 

INFO (ASSREXT-35299): *** L485 'mv' executed directly

INFO (ASSREXT-35307): tasks left are 21

INFO (ASSREXT-35299): *** L476 '/bin/rm' executed directly

INFO (ASSREXT-35307): tasks left are 20

INFO (ASSREXT-35299): *** L465 '/bin/cp' executed directly

INFO (ASSREXT-35307): tasks left are 19

INFO (ASSREXT-35299): *** L478 '/bin/cp' executed directly

INFO (ASSREXT-35307): tasks left are 18

Capacitance data preparation stage took  0.57 user, 1.26 sys, 3.00 elapsed, 8504.0 kbytes
INFO (ASSREXT-35334): Capacitance data preparation stage completed successfully at Mon Sep 22 16:56:49 2025

INFO (ASSREXT-35335): pax16 started at Mon Sep 22 16:56:49 2025

pax16 -V -lee_off -delete_unused_files rm_files_in_pax16 -gnd 1 -ignore_cf_table -scf sip.cmd -cgnd 1,1.0 -rcxlvs rcxtolvsmapfile -M_perim_off -c /package/eda/cadence/gpdk045/gpdk045_v_6_0/qrc/typical/qrcTechFile -f FOX Oxide poly_conn:poly_conn_cut metal1_conn:metal1_conn_cut metal2_conn metal3_conn metal4_conn metal5_conn metal6_conn metal7_conn metal8_conn metal9_conn metal10_conn metal11_conn allGate - /package/eda/cadence/gpdk045/gpdk045_v_6_0/qrc/typical/qrcTechFile - - NET - capfile 
INFO (ASSREXT-35315): ****** For command L698:

  pax16 took  0.28 user, 0.27 sys, 1.00 elapsed, 120760.0 kbytes
 INFO (ASSREXT-35320): *** Command L698 'pax16' finished

C stage took 0.30 user, 0.31 sys, 1.00 elapsed, 8504.0 kbytes
INFO (ASSREXT-35336): pax16 completed successfully at Mon Sep 22 16:56:50 2025

INFO (ASSREXT-35337): Output stage started at Mon Sep 22 16:56:50 2025

INFO (ASSREXT-35323): tasks left are 17 

xreduce -V -mergecap -n NET -tech /package/eda/cadence/gpdk045/gpdk045_v_6_0/qrc/typical -d1 -e metal11_conn,metal10_conn,metal9_conn,metal8_conn,metal7_conn,metal6_conn,metal5_conn,metal4_conn,metal3_conn,metal2_conn,metal1_conn,poly_conn,Oxide,FOX,np_rndiff_0conn,np_rpdiff_0conn,np_rnwell_0conn,np_rpsubstrate,rcont_0poly -decoupled -sr -danglingR -minR 0.001 -rPvia rcont_0poly.res,rcont_0pdiff_metal1_0conn_pdiff_0conn.res,rcont_0ndiff_metal1_0conn_ndiff_0conn.res -rP np_rpoly_0conn.res,np_rmetal1_0conn.res,mwires.res -cap capfile L1T0 _0nmos1v.transr _0pmos1v.transr 
INFO (ASSREXT-35315): ****** For command L717:

  INFO (XREDUCE-199107): Total number of resistors is 27
   
   INFO (XREDUCE-199108): d1 option renamed 0 nets
   
   INFO (XREDUCE-199109): minR option removed 0 resistors (0%)
   
   INFO (XREDUCE-199054): Total number of capacitors in capfile is 28
   
   INFO (XREDUCE-199052): mergecap required for 11 (9%) of 122 nets
   
   INFO (XREDUCE-199113): danglingR option removed 6 resistors
   
   INFO (XREDUCE-199107): Total number of resistors is 19
   
   INFO (XREDUCE-199108): d1 option renamed 0 nets
   
   INFO (XREDUCE-199054): Total number of capacitors in capfile is 23
   
   xreduce took 0.18 user, 0.83 sys, 1.00 elapsed, 34900.0 kbytes
 INFO (ASSREXT-35320): *** Command L717 'xreduce' finished

INFO (ASSREXT-35323): tasks left are 16 

advgen -V -g0 -li -f -n -o HSPICE -TL L1T0 -cgnd 1,1.0 -dxref /home/ecegridfs/a/559mg81/pvs/svdb/NAND/NAND.gdx -nxref /home/ecegridfs/a/559mg81/pvs/svdb/NAND/NAND.gnx -addprefix -sc caps2dversion -mx capfile metal11_conn,metal10_conn,metal9_conn,metal8_conn,metal7_conn,metal6_conn,metal5_conn,metal4_conn,metal3_conn,metal2_conn,metal1_conn,poly_conn,Oxide,FOX -rPmw res.mod np_rmetal1_0conn.res,Rnp_rmetal1_0conn.dev2 np_rpoly_0conn.res,Rnp_rpoly_0conn.dev2 rcont_0poly.res,Rrcont_0poly.dev2 rcont_0pdiff_metal1_0conn_pdiff_0conn.res,Rrcont_0pdiff_metal1_0conn_pdiff_0conn.dev2 rcont_0ndiff_metal1_0conn_ndiff_0conn.res,Rrcont_0ndiff_metal1_0conn_ndiff_0conn.dev2 -rPmw mwires.mod mwires.res,mwires.dev2 -ta lvsmos.mod,_0nmos1v.net _0nmos1v.transr -ta lvsmos.mod,_0pmos1v.net _0pmos1v.transr - NET - /home/ecegridfs/a/559mg81/pvs/svdb/NAND/extview.tmp 
INFO (ASSREXT-35315): ****** For command L729:

  advgen took:  0.24 user, 0.91 sys, 1.00 elapsed, 38844.0 kbytes
 INFO (ASSREXT-35320): *** Command L729 'advgen' finished

INFO (ASSREXT-35323): tasks left are 15 

geom metal1_conn np_rmetal1_0conn - np_rmetal1_0conn,11,i,1 
INFO (ASSREXT-35316): ****** For command L747 on processor #1:

INFO (ASSREXT-35321): *** Command L747 'geom' finished on processor #1

INFO (ASSREXT-35323): tasks left are 14 

ereduce rcont_0ndiff_metal1_0conn_ndiff_0conn rcont_0ndiff_metal1_0conn_ndiff_0conn.reduce 
INFO (ASSREXT-35316): ****** For command L750 on processor #1:

INFO (ASSREXT-35321): *** Command L750 'ereduce' finished on processor #1

INFO (ASSREXT-35323): tasks left are 13 

ereduce rcont_0pdiff_metal1_0conn_pdiff_0conn rcont_0pdiff_metal1_0conn_pdiff_0conn.reduce 
INFO (ASSREXT-35316): ****** For command L755 on processor #1:

INFO (ASSREXT-35321): *** Command L755 'ereduce' finished on processor #1

INFO (ASSREXT-35323): tasks left are 12 

stamp -i np_rmetal1_0conn rcont_0ndiff_metal1_0conn_ndiff_0conn.reduce 
INFO (ASSREXT-35316): ****** For command L751 on processor #1:

INFO (ASSREXT-35321): *** Command L751 'stamp' finished on processor #1

INFO (ASSREXT-35323): tasks left are 11 

stamp -i np_rmetal1_0conn rcont_0pdiff_metal1_0conn_pdiff_0conn.reduce 
INFO (ASSREXT-35316): ****** For command L756 on processor #1:

INFO (ASSREXT-35321): *** Command L756 'stamp' finished on processor #1

INFO (ASSREXT-35323): tasks left are 10 

stamp -i rcont_0ndiff_metal1_0conn_ndiff_0conn.reduce rcont_0ndiff_metal1_0conn_ndiff_0conn 
INFO (ASSREXT-35316): ****** For command L752 on processor #1:

INFO (ASSREXT-35321): *** Command L752 'stamp' finished on processor #1

INFO (ASSREXT-35323): tasks left are 9 

stamp -i rcont_0pdiff_metal1_0conn_pdiff_0conn.reduce rcont_0pdiff_metal1_0conn_pdiff_0conn 
INFO (ASSREXT-35316): ****** For command L757 on processor #1:

INFO (ASSREXT-35321): *** Command L757 'stamp' finished on processor #1

INFO (ASSREXT-35323): tasks left are 8 

stamp -i2 np_rmetal1_0conn rcont_0poly np_rcont_0poly 
INFO (ASSREXT-35316): ****** For command L749 on processor #1:

INFO (ASSREXT-35321): *** Command L749 'stamp' finished on processor #1

INFO (ASSREXT-35323): tasks left are 7 

geom poly_conn np_rpoly_0conn - np_rpoly_0conn,11,i,1 
INFO (ASSREXT-35316): ****** For command L748 on processor #1:

INFO (ASSREXT-35321): *** Command L748 'geom' finished on processor #1

INFO (ASSREXT-35323): tasks left are 6 

stamp -i rcont_0ndiff_metal1_0conn_ndiff_0conn cont_0ndiff_metal1_0conn_ndiff_0conn 
INFO (ASSREXT-35316): ****** For command L753 on processor #1:

INFO (ASSREXT-35321): *** Command L753 'stamp' finished on processor #1

INFO (ASSREXT-35323): tasks left are 5 

stamp -i rcont_0pdiff_metal1_0conn_pdiff_0conn cont_0pdiff_metal1_0conn_pdiff_0conn 
INFO (ASSREXT-35316): ****** For command L758 on processor #1:

INFO (ASSREXT-35321): *** Command L758 'stamp' finished on processor #1

INFO (ASSREXT-35323): tasks left are 4 

INFO (ASSREXT-35299): *** L760 'mv' executed directly

INFO (ASSREXT-35307): tasks left are 3

INFO (ASSREXT-35299): *** L785 'cat' executed directly

INFO (ASSREXT-35307): tasks left are 2

INFO (ASSREXT-35299): *** L754 '/bin/rm' executed directly

INFO (ASSREXT-35307): tasks left are 1

INFO (ASSREXT-35299): *** L759 '/bin/rm' executed directly

INFO (ASSREXT-35307): tasks left are 0

Output stage took  0.76 user, 2.22 sys, 3.00 elapsed, 8508.0 kbytes
INFO (ASSREXT-35338): Output stage completed successfully at Mon Sep 22 16:56:53 2025

assura_rcx took:  0.00 user, 0.00 sys, 0.00 elapsed, 8508.0 kbytes
INFO (LBRCXM-610): Extraction finished.

INFO (LBRCXU-108): Starting

 runUserCmd /package/eda/cadence/IC231.11/bin/qrcToDfII -extract both -run_name NAND -cdlout_run_dir /home/ecegridfs/a/559mg81/pvs -check_cell_view TRUE -device_finger_delimiter @ -extracted_view av_extracted -lvs_source agds -cap_models no -capacitor pcapacitor -res_models no -resistor presistor -cap_prop_name c -res_prop_name r -transfer_net_expression TRUE -extview_tmp /home/ecegridfs/a/559mg81/pvs/svdb/NAND/extview.tmp -run_dir /home/ecegridfs/a/559mg81/pvs/svdb/NAND -cdslib /home/ecegridfs/a/559mg81/cds.lib -lib_name tutorial -cell_name NAND -view_name layout -extview_rul /package/eda/cadence/gpdk045/gpdk045_v_6_0/pvs/extview.rul -server /package/eda2/cadence/QUANTUS2311/tools/extraction/bin/64bit/../shapeServer
Virtuoso Framework License (111) was checked out successfully. Total checkout time was 0.03s.
device        g45n1svt  M          _nmos1v          nmos1v  ivpcell     gpdk045  D G S B
Loading gpdk045/libInit.il ...
	Loading gpdk045/loadCxt.ile ... done!
	Loading context 'gpdk045' from library 'gpdk045' ... done!
	Loading context 'pdkUtils' from library 'gpdk045' ... done!
	Loading gpdk045/gpdk045_customFilter.il ... done!
	Loading gpdk045/libInitCustomExit.il ... 
	Loading Environment Settings ...
	Loading gpdk045/gpdk045_PDKRegistrations.il ... done!

  *************************************************************           
  *              Cadence Design Systems, Inc.                 *           
  *                                                           *           
  *                    Generic 45nm PDK                       *           
  *                        (gpdk045)                          *           
  *                                                           *           
  *************************************************************           
	

	VERSION: 6.0 (09-September-2019)

done!
Loaded gpdk045/libInit.il successfully!
device        g45n1hvt  M      _nmos1v_hvt      nmos1v_hvt  ivpcell     gpdk045  D G S B
device        g45n1lvt  M      _nmos1v_lvt      nmos1v_lvt  ivpcell     gpdk045  D G S B
device        g45n1nvt  M  _nmos_12_native      nmos1v_nat  ivpcell     gpdk045  D G S B
device        g45n2svt  M         _nmos_25          nmos2v  ivpcell     gpdk045  D G S B
device        g45n2nvt  M  _nmos_25_native      nmos2v_nat  ivpcell     gpdk045  D G S B
device        g45ncap1  M       _nmoscap1v       nmoscap1v  ivpcell     gpdk045  D G S B
device        g45ncap2  M       _nmoscap2v       nmoscap2v  ivpcell     gpdk045  D G S B
device        g45p1svt  M          _pmos1v          pmos1v  ivpcell     gpdk045  D G S B
device        g45p1hvt  M      _pmos1v_hvt      pmos1v_hvt  ivpcell     gpdk045  D G S B
device        g45p1lvt  M      _pmos1v_lvt      pmos1v_lvt  ivpcell     gpdk045  D G S B
device        g45p2svt  M          _pmos2v          pmos2v  ivpcell     gpdk045  D G S B
device        g45pcap1  M       _pmoscap1v       pmoscap1v  ivpcell     gpdk045  D G S B
device        g45pcap2  M       _pmoscap2v       pmoscap2v  ivpcell     gpdk045  D G S B
device          g45rm1  R           _resm1           resm1  ivpcell     gpdk045  PLUS MINUS
device          g45rm2  R           _resm2           resm2  ivpcell     gpdk045  PLUS MINUS
device          g45rm3  R           _resm3           resm3  ivpcell     gpdk045  PLUS MINUS
device          g45rm4  R           _resm4           resm4  ivpcell     gpdk045  PLUS MINUS
device          g45rm5  R           _resm5           resm5  ivpcell     gpdk045  PLUS MINUS
device          g45rm6  R           _resm6           resm6  ivpcell     gpdk045  PLUS MINUS
device          g45rm7  R           _resm7           resm7  ivpcell     gpdk045  PLUS MINUS
device          g45rm8  R           _resm8           resm8  ivpcell     gpdk045  PLUS MINUS
device          g45rm9  R           _resm9           resm9  ivpcell     gpdk045  PLUS MINUS
device         g45rm10  R          _resm10          resm10  ivpcell     gpdk045  PLUS MINUS
device         g45rm11  R          _resm11          resm11  ivpcell     gpdk045  PLUS MINUS
device         g45rsnd  R       _ressndiff       ressndiff  ivpcell     gpdk045  PLUS MINUS B
device        g45rnsnd  R      _resnsndiff      resnsndiff  ivpcell     gpdk045  PLUS MINUS B
device         g45rsnp  R       _ressnpoly       ressnpoly  ivpcell     gpdk045  PLUS MINUS B
device         g45rsnp  R    _ressnpoly_nw       ressnpoly  ivpcell     gpdk045  PLUS MINUS B
device        g45rnsnp  R      _resnsnpoly      resnsnpoly  ivpcell     gpdk045  PLUS MINUS B
device        g45rnsnp  R   _resnsnpoly_nw      resnsnpoly  ivpcell     gpdk045  PLUS MINUS B
device         g45rspd  R       _resspdiff       resspdiff  ivpcell     gpdk045  PLUS MINUS B
device        g45rnspd  R      _resnspdiff      resnspdiff  ivpcell     gpdk045  PLUS MINUS B
device         g45rspp  R       _ressppoly       ressppoly  ivpcell     gpdk045  PLUS MINUS B
device         g45rspp  R    _ressppoly_nw       ressppoly  ivpcell     gpdk045  PLUS MINUS B
device        g45rnspp  R      _resnsppoly      resnsppoly  ivpcell     gpdk045  PLUS MINUS B
device        g45rnspp  R   _resnsppoly_nw      resnsppoly  ivpcell     gpdk045  PLUS MINUS B
device         g45rnws  R        _resnwsti        resnwsti  ivpcell     gpdk045  PLUS MINUS B
device         g45rnwo  R      _resnwoxide      resnwoxide  ivpcell     gpdk045  PLUS MINUS B
device       g45nd1svt  D            _ndio            ndio  ivpcell     gpdk045  PLUS MINUS
device       g45nd1lvt  D        _ndio_lvt        ndio_lvt  ivpcell     gpdk045  PLUS MINUS
device       g45nd1hvt  D        _ndio_hvt        ndio_hvt  ivpcell     gpdk045  PLUS MINUS
device       g45nd1nvt  D        _ndio_nvt        ndio_nvt  ivpcell     gpdk045  PLUS MINUS
device       g45nd2svt  D         _ndio_2v         ndio_2v  ivpcell     gpdk045  PLUS MINUS
device       g45nd2nvt  D     _ndio_2v_nvt     ndio_2v_nvt  ivpcell     gpdk045  PLUS MINUS
device       g45pd1svt  D            _pdio            pdio  ivpcell     gpdk045  PLUS MINUS
device       g45pd1lvt  D        _pdio_lvt        pdio_lvt  ivpcell     gpdk045  PLUS MINUS
device       g45pd1hvt  D        _pdio_hvt        pdio_hvt  ivpcell     gpdk045  PLUS MINUS
device       g45pd2svt  D         _pdio_2v         pdio_2v  ivpcell     gpdk045  PLUS MINUS
device        g45vpnp2  Q           _vpnp2           vpnp2  ivpcell     gpdk045  C B E
device        g45vpnp5  Q           _vpnp5           vpnp5  ivpcell     gpdk045  C B E
device       g45vpnp10  Q          _vpnp10          vpnp10  ivpcell     gpdk045  C B E
device        g45vnpn2  Q            _npn2            npn2  ivpcell     gpdk045  C B E
device        g45vnpn5  Q            _npn5            npn5  ivpcell     gpdk045  C B E
device       g45vnpn10  Q           _npn10           npn10  ivpcell     gpdk045  C B E
device         g45cmim  C          _mimcap          mimcap  ivpcell     gpdk045  PLUS MINUS B
device         g45inda  X           _ind_a           ind_a  ivpcell     gpdk045  PLUS MINUS B
device         g45inds  X           _ind_s           ind_s  ivpcell     gpdk045  PLUS MINUS B
Loading CDLOUT map files for /home/ecegridfs/a/559mg81/pvs

Creating extracted view for NAND

Save recognition layer _nmos1v
Layer _nmos1v has 2 shapes.
Save recognition layer _nmos1v_hvt
Layer _nmos1v_hvt has 0 shapes.
Save recognition layer _nmos1v_lvt
Layer _nmos1v_lvt has 0 shapes.
Save recognition layer _nmos_12_native
Layer _nmos_12_native has 0 shapes.
Save recognition layer _nmos_25
Layer _nmos_25 has 0 shapes.
Save recognition layer _nmos_25_native
Layer _nmos_25_native has 0 shapes.
Save recognition layer _nmoscap1v
Layer _nmoscap1v has 0 shapes.
Save recognition layer _nmoscap2v
Layer _nmoscap2v has 0 shapes.
Save recognition layer _pmos1v
Layer _pmos1v has 2 shapes.
Save recognition layer _pmos1v_hvt
Layer _pmos1v_hvt has 0 shapes.
Save recognition layer _pmos1v_lvt
Layer _pmos1v_lvt has 0 shapes.
Save recognition layer _pmos2v
Layer _pmos2v has 0 shapes.
Save recognition layer _pmoscap1v
Layer _pmoscap1v has 0 shapes.
Save recognition layer _pmoscap2v
Layer _pmoscap2v has 0 shapes.
Save recognition layer _resm1
Layer _resm1 has 0 shapes.
Save recognition layer _resm2
Layer _resm2 has 0 shapes.
Save recognition layer _resm3
Layer _resm3 has 0 shapes.
Save recognition layer _resm4
Layer _resm4 has 0 shapes.
Save recognition layer _resm5
Layer _resm5 has 0 shapes.
Save recognition layer _resm6
Layer _resm6 has 0 shapes.
Save recognition layer _resm7
Layer _resm7 has 0 shapes.
Save recognition layer _resm8
Layer _resm8 has 0 shapes.
Save recognition layer _resm9
Layer _resm9 has 0 shapes.
Save recognition layer _resm10
Layer _resm10 has 0 shapes.
Save recognition layer _resm11
Layer _resm11 has 0 shapes.
Save recognition layer _ressndiff
Layer _ressndiff has 0 shapes.
Save recognition layer _resnsndiff
Layer _resnsndiff has 0 shapes.
Save recognition layer _ressnpoly
Layer _ressnpoly has 0 shapes.
Save recognition layer _ressnpoly_nw
Layer _ressnpoly_nw has 0 shapes.
Save recognition layer _resnsnpoly
Layer _resnsnpoly has 0 shapes.
Save recognition layer _resnsnpoly_nw
Layer _resnsnpoly_nw has 0 shapes.
Save recognition layer _resspdiff
Layer _resspdiff has 0 shapes.
Save recognition layer _resnspdiff
Layer _resnspdiff has 0 shapes.
Save recognition layer _ressppoly
Layer _ressppoly has 0 shapes.
Save recognition layer _ressppoly_nw
Layer _ressppoly_nw has 0 shapes.
Save recognition layer _resnsppoly
Layer _resnsppoly has 0 shapes.
Save recognition layer _resnsppoly_nw
Layer _resnsppoly_nw has 0 shapes.
Save recognition layer _resnwsti
Layer _resnwsti has 0 shapes.
Save recognition layer _resnwoxide
Layer _resnwoxide has 0 shapes.
Save recognition layer _ndio
Layer _ndio has 0 shapes.
Save recognition layer _ndio_lvt
Layer _ndio_lvt has 0 shapes.
Save recognition layer _ndio_hvt
Layer _ndio_hvt has 0 shapes.
Save recognition layer _ndio_nvt
Layer _ndio_nvt has 0 shapes.
Save recognition layer _ndio_2v
Layer _ndio_2v has 0 shapes.
Save recognition layer _ndio_2v_nvt
Layer _ndio_2v_nvt has 0 shapes.
Save recognition layer _pdio
Layer _pdio has 0 shapes.
Save recognition layer _pdio_lvt
Layer _pdio_lvt has 0 shapes.
Save recognition layer _pdio_hvt
Layer _pdio_hvt has 0 shapes.
Save recognition layer _pdio_2v
Layer _pdio_2v has 0 shapes.
Save recognition layer _vpnp2
Layer _vpnp2 has 0 shapes.
Save recognition layer _vpnp5
Layer _vpnp5 has 0 shapes.
Save recognition layer _vpnp10
Layer _vpnp10 has 0 shapes.
Save recognition layer _npn2
Layer _npn2 has 0 shapes.
Save recognition layer _npn5
Layer _npn5 has 0 shapes.
Save recognition layer _npn10
Layer _npn10 has 0 shapes.
Save recognition layer _mimcap
Layer _mimcap has 0 shapes.
Save recognition layer _ind_a
Layer _ind_a has 0 shapes.
Save recognition layer _ind_s
Layer _ind_s has 0 shapes.
Copying layer Bondpad
Layer Bondpad has 0 shapes.
Copying layer ind11
Layer ind11 has 0 shapes.
Copying layer CapMetal
Layer CapMetal has 0 shapes.
Copying layer via10_cap
Layer via10_cap has 0 shapes.
Copying layer metal10_conn
Layer metal10_conn has 0 shapes.
Copying layer via10_nocap
Layer via10_nocap has 0 shapes.
Copying layer ind10
Layer ind10 has 0 shapes.
Copying layer ind_via_diva
Layer ind_via_diva has 0 shapes.
Copying layer via10_nodev
Layer via10_nodev has 0 shapes.
Copying layer ind_ct
Layer ind_ct has 0 shapes.
Copying layer metal9_conn
Layer metal9_conn has 0 shapes.
Copying layer Via9
Layer Via9 has 0 shapes.
Copying layer metal8_conn
Layer metal8_conn has 0 shapes.
Copying layer Via8
Layer Via8 has 0 shapes.
Copying layer metal7_conn
Layer metal7_conn has 0 shapes.
Copying layer Via7
Layer Via7 has 0 shapes.
Copying layer metal6_conn
Layer metal6_conn has 0 shapes.
Copying layer Via6
Layer Via6 has 0 shapes.
Copying layer metal5_conn
Layer metal5_conn has 0 shapes.
Copying layer Via5
Layer Via5 has 0 shapes.
Copying layer metal4_conn
Layer metal4_conn has 0 shapes.
Copying layer Via4
Layer Via4 has 0 shapes.
Copying layer metal3_conn
Layer metal3_conn has 0 shapes.
Copying layer Via3
Layer Via3 has 0 shapes.
Copying layer metal2_conn
Layer metal2_conn has 0 shapes.
Copying layer Via2
Layer Via2 has 0 shapes.
Copying layer metal1_conn
Layer metal1_conn has 26 shapes.
Copying layer Via1
Layer Via1 has 0 shapes.
Copying layer poly_conn
Layer poly_conn has 7 shapes.
Copying layer cont_poly
Layer cont_poly has 2 shapes.
Copying layer pdiff_conn
Layer pdiff_conn has 4 shapes.
Copying layer pdiff_conn
Layer pdiff_conn has 4 shapes.
Copying layer cont_pdiff
Layer cont_pdiff has 5 shapes.
Copying layer npn_emit
Layer npn_emit has 0 shapes.
Copying layer cont_ndiff
Layer cont_ndiff has 5 shapes.
Copying layer ndiff_conn
Layer ndiff_conn has 4 shapes.
Copying layer ndiff_conn
Layer ndiff_conn has 4 shapes.
Copying layer pnp_emit
Layer pnp_emit has 0 shapes.
Copying layer psubstrate
Layer psubstrate has 1 shapes.
Copying layer nwell_conn
Layer nwell_conn has 1 shapes.
Copying layer Nburied
Layer Nburied has 0 shapes.
Copying layer nb_tap
Layer nb_tap has 0 shapes.


Summary for tutorial/NAND/av_extracted

instance count totals:

    lib              cell             view                    total
    analogLib        pcapacitor       symbol                     19
    analogLib        presistor        symbol                     19
    gpdk045          nmos1v           ivpcell                     2
    gpdk045          pmos1v           ivpcell                     2

Extracted view creation has completed.
INFO (LBRCXM-612): Done Executing :runUserCmd

INFO (LBRCXM-582): Checking in license of QTS300 23.10

INFO (LBRCXM-985): Summary:
 Number of CPUs requested:		1
 Techfile(s):
    /package/eda/cadence/gpdk045/gpdk045_v_6_0/qrc/typical/qrcTechFile; process name: GPDK45_typical
 License(s) used:	QTS300 (x1)
 Design data:
    global nets:                  0
    LVS nets:                     6
    signal nets:                  6
    floating nets:                0
    ground net name:              GND
 Reduction statistics:
    Dangling Rs removed:          6
    Merged Parallel Rs:           0
    Mfactor Merged Devices:       0
    Rs shorted by min_res option: 0
    Merged Parallel Self Caps:    0
    CCs filtered by minC option:  0
    Shorted Incomplete Nets:      0
 Output statistics:
    R: 19
    C: 19
    L: 0


INFO (LBRCXM-920): Host name and peak memory report
 Host Name:                    ececomp5.ecn.purdue.edu
 Peak memory used:             196 MB (sampled at 15s intervals)

INFO (LBRCXM-982): Floating net statistics in the design:

   Total floating nets =  0
     Total signal nets =  6
         Total LVS net = 6

INFO (LBRCXM-702): Run ended: Mon Sep 22 16:56:55 2025


INFO (LBRCXM-805): Quantus run took:  5s user, 7s sys, 17s elapsed


INFO (LBRCXM-708): *****  Quantus terminated normally  *****


