INFO (LBRCXU-108): Starting

 runUserCmd /package/eda/cadence/IC231.11/bin/qrcToDfII -extract both -run_name FAdder -cdlout_run_dir /home/ecegridfs/a/559mg81/pvs -check_cell_view TRUE -device_finger_delimiter @ -extracted_view av_extracted -lvs_source agds -cap_models no -capacitor pcapacitor -res_models no -resistor presistor -cap_prop_name c -res_prop_name r -transfer_net_expression TRUE -t -extview_tmp /home/ecegridfs/a/559mg81/pvs/svdb/FAdder/extview.tmp -run_dir /home/ecegridfs/a/559mg81/pvs/svdb/FAdder -cdslib /home/ecegridfs/a/559mg81/cds.lib -lib_name tutorial -cell_name FAdder -view_name layout -extview_rul /package/eda/cadence/gpdk045/gpdk045_v_6_0/pvs/extview.rul -server /package/eda2/cadence/QUANTUS2311/tools/extraction/bin/64bit/../shapeServer
Virtuoso Framework License (111) was checked out successfully. Total checkout time was 0.03s.
device        g45n1svt  M          _nmos1v          nmos1v  ivpcell     gpdk045  D G S B
Loading gpdk045/libInit.il ...
	Loading gpdk045/loadCxt.ile ... done!
	Loading context 'gpdk045' from library 'gpdk045' ... done!
	Loading context 'pdkUtils' from library 'gpdk045' ... done!
	Loading gpdk045/gpdk045_customFilter.il ... done!
	Loading gpdk045/libInitCustomExit.il ... 
	Loading Environment Settings ...
	Loading gpdk045/gpdk045_PDKRegistrations.il ... done!

  *************************************************************           
  *              Cadence Design Systems, Inc.                 *           
  *                                                           *           
  *                    Generic 45nm PDK                       *           
  *                        (gpdk045)                          *           
  *                                                           *           
  *************************************************************           
	

	VERSION: 6.0 (09-September-2019)

done!
Loaded gpdk045/libInit.il successfully!
device        g45n1hvt  M      _nmos1v_hvt      nmos1v_hvt  ivpcell     gpdk045  D G S B
device        g45n1lvt  M      _nmos1v_lvt      nmos1v_lvt  ivpcell     gpdk045  D G S B
device        g45n1nvt  M  _nmos_12_native      nmos1v_nat  ivpcell     gpdk045  D G S B
device        g45n2svt  M         _nmos_25          nmos2v  ivpcell     gpdk045  D G S B
device        g45n2nvt  M  _nmos_25_native      nmos2v_nat  ivpcell     gpdk045  D G S B
device        g45ncap1  M       _nmoscap1v       nmoscap1v  ivpcell     gpdk045  D G S B
device        g45ncap2  M       _nmoscap2v       nmoscap2v  ivpcell     gpdk045  D G S B
device        g45p1svt  M          _pmos1v          pmos1v  ivpcell     gpdk045  D G S B
device        g45p1hvt  M      _pmos1v_hvt      pmos1v_hvt  ivpcell     gpdk045  D G S B
device        g45p1lvt  M      _pmos1v_lvt      pmos1v_lvt  ivpcell     gpdk045  D G S B
device        g45p2svt  M          _pmos2v          pmos2v  ivpcell     gpdk045  D G S B
device        g45pcap1  M       _pmoscap1v       pmoscap1v  ivpcell     gpdk045  D G S B
device        g45pcap2  M       _pmoscap2v       pmoscap2v  ivpcell     gpdk045  D G S B
device          g45rm1  R           _resm1           resm1  ivpcell     gpdk045  PLUS MINUS
device          g45rm2  R           _resm2           resm2  ivpcell     gpdk045  PLUS MINUS
device          g45rm3  R           _resm3           resm3  ivpcell     gpdk045  PLUS MINUS
device          g45rm4  R           _resm4           resm4  ivpcell     gpdk045  PLUS MINUS
device          g45rm5  R           _resm5           resm5  ivpcell     gpdk045  PLUS MINUS
device          g45rm6  R           _resm6           resm6  ivpcell     gpdk045  PLUS MINUS
device          g45rm7  R           _resm7           resm7  ivpcell     gpdk045  PLUS MINUS
device          g45rm8  R           _resm8           resm8  ivpcell     gpdk045  PLUS MINUS
device          g45rm9  R           _resm9           resm9  ivpcell     gpdk045  PLUS MINUS
device         g45rm10  R          _resm10          resm10  ivpcell     gpdk045  PLUS MINUS
device         g45rm11  R          _resm11          resm11  ivpcell     gpdk045  PLUS MINUS
device         g45rsnd  R       _ressndiff       ressndiff  ivpcell     gpdk045  PLUS MINUS B
device        g45rnsnd  R      _resnsndiff      resnsndiff  ivpcell     gpdk045  PLUS MINUS B
device         g45rsnp  R       _ressnpoly       ressnpoly  ivpcell     gpdk045  PLUS MINUS B
device         g45rsnp  R    _ressnpoly_nw       ressnpoly  ivpcell     gpdk045  PLUS MINUS B
device        g45rnsnp  R      _resnsnpoly      resnsnpoly  ivpcell     gpdk045  PLUS MINUS B
device        g45rnsnp  R   _resnsnpoly_nw      resnsnpoly  ivpcell     gpdk045  PLUS MINUS B
device         g45rspd  R       _resspdiff       resspdiff  ivpcell     gpdk045  PLUS MINUS B
device        g45rnspd  R      _resnspdiff      resnspdiff  ivpcell     gpdk045  PLUS MINUS B
device         g45rspp  R       _ressppoly       ressppoly  ivpcell     gpdk045  PLUS MINUS B
device         g45rspp  R    _ressppoly_nw       ressppoly  ivpcell     gpdk045  PLUS MINUS B
device        g45rnspp  R      _resnsppoly      resnsppoly  ivpcell     gpdk045  PLUS MINUS B
device        g45rnspp  R   _resnsppoly_nw      resnsppoly  ivpcell     gpdk045  PLUS MINUS B
device         g45rnws  R        _resnwsti        resnwsti  ivpcell     gpdk045  PLUS MINUS B
device         g45rnwo  R      _resnwoxide      resnwoxide  ivpcell     gpdk045  PLUS MINUS B
device       g45nd1svt  D            _ndio            ndio  ivpcell     gpdk045  PLUS MINUS
device       g45nd1lvt  D        _ndio_lvt        ndio_lvt  ivpcell     gpdk045  PLUS MINUS
device       g45nd1hvt  D        _ndio_hvt        ndio_hvt  ivpcell     gpdk045  PLUS MINUS
device       g45nd1nvt  D        _ndio_nvt        ndio_nvt  ivpcell     gpdk045  PLUS MINUS
device       g45nd2svt  D         _ndio_2v         ndio_2v  ivpcell     gpdk045  PLUS MINUS
device       g45nd2nvt  D     _ndio_2v_nvt     ndio_2v_nvt  ivpcell     gpdk045  PLUS MINUS
device       g45pd1svt  D            _pdio            pdio  ivpcell     gpdk045  PLUS MINUS
device       g45pd1lvt  D        _pdio_lvt        pdio_lvt  ivpcell     gpdk045  PLUS MINUS
device       g45pd1hvt  D        _pdio_hvt        pdio_hvt  ivpcell     gpdk045  PLUS MINUS
device       g45pd2svt  D         _pdio_2v         pdio_2v  ivpcell     gpdk045  PLUS MINUS
device        g45vpnp2  Q           _vpnp2           vpnp2  ivpcell     gpdk045  C B E
device        g45vpnp5  Q           _vpnp5           vpnp5  ivpcell     gpdk045  C B E
device       g45vpnp10  Q          _vpnp10          vpnp10  ivpcell     gpdk045  C B E
device        g45vnpn2  Q            _npn2            npn2  ivpcell     gpdk045  C B E
device        g45vnpn5  Q            _npn5            npn5  ivpcell     gpdk045  C B E
device       g45vnpn10  Q           _npn10           npn10  ivpcell     gpdk045  C B E
device         g45cmim  C          _mimcap          mimcap  ivpcell     gpdk045  PLUS MINUS B
device         g45inda  X           _ind_a           ind_a  ivpcell     gpdk045  PLUS MINUS B
device         g45inds  X           _ind_s           ind_s  ivpcell     gpdk045  PLUS MINUS B

All device symbols for the extracted view are present.

INFO (LBRCXM-612): Done Executing :runUserCmd

INFO (LBRCXM-642): Constructing the RCX run script

Forking: agdsPrep -V -rundir /home/ecegridfs/a/559mg81/pvs/svdb -agf /home/ecegridfs/a/559mg81/pvs/svdb/FAdder.agf -outdir /home/ecegridfs/a/559mg81/pvs/svdb/FAdder// -sch -df2 -e /home/ecegridfs/a/559mg81/pvs/svdb/FAdder.gds.map:FAdder.alm,FAdder.ilf -pl FAdder.ports -mcell /home/ecegridfs/a/559mg81/pvs/svdb/FAdder/FAdder.hcl -d FAdder.devtab -l /home/ecegridfs/a/559mg81/pvs/svdb/FAdder.lvsfile -i FAdder.ixf,FAdder.lph,FAdder.sph:FAdder.gdx -n FAdder.nxf,FAdder.stl:FAdder.gnx -s FAdder_pin_xy.spi:FAdder.xcn,hccidtmfile

agdsPrep took  0.01 user, 0.04 sys, 0.00 elapsed, 15876.0 kbytes
Forking:  capgen -techdir /package/eda/cadence/gpdk045/gpdk045_v_6_0/qrc/typical -inc /home/ecegridfs/a/559mg81/pvs/svdb/FAdder/FAdder.ilf -lvs /home/ecegridfs/a/559mg81/pvs/svdb/FAdder/FAdder.xcn -lvsvia -p2lvs /package/eda/cadence/gpdk045/gpdk045_v_6_0/qrc/typical/qrcTechFile -reseqn -sw3d -p poly_conn,allGate,Oxide -canonical_res_caps -length_units meters -exclude_gate_res -cap_ground_layer psubstrate /home/ecegridfs/a/559mg81/pvs/svdb/FAdder

INFO (LBMISC-215205): 
*** Cadence Quantus Extraction Techgen -trans VERSION 23.1.1 Linux 64 bit - (Thu Nov 14 23:58:04 PST 2024)  ***


INFO (CAPGEN-41199): 


Techgen -trans results will be written to directory: /home/ecegridfs/a/559mg81/pvs/svdb/FAdder

/home/ecegridfs/a/559mg81/pvs/svdb/FAdder/rcx_temp/tTWF020508YJBGJM
INFO (CAPGEN-41737): Lvs connect layers Bondpad CapMetal Nburied ind10 ind11 ind_ct npn_emit pnp_emit are not mapped in layer_setup file

INFO (CAPGEN-41809):  Lvs connect via bp_tap ind_via_diva via10_nodev ptap ntap nb_tap are not mapped in layer_setup file.

INFO (RCXSPIC-28057): RCXspice: unrecognized variable 'LVSNAMES' in file '/home/ecegridfs/a/559mg81/pvs/svdb/FAdder/RCXspiceINIT'

INFO (RCXSPIC-28057): RCXspice: unrecognized variable 'QRCNAMES' in file '/home/ecegridfs/a/559mg81/pvs/svdb/FAdder/RCXspiceINIT'

rcxspice took  0.61 user, 0.21 sys, 1.00 elapsed, 100740.0 kbytes
The supplied design data will be treated as a HIERARCHICAL design

Successfully created RCX script '/home/ecegridfs/a/559mg81/pvs/svdb/FAdder/rcx.sh'
INFO (LBRCXM-581): Checked out '1' license(s) of QTS300 23.10

INFO (LBRCXM-608): Executing command
   /package/eda2/cadence/QUANTUS2311/tools/extraction/bin/64bit/assura_rcx -V  /home/ecegridfs/a/559mg81/pvs/svdb/FAdder/rcx.sh


     ***    assura_rcx VERSION 23.1.1 Linux 64 bit - (Thu Nov 14 23:58:04 PST 2024)    ***


	***************************************************
	*			  			  *
	* Copyright (c) 2025 Cadence Design Systems, Inc. *
	*		All Rights Reserved		  *
	*			  			  *
	*	  THIS IS UNPUBLISHED PROPRIETARY	  *
	*  INFORMATION OF Cadence Design Systems, Inc. 	  *
	*	   THE COPYRIGHT NOTICE DOES NOT	  *
	*	       EVIDENCE PUBLICATION		  *
	*			  			  *
	***************************************************
INFO (ASSREXT-35013): 

* caps2d version: 10
ENDCAT
meters
ENDCAT
agds2rcx -np 1 -V -H satfile -r /home/ecegridfs/a/559mg81/pvs/svdb/FAdder/FAdder.xcn -split_float_exclude_layers ndiff_0conn,pdiff_0conn,nwell_0conn,psubstrate -crundir /home/ecegridfs/a/559mg81/pvs/svdb -unit meters -df2 -xgl -pl FAdder.ports -f FAdder.alm -lnn FAdder.lnn -pnet 5 -pinst 6 -pdev 7 FAdder.agf FAdder_pin_xy.spi 
WARNING (AGDSEXT-30124): The <design>.props file is not available. The CCL option "input_db calibre/pvs/pegasus -device_properties_file <filename>" can be used to specify the .props file. 

	***************************************************
	*			  			  *
	* Copyright (c) 2025 Cadence Design Systems, Inc. *
	*		All Rights Reserved		  *
	*			  			  *
	*	  THIS IS UNPUBLISHED PROPRIETARY	  *
	*  INFORMATION OF Cadence Design Systems, Inc. 	  *
	*	   THE COPYRIGHT NOTICE DOES NOT	  *
	*	       EVIDENCE PUBLICATION		  *
	*			  			  *
	***************************************************
INFO (AGDSEXT-30016): 
setting dbunit 5e-10 1 5e-10

agds2rcx took 0.02 user, 0.19 sys, 1.00 elapsed, 18744.0 kbytes
Input stage took  0.03 user, 0.22 sys, 1.00 elapsed, 5880.0 kbytes
INFO (ASSREXT-35329): Resistance data preparation stage started at Sat Dec  6 17:15:49 2025

sip -V -cgnd ${CAP_GROUND} -s -o -sub 2 -mlc metal1_conn,metal2_conn -er \
	metal3_conn.den -n 1.75 -i 0,1.751 -b \
	metal2_conn,metal1_conn,poly_conn,Oxide,FOX -t \
	metal4_conn,metal5_conn,metal6_conn,metal7_conn,metal8_conn,metal9_conn,metal10_conn,metal11_conn \
	-j 0.08 -Maxw 1.8 -p metal3_conn,key 0,1.75 - metal3_conn.sip
sip -V -cgnd ${CAP_GROUND} -s -o -sub 2 -mlc metal2_conn,metal3_conn -er \
	metal4_conn.den -n 1.75 -i 0,1.751 -b \
	metal3_conn,metal2_conn,metal1_conn,poly_conn,Oxide,FOX -t \
	metal5_conn,metal6_conn,metal7_conn,metal8_conn,metal9_conn,metal10_conn,metal11_conn \
	-j 0.08 -Maxw 1.8 -p metal4_conn,key 0,1.75 - metal4_conn.sip
sip -V -cgnd ${CAP_GROUND} -s -o -sub 2 -mlc metal3_conn,metal4_conn -er \
	metal5_conn.den -n 1.75 -i 0,1.751 -b \
	metal4_conn,metal3_conn,metal2_conn,metal1_conn,poly_conn,Oxide,FOX \
	-t \
	metal6_conn,metal7_conn,metal8_conn,metal9_conn,metal10_conn,metal11_conn \
	-j 0.08 -Maxw 1.8 -p metal5_conn,key 0,1.75 - metal5_conn.sip
sip -V -cgnd ${CAP_GROUND} -s -o -sub 2 -mlc metal4_conn,metal5_conn -er \
	metal6_conn.den -n 1.75 -i 0,1.751 -b \
	metal5_conn,metal4_conn,metal3_conn,metal2_conn,metal1_conn,poly_conn,Oxide,FOX \
	-t metal7_conn,metal8_conn,metal9_conn,metal10_conn,metal11_conn -j \
	0.08 -Maxw 1.8 -p metal6_conn,key 0,1.75 - metal6_conn.sip
sip -V -cgnd ${CAP_GROUND} -s -o -sub 2 -mlc metal5_conn,metal6_conn -er \
	metal7_conn.den -n 1.75 -i 0,1.751 -b \
	metal6_conn,metal5_conn,metal4_conn,metal3_conn,metal2_conn,metal1_conn,poly_conn,Oxide,FOX \
	-t metal8_conn,metal9_conn,metal10_conn,metal11_conn -j 0.08 -Maxw \
	1.8 -p metal7_conn,key 0,1.75 - metal7_conn.sip
sip -V -cgnd ${CAP_GROUND} -s -o -sub 2 -mlc metal6_conn,metal7_conn -er \
	metal8_conn.den -n 1.75 -i 0,1.751 -b \
	metal7_conn,metal6_conn,metal5_conn,metal4_conn,metal3_conn,metal2_conn,metal1_conn,poly_conn,Oxide,FOX \
	-t metal9_conn,metal10_conn,metal11_conn -j 0.08 -Maxw 1.8 -p \
	metal8_conn,key 0,1.75 - metal8_conn.sip
sip -V -cgnd ${CAP_GROUND} -s -o -sub 2 -mlc metal7_conn,metal8_conn -er \
	metal9_conn.den -n 1.75 -i 0,1.751 -b \
	metal8_conn,metal7_conn,metal6_conn,metal5_conn,metal4_conn,metal3_conn,metal2_conn,metal1_conn,poly_conn,Oxide,FOX \
	-t metal10_conn,metal11_conn -j 0.08 -Maxw 1.8 -p metal9_conn,key \
	0,1.75 - metal9_conn.sip
sip -V -cgnd ${CAP_GROUND} -s -o -sub 2 -mlc metal8_conn,metal9_conn -er \
	metal10_conn.den -n 5 -i 0,5.001 -b \
	metal9_conn,metal8_conn,metal7_conn,metal6_conn,metal5_conn,metal4_conn,metal3_conn,metal2_conn,metal1_conn,poly_conn,Oxide,FOX \
	-t metal11_conn -j 0.22 -Maxw 4.95 -p metal10_conn,key 0,5 - \
	metal10_conn.sip
sip -V -cgnd ${CAP_GROUND} -s -o -sub 2 -mlc metal9_conn,metal10_conn -n 5 -i \
	0,5.001 -b \
	metal10_conn,metal9_conn,metal8_conn,metal7_conn,metal6_conn,metal5_conn,metal4_conn,metal3_conn,metal2_conn,metal1_conn,poly_conn,Oxide,FOX \
	-j 0.22 -Maxw 4.95 -p metal11_conn,key 0,5 - metal11_conn.sip
sip -V -cgnd ${CAP_GROUND} -s -o -sub 2 -cp poly_conn,allGate,Oxide -n 0.6 -i \
	0,0.601 -b Oxide,FOX -t \
	metal1_conn,metal2_conn,metal3_conn,metal4_conn,metal5_conn,metal6_conn,metal7_conn,metal8_conn,metal9_conn,metal10_conn,metal11_conn \
	-j 0.045 -Maxw 1.0125 -p poly_conn,key 0,0.6 - poly_conn.sip
sip -V -cgnd ${CAP_GROUND} -s -o -sub 2 -mlc poly_conn -er metal1_conn.den -n \
	1.2 -i 0,1.201 -b poly_conn,Oxide,FOX -t \
	metal2_conn,metal3_conn,metal4_conn,metal5_conn,metal6_conn,metal7_conn,metal8_conn,metal9_conn,metal10_conn,metal11_conn \
	-j 0.06 -Maxw 1.35 -p metal1_conn,key 0,1.2 - metal1_conn.sip
sip -V -cgnd ${CAP_GROUND} -s -o -sub 2 -mlc poly_conn,metal1_conn -er \
	metal2_conn.den -n 1.4 -i 0,1.401 -b metal1_conn,poly_conn,Oxide,FOX \
	-t \
	metal3_conn,metal4_conn,metal5_conn,metal6_conn,metal7_conn,metal8_conn,metal9_conn,metal10_conn,metal11_conn \
	-j 0.08 -Maxw 1.8 -p metal2_conn,key 0,1.4 - metal2_conn.sip
sip -V -s -cgnd ${CAP_GROUND} -sub 2 -L3A -h -b \
	metal9_conn,metal8_conn,metal7_conn,metal6_conn,metal5_conn,metal4_conn,metal3_conn,metal2_conn,metal1_conn,poly_conn,Oxide,FOX \
	-Maxw 4.95 -p metal10_conn,key,metal11_conn,key 0,5,0 - \
	metal10_conn_metal11_conn.sip
sip -V -s -cgnd ${CAP_GROUND} -sub 2 -L3A -h -R metal11_conn -b \
	metal8_conn,metal7_conn,metal6_conn,metal5_conn,metal4_conn,metal3_conn,metal2_conn,metal1_conn,poly_conn,Oxide,FOX \
	-Maxw 4.95 -p metal9_conn,key,metal11_conn,key 0,5,0 - \
	metal9_conn_metal11_conn.sip
sip -V -s -cgnd ${CAP_GROUND} -sub 2 -h -b \
	metal8_conn,metal7_conn,metal6_conn,metal5_conn,metal4_conn,metal3_conn,metal2_conn,metal1_conn,poly_conn,Oxide,FOX \
	-t metal11_conn -Maxw 4.95 -p metal9_conn,key,metal10_conn,key 0,5,0 \
	- metal9_conn_metal10_conn.sip
sip -V -s -cgnd ${CAP_GROUND} -sub 2 -L3A -h -R metal10_conn -b \
	metal7_conn,metal6_conn,metal5_conn,metal4_conn,metal3_conn,metal2_conn,metal1_conn,poly_conn,Oxide,FOX \
	-t metal11_conn -Maxw 4.95 -p metal8_conn,key,metal10_conn,key 0,5,0 \
	- metal8_conn_metal10_conn.sip
sip -V -s -cgnd ${CAP_GROUND} -sub 2 -h -b \
	metal7_conn,metal6_conn,metal5_conn,metal4_conn,metal3_conn,metal2_conn,metal1_conn,poly_conn,Oxide,FOX \
	-t metal10_conn,metal11_conn -Maxw 1.8 -p \
	metal8_conn,key,metal9_conn,key 0,1.75,0 - \
	metal8_conn_metal9_conn.sip
sip -V -s -cgnd ${CAP_GROUND} -sub 2 -L3A -h -R metal9_conn -b \
	metal6_conn,metal5_conn,metal4_conn,metal3_conn,metal2_conn,metal1_conn,poly_conn,Oxide,FOX \
	-t metal10_conn,metal11_conn -Maxw 1.8 -p \
	metal7_conn,key,metal9_conn,key 0,1.75,0 - \
	metal7_conn_metal9_conn.sip
sip -V -s -cgnd ${CAP_GROUND} -sub 2 -h -b \
	metal6_conn,metal5_conn,metal4_conn,metal3_conn,metal2_conn,metal1_conn,poly_conn,Oxide,FOX \
	-t metal9_conn,metal10_conn,metal11_conn -Maxw 1.8 -p \
	metal7_conn,key,metal8_conn,key 0,1.75,0 - \
	metal7_conn_metal8_conn.sip
sip -V -s -cgnd ${CAP_GROUND} -sub 2 -L3A -h -R metal8_conn -b \
	metal5_conn,metal4_conn,metal3_conn,metal2_conn,metal1_conn,poly_conn,Oxide,FOX \
	-t metal9_conn,metal10_conn,metal11_conn -Maxw 1.8 -p \
	metal6_conn,key,metal8_conn,key 0,1.75,0 - \
	metal6_conn_metal8_conn.sip
sip -V -s -cgnd ${CAP_GROUND} -sub 2 -h -b \
	metal5_conn,metal4_conn,metal3_conn,metal2_conn,metal1_conn,poly_conn,Oxide,FOX \
	-t metal8_conn,metal9_conn,metal10_conn,metal11_conn -Maxw 1.8 -p \
	metal6_conn,key,metal7_conn,key 0,1.75,0 - \
	metal6_conn_metal7_conn.sip
sip -V -s -cgnd ${CAP_GROUND} -sub 2 -L3A -h -R metal7_conn -b \
	metal4_conn,metal3_conn,metal2_conn,metal1_conn,poly_conn,Oxide,FOX \
	-t metal8_conn,metal9_conn,metal10_conn,metal11_conn -Maxw 1.8 -p \
	metal5_conn,key,metal7_conn,key 0,1.75,0 - \
	metal5_conn_metal7_conn.sip
sip -V -s -cgnd ${CAP_GROUND} -sub 2 -h -b \
	metal4_conn,metal3_conn,metal2_conn,metal1_conn,poly_conn,Oxide,FOX \
	-t metal7_conn,metal8_conn,metal9_conn,metal10_conn,metal11_conn \
	-Maxw 1.8 -p metal5_conn,key,metal6_conn,key 0,1.75,0 - \
	metal5_conn_metal6_conn.sip
sip -V -s -cgnd ${CAP_GROUND} -sub 2 -L3A -h -R metal6_conn -b \
	metal3_conn,metal2_conn,metal1_conn,poly_conn,Oxide,FOX -t \
	metal7_conn,metal8_conn,metal9_conn,metal10_conn,metal11_conn -Maxw \
	1.8 -p metal4_conn,key,metal6_conn,key 0,1.75,0 - \
	metal4_conn_metal6_conn.sip
sip -V -s -cgnd ${CAP_GROUND} -sub 2 -h -b \
	metal3_conn,metal2_conn,metal1_conn,poly_conn,Oxide,FOX -t \
	metal6_conn,metal7_conn,metal8_conn,metal9_conn,metal10_conn,metal11_conn \
	-Maxw 1.8 -p metal4_conn,key,metal5_conn,key 0,1.75,0 - \
	metal4_conn_metal5_conn.sip
sip -V -s -cgnd ${CAP_GROUND} -sub 2 -L3A -h -R metal5_conn -b \
	metal2_conn,metal1_conn,poly_conn,Oxide,FOX -t \
	metal6_conn,metal7_conn,metal8_conn,metal9_conn,metal10_conn,metal11_conn \
	-Maxw 1.8 -p metal3_conn,key,metal5_conn,key 0,1.75,0 - \
	metal3_conn_metal5_conn.sip
sip -V -s -cgnd ${CAP_GROUND} -sub 2 -h -b \
	metal2_conn,metal1_conn,poly_conn,Oxide,FOX -t \
	metal5_conn,metal6_conn,metal7_conn,metal8_conn,metal9_conn,metal10_conn,metal11_conn \
	-Maxw 1.8 -p metal3_conn,key,metal4_conn,key 0,1.75,0 - \
	metal3_conn_metal4_conn.sip
sip -V -s -cgnd ${CAP_GROUND} -sub 2 -L3A -h -R metal4_conn -b \
	metal1_conn,poly_conn,Oxide,FOX -t \
	metal5_conn,metal6_conn,metal7_conn,metal8_conn,metal9_conn,metal10_conn,metal11_conn \
	-Maxw 1.8 -p metal2_conn:metal2_conn_cut,key,metal4_conn,key 0,1.75,0 \
	- metal2_conn_metal4_conn.sip
sip -V -s -cgnd ${CAP_GROUND} -sub 2 -h -b metal1_conn,poly_conn,Oxide,FOX -t \
	metal4_conn,metal5_conn,metal6_conn,metal7_conn,metal8_conn,metal9_conn,metal10_conn,metal11_conn \
	-Maxw 1.8 -p metal2_conn:metal2_conn_cut,key,metal3_conn,key 0,1.75,0 \
	- metal2_conn_metal3_conn.sip
sip -V -s -cgnd ${CAP_GROUND} -sub 2 -L3A -h -R metal3_conn -b \
	poly_conn,Oxide,FOX -t \
	metal4_conn,metal5_conn,metal6_conn,metal7_conn,metal8_conn,metal9_conn,metal10_conn,metal11_conn \
	-k metal2_conn:0.15 -Maxw 1.8 -p \
	metal1_conn:metal1_conn_cut,key,metal3_conn,key 0,1.75,0 - \
	metal1_conn_metal3_conn.sip
sip -V -s -cgnd ${CAP_GROUND} -sub 2 -h -b poly_conn,Oxide,FOX -t \
	metal3_conn,metal4_conn,metal5_conn,metal6_conn,metal7_conn,metal8_conn,metal9_conn,metal10_conn,metal11_conn \
	-Maxw 1.8 -p \
	metal1_conn:metal1_conn_cut,key,metal2_conn:metal2_conn_cut,key \
	0,1.4,0 - metal1_conn_metal2_conn.sip
sip -V -s -cgnd ${CAP_GROUND} -sub 2 -L3A -h -R metal2_conn -b Oxide,FOX -t \
	metal3_conn,metal4_conn,metal5_conn,metal6_conn,metal7_conn,metal8_conn,metal9_conn,metal10_conn,metal11_conn \
	-k metal1_conn:0.15 -Maxw 1.8 -p \
	poly_conn:poly_conn_cut,key,metal2_conn:metal2_conn_cut,key 0,1.4,0 - \
	poly_conn_metal2_conn.sip
sip -V -s -cgnd ${CAP_GROUND} -sub 2 -h -R metal1_conn,poly_conn -b Oxide,FOX \
	-t \
	metal2_conn,metal3_conn,metal4_conn,metal5_conn,metal6_conn,metal7_conn,metal8_conn,metal9_conn,metal10_conn,metal11_conn \
	-Maxw 1.35 -p \
	poly_conn:poly_conn_cut,key,metal1_conn:metal1_conn_cut,key 0,1.2,0 - \
	poly_conn_metal1_conn.sip
sw3d -V -cgnd ${CAP_GROUND} -sub 2 -b \
	metal9_conn,metal8_conn,metal7_conn,metal6_conn,metal5_conn,metal4_conn,metal3_conn,metal2_conn,metal1_conn,poly_conn,Oxide,FOX \
	-p metal10_conn,metal11_conn - metal10_conn_metal11_conn.sw3d
sw3d -V -cgnd ${CAP_GROUND} -sub 2 -b \
	metal8_conn,metal7_conn,metal6_conn,metal5_conn,metal4_conn,metal3_conn,metal2_conn,metal1_conn,poly_conn,Oxide,FOX \
	-t metal11_conn -p metal9_conn,metal10_conn - \
	metal9_conn_metal10_conn.sw3d
sw3d -V -cgnd ${CAP_GROUND} -sub 2 -b \
	metal7_conn,metal6_conn,metal5_conn,metal4_conn,metal3_conn,metal2_conn,metal1_conn,poly_conn,Oxide,FOX \
	-t metal10_conn,metal11_conn -p metal8_conn,metal9_conn - \
	metal8_conn_metal9_conn.sw3d
sw3d -V -cgnd ${CAP_GROUND} -sub 2 -b \
	metal6_conn,metal5_conn,metal4_conn,metal3_conn,metal2_conn,metal1_conn,poly_conn,Oxide,FOX \
	-t metal9_conn,metal10_conn,metal11_conn -p metal7_conn,metal8_conn - \
	metal7_conn_metal8_conn.sw3d
sw3d -V -cgnd ${CAP_GROUND} -sub 2 -b \
	metal5_conn,metal4_conn,metal3_conn,metal2_conn,metal1_conn,poly_conn,Oxide,FOX \
	-t metal8_conn,metal9_conn,metal10_conn,metal11_conn -p \
	metal6_conn,metal7_conn - metal6_conn_metal7_conn.sw3d
sw3d -V -cgnd ${CAP_GROUND} -sub 2 -b \
	metal4_conn,metal3_conn,metal2_conn,metal1_conn,poly_conn,Oxide,FOX \
	-t metal7_conn,metal8_conn,metal9_conn,metal10_conn,metal11_conn -p \
	metal5_conn,metal6_conn - metal5_conn_metal6_conn.sw3d
sw3d -V -cgnd ${CAP_GROUND} -sub 2 -b \
	metal3_conn,metal2_conn,metal1_conn,poly_conn,Oxide,FOX -t \
	metal6_conn,metal7_conn,metal8_conn,metal9_conn,metal10_conn,metal11_conn \
	-p metal4_conn,metal5_conn - metal4_conn_metal5_conn.sw3d
sw3d -V -cgnd ${CAP_GROUND} -sub 2 -b \
	metal2_conn,metal1_conn,poly_conn,Oxide,FOX -t \
	metal5_conn,metal6_conn,metal7_conn,metal8_conn,metal9_conn,metal10_conn,metal11_conn \
	-p metal3_conn,metal4_conn - metal3_conn_metal4_conn.sw3d
sw3d -V -cgnd ${CAP_GROUND} -sub 2 -b metal1_conn,poly_conn,Oxide,FOX -t \
	metal4_conn,metal5_conn,metal6_conn,metal7_conn,metal8_conn,metal9_conn,metal10_conn,metal11_conn \
	-p metal2_conn:metal2_conn_cut,metal3_conn - \
	metal2_conn_metal3_conn.sw3d
sw3d -V -cgnd ${CAP_GROUND} -sub 2 -b poly_conn,Oxide,FOX -t \
	metal3_conn,metal4_conn,metal5_conn,metal6_conn,metal7_conn,metal8_conn,metal9_conn,metal10_conn,metal11_conn \
	-p metal1_conn:metal1_conn_cut,metal2_conn:metal2_conn_cut - \
	metal1_conn_metal2_conn.sw3d
sw3d -V -cgnd ${CAP_GROUND} -sub 2 -b Oxide,FOX -t \
	metal2_conn,metal3_conn,metal4_conn,metal5_conn,metal6_conn,metal7_conn,metal8_conn,metal9_conn,metal10_conn,metal11_conn \
	-p poly_conn:poly_conn_cut,metal1_conn:metal1_conn_cut - \
	poly_conn_metal1_conn.sw3d
ENDCAT
FOX psubstrate nwell_0conn
metal3_conn metal3_conn
metal4_conn metal4_conn
metal5_conn metal5_conn
metal6_conn metal6_conn
metal7_conn metal7_conn
metal8_conn metal8_conn
metal9_conn metal9_conn
metal10_conn metal10_conn
metal11_conn metal11_conn
Oxide np_rpdiff_0conn p_rpdiff_0conn np_rndiff_0conn p_rndiff_0conn
cont_0pdiff cont_0pdiff_metal1_0conn_pdiff_0conn
cont_0ndiff cont_0ndiff_metal1_0conn_ndiff_0conn
metal2_0conn np_rmetal2_0conn p_rmetal2_0conn
metal1_0conn np_rmetal1_0conn p_rmetal1_0conn
poly_0conn np_rpoly_0conn p_rpoly_0conn
ndiff_0conn np_rndiff_0conn p_rndiff_0conn
pdiff_0conn np_rpdiff_0conn p_rpdiff_0conn
nwell_0conn np_rnwell_0conn p_rnwell_0conn
psubstrate psubstrate
Via1 np_rVia1 p_rVia1
cont_0poly np_rcont_0poly p_rcont_0poly
ptap ptap
ntap ntap
ENDCAT
INFO (ASSREXT-35304): 
Number of tasks to begin with are 201 

INFO (ASSREXT-35329): Resistance data preparation stage started at Sat Dec  6 17:15:49 2025

geom -V Via1 metal2_0conn metal1_0conn - Via1,111,i,2 
INFO (ASSREXT-35316): ****** For command L212 on processor #1:

  geom took  0.00 user, 0.00 sys, 0.00 elapsed, 7420.0 kbytes
 INFO (ASSREXT-35321): *** Command L212 'geom' finished on processor #1

INFO (ASSREXT-35323): tasks left are 200 

geom -V cont_0poly metal1_0conn poly_0conn - cont_0poly,111,i,2 
INFO (ASSREXT-35316): ****** For command L213 on processor #1:

  geom took  0.00 user, 0.00 sys, 0.00 elapsed, 7288.0 kbytes
 INFO (ASSREXT-35321): *** Command L213 'geom' finished on processor #1

INFO (ASSREXT-35323): tasks left are 199 

geom -V cont_0pdiff metal1_0conn pdiff_0conn - cont_0pdiff_metal1_0conn_pdiff_0conn,111,i,2 
INFO (ASSREXT-35316): ****** For command L214 on processor #1:

  geom took  0.00 user, 0.00 sys, 0.00 elapsed, 7244.0 kbytes
 INFO (ASSREXT-35321): *** Command L214 'geom' finished on processor #1

INFO (ASSREXT-35323): tasks left are 198 

geom -V cont_0ndiff metal1_0conn ndiff_0conn - cont_0ndiff_metal1_0conn_ndiff_0conn,111,i,2 
INFO (ASSREXT-35316): ****** For command L215 on processor #1:

  geom took  0.00 user, 0.00 sys, 0.00 elapsed, 7228.0 kbytes
 INFO (ASSREXT-35321): *** Command L215 'geom' finished on processor #1

INFO (ASSREXT-35323): tasks left are 197 

INFO (ASSREXT-35299): *** L203 '/bin/mv' executed directly

INFO (ASSREXT-35307): tasks left are 196

INFO (ASSREXT-35299): *** L205 '/bin/mv' executed directly

INFO (ASSREXT-35307): tasks left are 195

INFO (ASSREXT-35299): *** L162 'mv' executed directly

INFO (ASSREXT-35307): tasks left are 194

INFO (ASSREXT-35299): *** L165 'mv' executed directly

INFO (ASSREXT-35307): tasks left are 193

INFO (ASSREXT-35299): *** L225 'beginFlattenInputs' executed directly

INFO (ASSREXT-35307): tasks left are 192

flattenLayers -m poly_0conn 
INFO (ASSREXT-35316): ****** For command L236 on processor #1:

  flattub took  0.00 user, 0.00 sys, 0.00 elapsed, 6900.0 kbytes
 INFO (ASSREXT-35321): *** Command L236 'flattenLayers' finished on processor #1

INFO (ASSREXT-35323): tasks left are 191 

INFO (ASSREXT-35299): *** L226 '/bin/mv' executed directly

INFO (ASSREXT-35307): tasks left are 190

flatnet -V -li -h / h_NET NET 
INFO (ASSREXT-35316): ****** For command L227 on processor #1:

  flatnet took 0.00 user, 0.02 sys, 0.00 elapsed, 14808.0 kbytes
   id: 16, mnet: 6
   id: 16, mnet: 5
   id: 16, mnet: 6
   id: 16, mnet: 6
   id: 16, mnet: 5
   id: 16, mnet: 6
   id: 16, mnet: 6
   id: 16, mnet: 6
   id: 16, mnet: 6
   id: 16, mnet: 6
   id: 16, mnet: 5
   id: 16, mnet: 5
   id: 16, mnet: 5
   id: 16, mnet: 5
   id: 16, mnet: 5
   id: 16, mnet: 5
   id: 16, mnet: 4
   id: 16, mnet: 2
   id: 16, mnet: 2
   id: 16, mnet: 2
   id: 16, mnet: 2
   id: 16, mnet: 2
   id: 16, mnet: 2
   id: 16, mnet: 2
   id: 16, mnet: 2
   id: 16, mnet: 2
   id: 16, mnet: 2
   id: 16, mnet: 2
   id: 16, mnet: 2
   id: 16, mnet: 2
   id: 16, mnet: 2
   id: 16, mnet: 2
   id: 16, mnet: 2
   id: 16, mnet: 2
   id: 16, mnet: 2
   id: 16, mnet: 2
   id: 16, mnet: 2
   id: 16, mnet: 2
   id: 16, mnet: 2
   id: 16, mnet: 2
   id: 16, mnet: 2
   id: 16, mnet: 2
   id: 16, mnet: 2
   id: 16, mnet: 2
   id: 16, mnet: 2
   id: 16, mnet: 2
 INFO (ASSREXT-35321): *** Command L227 'flatnet' finished on processor #1

INFO (ASSREXT-35323): tasks left are 189 

epick nwell_0conn_orig nwell_0conn 
INFO (ASSREXT-35316): ****** For command L204 on processor #1:

INFO (ASSREXT-35321): *** Command L204 'epick' finished on processor #1

INFO (ASSREXT-35323): tasks left are 188 

geom -V ntap ndiff_0conn nwell_0conn - ntap,111,i,2 
INFO (ASSREXT-35316): ****** For command L217 on processor #1:

  geom took  0.00 user, 0.00 sys, 0.00 elapsed, 6624.0 kbytes
 INFO (ASSREXT-35321): *** Command L217 'geom' finished on processor #1

INFO (ASSREXT-35323): tasks left are 187 

INFO (ASSREXT-35299): *** L218 '/bin/mv' executed directly

INFO (ASSREXT-35307): tasks left are 186

epick psubstrate_orig psubstrate 
INFO (ASSREXT-35316): ****** For command L206 on processor #1:

INFO (ASSREXT-35321): *** Command L206 'epick' finished on processor #1

INFO (ASSREXT-35323): tasks left are 185 

geom -V ptap pdiff_0conn psubstrate - ptap,111,i,2 
INFO (ASSREXT-35316): ****** For command L216 on processor #1:

  geom took  0.00 user, 0.00 sys, 0.00 elapsed, 6732.0 kbytes
 INFO (ASSREXT-35321): *** Command L216 'geom' finished on processor #1

INFO (ASSREXT-35323): tasks left are 184 

flattenLayers -m cont_0pdiff cont_0ndiff Via1 cont_0poly cont_0pdiff_metal1_0conn_pdiff_0conn cont_0ndiff_metal1_0conn_ndiff_0conn ptap ntap 
INFO (ASSREXT-35316): ****** For command L233 on processor #1:

  flattub took  0.00 user, 0.00 sys, 1.00 elapsed, 8956.0 kbytes
 INFO (ASSREXT-35321): *** Command L233 'flattenLayers' finished on processor #1

INFO (ASSREXT-35323): tasks left are 183 

INFO (ASSREXT-35299): *** L219 '/bin/mv' executed directly

INFO (ASSREXT-35307): tasks left are 182

flattenLayers -m nwell_0conn psubstrate 
INFO (ASSREXT-35316): ****** For command L238 on processor #1:

  flattub took  0.00 user, 0.00 sys, 0.00 elapsed, 7072.0 kbytes
 INFO (ASSREXT-35321): *** Command L238 'flattenLayers' finished on processor #1

INFO (ASSREXT-35323): tasks left are 181 

INFO (ASSREXT-35299): *** L245 'findCapGround' executed directly

INFO (ASSREXT-35307): tasks left are 180

INFO (ASSREXT-35299): *** L248 'echo' executed directly

INFO (ASSREXT-35307): tasks left are 179

netprint -n cgnetfile:gn_summary.log NET 
INFO (ASSREXT-35316): ****** For command L249 on processor #1:

INFO (ASSREXT-35321): *** Command L249 'netprint' finished on processor #1

INFO (ASSREXT-35323): tasks left are 178 

densitymap -V -TC -O metal2_conn.den metal2_conn_tile_spec metal2_0conn 
INFO (ASSREXT-35316): ****** For command L187 on processor #1:

  densitymap took 0.00 user, 0.00 sys, 0.00 elapsed, 5888.0 kbytes
 INFO (ASSREXT-35321): *** Command L187 'densitymap' finished on processor #1

INFO (ASSREXT-35323): tasks left are 177 

flattenLayers -m metal2_0conn 
INFO (ASSREXT-35316): ****** For command L234 on processor #1:

  flattub took  0.00 user, 0.00 sys, 0.00 elapsed, 6960.0 kbytes
 INFO (ASSREXT-35321): *** Command L234 'flattenLayers' finished on processor #1

INFO (ASSREXT-35323): tasks left are 176 

densitymap -V -TC -O metal1_conn.den metal1_conn_tile_spec metal1_0conn 
INFO (ASSREXT-35316): ****** For command L188 on processor #1:

  densitymap took 0.00 user, 0.00 sys, 0.00 elapsed, 5956.0 kbytes
 INFO (ASSREXT-35321): *** Command L188 'densitymap' finished on processor #1

INFO (ASSREXT-35323): tasks left are 175 

flattenLayers -m metal1_0conn 
INFO (ASSREXT-35316): ****** For command L235 on processor #1:

  flattub took  0.00 user, 0.00 sys, 0.00 elapsed, 6976.0 kbytes
 INFO (ASSREXT-35321): *** Command L235 'flattenLayers' finished on processor #1

INFO (ASSREXT-35323): tasks left are 174 

INFO (ASSREXT-35299): *** L189 '/bin/cp' executed directly

INFO (ASSREXT-35307): tasks left are 173

geom _0nmos1v ndiff_0conn - _0nmos1v,10,i,1 
INFO (ASSREXT-35316): ****** For command L190 on processor #1:

INFO (ASSREXT-35321): *** Command L190 'geom' finished on processor #1

INFO (ASSREXT-35323): tasks left are 172 

INFO (ASSREXT-35299): *** L191 '/bin/cp' executed directly

INFO (ASSREXT-35307): tasks left are 171

INFO (ASSREXT-35299): *** L192 '/bin/cp' executed directly

INFO (ASSREXT-35307): tasks left are 170

flattenTransistorData _0nmos1v meters 
INFO (ASSREXT-35316): ****** For command L229 on processor #1:

  flattub took  0.00 user, 0.00 sys, 0.00 elapsed, 7020.0 kbytes
   flatnet took 0.00 user, 0.00 sys, 0.00 elapsed, 14132.0 kbytes
   id: 16, mnet: 2
   id: 16, mnet: 2
   flattrans took 0.00 user, 0.02 sys, 0.00 elapsed, 6128.0 kbytes
 INFO (ASSREXT-35321): *** Command L229 'flattenTransistorData' finished on processor #1

INFO (ASSREXT-35323): tasks left are 169 

flattenTransistorData -layerOnly _0nmos1v_orig meters 
INFO (ASSREXT-35316): ****** For command L231 on processor #1:

  /bin/mv: cannot stat '_0nmos1v_orig': No such file or directory
   /bin/mv: cannot stat '_0nmos1v_orig.net': No such file or directory
   flattub took  0.00 user, 0.00 sys, 0.00 elapsed, 6900.0 kbytes
 INFO (ASSREXT-35321): *** Command L231 'flattenTransistorData' finished on processor #1

INFO (ASSREXT-35323): tasks left are 168 

INFO (ASSREXT-35299): *** L193 '/bin/cp' executed directly

INFO (ASSREXT-35307): tasks left are 167

geom _0pmos1v pdiff_0conn - _0pmos1v,10,i,1 
INFO (ASSREXT-35316): ****** For command L194 on processor #1:

INFO (ASSREXT-35321): *** Command L194 'geom' finished on processor #1

INFO (ASSREXT-35323): tasks left are 166 

flattenLayers -m ndiff_0conn pdiff_0conn 
INFO (ASSREXT-35316): ****** For command L237 on processor #1:

  flattub took  0.00 user, 0.00 sys, 0.00 elapsed, 7072.0 kbytes
 INFO (ASSREXT-35321): *** Command L237 'flattenLayers' finished on processor #1

INFO (ASSREXT-35323): tasks left are 165 

INFO (ASSREXT-35299): *** L195 '/bin/cp' executed directly

INFO (ASSREXT-35307): tasks left are 164

INFO (ASSREXT-35299): *** L196 '/bin/cp' executed directly

INFO (ASSREXT-35307): tasks left are 163

flattenTransistorData _0pmos1v meters 
INFO (ASSREXT-35316): ****** For command L230 on processor #1:

  flattub took  0.00 user, 0.00 sys, 0.00 elapsed, 7036.0 kbytes
   flatnet took 0.00 user, 0.02 sys, 0.00 elapsed, 14452.0 kbytes
   id: 16, mnet: 2
   id: 16, mnet: 2
   id: 16, mnet: 2
   id: 16, mnet: 2
   flattrans took 0.00 user, 0.03 sys, 0.00 elapsed, 6244.0 kbytes
 INFO (ASSREXT-35321): *** Command L230 'flattenTransistorData' finished on processor #1

INFO (ASSREXT-35323): tasks left are 162 

flattenTransistorData -layerOnly _0pmos1v_orig meters 
INFO (ASSREXT-35316): ****** For command L232 on processor #1:

  /bin/mv: cannot stat '_0pmos1v_orig': No such file or directory
   /bin/mv: cannot stat '_0pmos1v_orig.net': No such file or directory
   flattub took  0.00 user, 0.00 sys, 0.00 elapsed, 7004.0 kbytes
 INFO (ASSREXT-35321): *** Command L232 'flattenTransistorData' finished on processor #1

INFO (ASSREXT-35323): tasks left are 161 

INFO (ASSREXT-35299): *** L239 'endFlattenInputs' executed directly

INFO (ASSREXT-35307): tasks left are 160

INFO (ASSREXT-35299): *** L202 'cat' executed directly

INFO (ASSREXT-35307): tasks left are 159

netprint -V -N1 power_list:power_list_nums NET 
INFO (ASSREXT-35316): ****** For command L228 on processor #1:

INFO (ASSREXT-35321): *** Command L228 'netprint' finished on processor #1

INFO (ASSREXT-35323): tasks left are 158 

reconnect -cgnd 5 -float floatlvsnetsfile -tf _0nmos1v,_0pmos1v -probe text_metal1_0conn:metal1_0conn:text_metal1_0conn_fvia 
INFO (ASSREXT-35315): ****** For command L250:

INFO (ASSREXT-35320): *** Command L250 'reconnect' finished

INFO (ASSREXT-35323): tasks left are 157 

geom -V _0nmos1v,_0pmos1v - qrcpoly__0,1,i,1 
INFO (ASSREXT-35316): ****** For command L254 on processor #1:

  geom took  0.00 user, 0.00 sys, 0.00 elapsed, 6632.0 kbytes
 INFO (ASSREXT-35321): *** Command L254 'geom' finished on processor #1

INFO (ASSREXT-35323): tasks left are 156 

geom _0nmos1v,_0pmos1v - qrcgate,1,i,1 
INFO (ASSREXT-35316): ****** For command L253 on processor #1:

INFO (ASSREXT-35321): *** Command L253 'geom' finished on processor #1

INFO (ASSREXT-35323): tasks left are 155 

geom -V qrcpoly__0 - qrcpoly,1,i,1 
INFO (ASSREXT-35316): ****** For command L255 on processor #1:

  geom took  0.00 user, 0.00 sys, 0.00 elapsed, 6680.0 kbytes
 INFO (ASSREXT-35321): *** Command L255 'geom' finished on processor #1

INFO (ASSREXT-35323): tasks left are 154 

iprint -count floatlvsnetsfile 
INFO (ASSREXT-35316): ****** For command L252 on processor #1:

INFO (ASSREXT-35321): *** Command L252 'iprint' finished on processor #1

INFO (ASSREXT-35323): tasks left are 153 

INFO (ASSREXT-35299): *** L256 '/bin/rm' executed directly

INFO (ASSREXT-35307): tasks left are 152

iprint -count floatlvsnetsfile 
INFO (ASSREXT-35315): ****** For command L257:

INFO (ASSREXT-35320): *** Command L257 'iprint' finished

INFO (ASSREXT-35323): tasks left are 151 

iprint -imerge power_list_nums floatlvsnetsfile power_list_nums2 
INFO (ASSREXT-35316): ****** For command L258 on processor #1:

INFO (ASSREXT-35321): *** Command L258 'iprint' finished on processor #1

INFO (ASSREXT-35323): tasks left are 150 

INFO (ASSREXT-35299): *** L259 'mv' executed directly

INFO (ASSREXT-35307): tasks left are 149

INFO (ASSREXT-35299): *** L260 'cp' executed directly

INFO (ASSREXT-35307): tasks left are 148

selectNetsByNumber power_list_nums metal1_0conn p_rmetal1_0conn np_rmetal1_0conn 
INFO (ASSREXT-35316): ****** For command L266 on processor #1:

  epick took  0.00 user, 0.01 sys, 0.00 elapsed, 6120.0 kbytes
 INFO (ASSREXT-35321): *** Command L266 'selectNetsByNumber' finished on processor #1

INFO (ASSREXT-35323): tasks left are 147 

selectNetsByNumber power_list_nums poly_0conn p_rpoly_0conn np_rpoly_0conn 
INFO (ASSREXT-35316): ****** For command L271 on processor #1:

  epick took  0.00 user, 0.01 sys, 0.00 elapsed, 6088.0 kbytes
 INFO (ASSREXT-35321): *** Command L271 'selectNetsByNumber' finished on processor #1

INFO (ASSREXT-35323): tasks left are 146 

selectNetsByNumber power_list_nums metal2_0conn p_rmetal2_0conn np_rmetal2_0conn 
INFO (ASSREXT-35316): ****** For command L267 on processor #1:

  epick took  0.00 user, 0.01 sys, 0.00 elapsed, 6104.0 kbytes
 INFO (ASSREXT-35321): *** Command L267 'selectNetsByNumber' finished on processor #1

INFO (ASSREXT-35323): tasks left are 145 

selectNetsByNumber power_list_nums Via1 p_rVia1 np_rVia1 
INFO (ASSREXT-35316): ****** For command L273 on processor #1:

  epick took  0.00 user, 0.01 sys, 0.00 elapsed, 6088.0 kbytes
 INFO (ASSREXT-35321): *** Command L273 'selectNetsByNumber' finished on processor #1

INFO (ASSREXT-35323): tasks left are 144 

selectNetsByNumber power_list_nums cont_0poly p_rcont_0poly np_rcont_0poly 
INFO (ASSREXT-35316): ****** For command L274 on processor #1:

  epick took  0.00 user, 0.00 sys, 0.00 elapsed, 6180.0 kbytes
 INFO (ASSREXT-35321): *** Command L274 'selectNetsByNumber' finished on processor #1

INFO (ASSREXT-35323): tasks left are 143 

selectNetsByNumber power_list_nums ndiff_0conn p_rndiff_0conn np_rndiff_0conn 
INFO (ASSREXT-35316): ****** For command L268 on processor #1:

  epick took  0.00 user, 0.01 sys, 0.00 elapsed, 6120.0 kbytes
 INFO (ASSREXT-35321): *** Command L268 'selectNetsByNumber' finished on processor #1

INFO (ASSREXT-35323): tasks left are 142 

selectNetsByNumber power_list_nums pdiff_0conn p_rpdiff_0conn np_rpdiff_0conn 
INFO (ASSREXT-35316): ****** For command L270 on processor #1:

  epick took  0.00 user, 0.00 sys, 0.00 elapsed, 6020.0 kbytes
 INFO (ASSREXT-35321): *** Command L270 'selectNetsByNumber' finished on processor #1

INFO (ASSREXT-35323): tasks left are 141 

mergevia -V -tech /package/eda/cadence/gpdk045/gpdk045_v_6_0/qrc/typical -cnt np_rVia1 rVia1 - np_rmetal2_0conn np_rmetal1_0conn 
INFO (ASSREXT-35316): ****** For command L282 on processor #1:

  geom took  0.00 user, 0.00 sys, 0.00 elapsed, 45936.0 kbytes
   mergevia took 0.00 user, 0.00 sys, 0.00 elapsed, 45936.0 kbytes
 INFO (ASSREXT-35321): *** Command L282 'mergevia' finished on processor #1

INFO (ASSREXT-35323): tasks left are 140 

mergevia -V -tech /package/eda/cadence/gpdk045/gpdk045_v_6_0/qrc/typical -cnt np_rcont_0poly rcont_0poly - np_rmetal1_0conn np_rpoly_0conn 
INFO (ASSREXT-35316): ****** For command L285 on processor #1:

  geom took  0.00 user, 0.00 sys, 0.00 elapsed, 43120.0 kbytes
   mergevia took 0.00 user, 0.00 sys, 0.00 elapsed, 43120.0 kbytes
 INFO (ASSREXT-35321): *** Command L285 'mergevia' finished on processor #1

INFO (ASSREXT-35323): tasks left are 139 

createNRMosfetGateTerminal _0nmos1v np_rpoly_0conn _0nmos1v_mgvia 
INFO (ASSREXT-35316): ****** For command L293 on processor #1:

INFO (ASSREXT-35321): *** Command L293 'createNRMosfetGateTerminal' finished on processor #1

INFO (ASSREXT-35323): tasks left are 138 

createNRMosfetGateTerminal _0pmos1v np_rpoly_0conn _0pmos1v_mgvia 
INFO (ASSREXT-35316): ****** For command L294 on processor #1:

INFO (ASSREXT-35321): *** Command L294 'createNRMosfetGateTerminal' finished on processor #1

INFO (ASSREXT-35323): tasks left are 137 

selectNetsByNumber power_list_nums nwell_0conn p_rnwell_0conn np_rnwell_0conn 
INFO (ASSREXT-35316): ****** For command L269 on processor #1:

  epick took  0.00 user, 0.01 sys, 0.00 elapsed, 6072.0 kbytes
 INFO (ASSREXT-35321): *** Command L269 'selectNetsByNumber' finished on processor #1

INFO (ASSREXT-35323): tasks left are 136 

selectNetsByNumber power_list_nums psubstrate p_rpsubstrate np_rpsubstrate 
INFO (ASSREXT-35316): ****** For command L272 on processor #1:

  epick took  0.00 user, 0.00 sys, 0.00 elapsed, 6096.0 kbytes
 INFO (ASSREXT-35321): *** Command L272 'selectNetsByNumber' finished on processor #1

INFO (ASSREXT-35323): tasks left are 135 

INFO (ASSREXT-35299): *** L300 '/bin/mv' executed directly

INFO (ASSREXT-35307): tasks left are 134

createEmptyLayer np_rnwell_0conn 
INFO (ASSREXT-35316): ****** For command L301 on processor #1:

INFO (ASSREXT-35321): *** Command L301 'createEmptyLayer' finished on processor #1

INFO (ASSREXT-35323): tasks left are 133 

INFO (ASSREXT-35299): *** L302 '/bin/mv' executed directly

INFO (ASSREXT-35307): tasks left are 132

createEmptyLayer np_rpsubstrate 
INFO (ASSREXT-35316): ****** For command L303 on processor #1:

INFO (ASSREXT-35321): *** Command L303 'createEmptyLayer' finished on processor #1

INFO (ASSREXT-35323): tasks left are 131 

flatlabel -V -tc -F -l flatlabel.info text_metal1_0conn L1T0 
INFO (ASSREXT-35316): ****** For command L366 on processor #1:

  INFO (FLTLBL-89003): exec labsort -V L1T0
   
 INFO (ASSREXT-35321): *** Command L366 'flatlabel' finished on processor #1

INFO (ASSREXT-35323): tasks left are 130 

INFO (ASSREXT-35299): *** L275 'mv' executed directly

INFO (ASSREXT-35307): tasks left are 129

INFO (ASSREXT-35299): *** L284 'cp' executed directly

INFO (ASSREXT-35307): tasks left are 128

INFO (ASSREXT-35299): *** L287 'cp' executed directly

INFO (ASSREXT-35307): tasks left are 127

connect -V -relocate NET np_rndiff_0conn:np_rndiff_0conn.conn np_rpdiff_0conn:np_rpdiff_0conn.conn np_rnwell_0conn:np_rnwell_0conn.conn np_rpsubstrate:np_rpsubstrate.conn rVia1 rcont_0poly _0nmos1v_mgvia _0pmos1v_mgvia - ntap,1,3 ptap,2,4 - 
INFO (ASSREXT-35316): ****** For command L304 on processor #1:

  connect took  0.00 user, 0.01 sys, 0.00 elapsed, 274540.0 kbytes
 INFO (ASSREXT-35321): *** Command L304 'connect' finished on processor #1

INFO (ASSREXT-35323): tasks left are 126 

geom -V cont_0ndiff_metal1_0conn_ndiff_0conn np_rndiff_0conn.conn - tmp_rcont_0ndiff_metal1_0conn_ndiff_0conn,11,i,2 
INFO (ASSREXT-35316): ****** For command L314 on processor #1:

  geom took  0.00 user, 0.00 sys, 0.00 elapsed, 6560.0 kbytes
 INFO (ASSREXT-35321): *** Command L314 'geom' finished on processor #1

INFO (ASSREXT-35323): tasks left are 125 

geom -V cont_0pdiff_metal1_0conn_pdiff_0conn np_rpdiff_0conn.conn - tmp_rcont_0pdiff_metal1_0conn_pdiff_0conn,11,i,2 
INFO (ASSREXT-35316): ****** For command L321 on processor #1:

  geom took  0.00 user, 0.00 sys, 0.00 elapsed, 6556.0 kbytes
 INFO (ASSREXT-35321): *** Command L321 'geom' finished on processor #1

INFO (ASSREXT-35323): tasks left are 124 

mergevia -V -i -tech /package/eda/cadence/gpdk045/gpdk045_v_6_0/qrc/typical -cnt tmp_rcont_0ndiff_metal1_0conn_ndiff_0conn rcont_0ndiff_metal1_0conn_ndiff_0conn - np_rmetal1_0conn np_rndiff_0conn 
INFO (ASSREXT-35316): ****** For command L315 on processor #1:

  geom took  0.00 user, 0.00 sys, 0.00 elapsed, 47152.0 kbytes
   stamp took  0.03 user, 0.03 sys, 1.00 elapsed, 277188.0 kbytes
   mergevia took 0.03 user, 0.03 sys, 1.00 elapsed, 47152.0 kbytes
   [dofork] stamp -V tmp_rcont_0ndiff_metal1_0conn_ndiff_0conn rcont_0ndiff_metal1_0conn_ndiff_0conn
 INFO (ASSREXT-35321): *** Command L315 'mergevia' finished on processor #1

INFO (ASSREXT-35323): tasks left are 123 

mergevia -V -i -tech /package/eda/cadence/gpdk045/gpdk045_v_6_0/qrc/typical -cnt tmp_rcont_0pdiff_metal1_0conn_pdiff_0conn rcont_0pdiff_metal1_0conn_pdiff_0conn - np_rmetal1_0conn np_rpdiff_0conn 
INFO (ASSREXT-35316): ****** For command L322 on processor #1:

  geom took  0.00 user, 0.00 sys, 0.00 elapsed, 46804.0 kbytes
   stamp took  0.03 user, 0.03 sys, 0.00 elapsed, 277244.0 kbytes
   mergevia took 0.03 user, 0.03 sys, 0.00 elapsed, 46804.0 kbytes
   [dofork] stamp -V tmp_rcont_0pdiff_metal1_0conn_pdiff_0conn rcont_0pdiff_metal1_0conn_pdiff_0conn
 INFO (ASSREXT-35321): *** Command L322 'mergevia' finished on processor #1

INFO (ASSREXT-35323): tasks left are 122 

epick -V -reo -e rcont_0ndiff_metal1_0conn_ndiff_0conn -e rcont_0pdiff_metal1_0conn_pdiff_0conn np_rnwell_0conn.conn tmp_nwell_0conn 
INFO (ASSREXT-35316): ****** For command L347 on processor #1:

  epick took  0.00 user, 0.00 sys, 0.00 elapsed, 5960.0 kbytes
 INFO (ASSREXT-35321): *** Command L347 'epick' finished on processor #1

INFO (ASSREXT-35323): tasks left are 121 

epick -V -reo -e rcont_0ndiff_metal1_0conn_ndiff_0conn -e rcont_0pdiff_metal1_0conn_pdiff_0conn np_rpsubstrate.conn tmp_psubstrate 
INFO (ASSREXT-35316): ****** For command L354 on processor #1:

  epick took  0.00 user, 0.00 sys, 0.00 elapsed, 5996.0 kbytes
 INFO (ASSREXT-35321): *** Command L354 'epick' finished on processor #1

INFO (ASSREXT-35323): tasks left are 120 

epick -V -reo -e rcont_0ndiff_metal1_0conn_ndiff_0conn -e rcont_0pdiff_metal1_0conn_pdiff_0conn np_rndiff_0conn.conn tmp_ndiff_0conn 
INFO (ASSREXT-35316): ****** For command L333 on processor #1:

  epick took  0.00 user, 0.00 sys, 0.00 elapsed, 5964.0 kbytes
 INFO (ASSREXT-35321): *** Command L333 'epick' finished on processor #1

INFO (ASSREXT-35323): tasks left are 119 

epick -V -reo -e rcont_0ndiff_metal1_0conn_ndiff_0conn -e rcont_0pdiff_metal1_0conn_pdiff_0conn np_rpdiff_0conn.conn tmp_pdiff_0conn 
INFO (ASSREXT-35316): ****** For command L340 on processor #1:

  epick took  0.00 user, 0.00 sys, 0.00 elapsed, 6020.0 kbytes
 INFO (ASSREXT-35321): *** Command L340 'epick' finished on processor #1

INFO (ASSREXT-35323): tasks left are 118 

epick -V -reo -e tmp_nwell_0conn -c np_rnwell_0conn.conn tmp1_nwell_0conn 
INFO (ASSREXT-35316): ****** For command L350 on processor #1:

  epick took  0.00 user, 0.00 sys, 0.00 elapsed, 5980.0 kbytes
 INFO (ASSREXT-35321): *** Command L350 'epick' finished on processor #1

INFO (ASSREXT-35323): tasks left are 117 

epick -V -reo -e tmp_psubstrate -c np_rpsubstrate.conn tmp1_psubstrate 
INFO (ASSREXT-35316): ****** For command L357 on processor #1:

  epick took  0.00 user, 0.00 sys, 0.00 elapsed, 5964.0 kbytes
 INFO (ASSREXT-35321): *** Command L357 'epick' finished on processor #1

INFO (ASSREXT-35323): tasks left are 116 

geom -V tmp1_nwell_0conn np_rnwell_0conn - tmp1_nwell_0conn,11,i,2 
INFO (ASSREXT-35316): ****** For command L351 on processor #1:

  geom took  0.00 user, 0.00 sys, 0.00 elapsed, 6664.0 kbytes
 INFO (ASSREXT-35321): *** Command L351 'geom' finished on processor #1

INFO (ASSREXT-35323): tasks left are 115 

geom -V tmp1_psubstrate np_rpsubstrate - tmp1_psubstrate,11,i,2 
INFO (ASSREXT-35316): ****** For command L358 on processor #1:

  geom took  0.00 user, 0.00 sys, 0.00 elapsed, 6556.0 kbytes
 INFO (ASSREXT-35321): *** Command L358 'geom' finished on processor #1

INFO (ASSREXT-35323): tasks left are 114 

epick -V -reo -e tmp_ndiff_0conn -c np_rndiff_0conn.conn tmp1_ndiff_0conn 
INFO (ASSREXT-35316): ****** For command L336 on processor #1:

  epick took  0.00 user, 0.00 sys, 0.00 elapsed, 6020.0 kbytes
 INFO (ASSREXT-35321): *** Command L336 'epick' finished on processor #1

INFO (ASSREXT-35323): tasks left are 113 

epick -V -reo -e tmp_pdiff_0conn -c np_rpdiff_0conn.conn tmp1_pdiff_0conn 
INFO (ASSREXT-35316): ****** For command L343 on processor #1:

  epick took  0.00 user, 0.00 sys, 0.00 elapsed, 5972.0 kbytes
 INFO (ASSREXT-35321): *** Command L343 'epick' finished on processor #1

INFO (ASSREXT-35323): tasks left are 112 

geom -V tmp1_ndiff_0conn np_rndiff_0conn - tmp1_ndiff_0conn,11,i,2 
INFO (ASSREXT-35316): ****** For command L337 on processor #1:

  geom took  0.00 user, 0.00 sys, 0.00 elapsed, 6624.0 kbytes
 INFO (ASSREXT-35321): *** Command L337 'geom' finished on processor #1

INFO (ASSREXT-35323): tasks left are 111 

geom -V tmp1_pdiff_0conn np_rpdiff_0conn - tmp1_pdiff_0conn,11,i,2 
INFO (ASSREXT-35316): ****** For command L344 on processor #1:

  geom took  0.00 user, 0.00 sys, 0.00 elapsed, 6724.0 kbytes
 INFO (ASSREXT-35321): *** Command L344 'geom' finished on processor #1

INFO (ASSREXT-35323): tasks left are 110 

geom -V tmp_nwell_0conn,tmp1_nwell_0conn - np_rnwell_0conn,1,i,1 
INFO (ASSREXT-35316): ****** For command L352 on processor #1:

  geom took  0.00 user, 0.00 sys, 0.00 elapsed, 6636.0 kbytes
 INFO (ASSREXT-35321): *** Command L352 'geom' finished on processor #1

INFO (ASSREXT-35323): tasks left are 109 

geom -V tmp_psubstrate,tmp1_psubstrate - np_rpsubstrate,1,i,1 
INFO (ASSREXT-35316): ****** For command L359 on processor #1:

  geom took  0.00 user, 0.00 sys, 0.00 elapsed, 6516.0 kbytes
 INFO (ASSREXT-35321): *** Command L359 'geom' finished on processor #1

INFO (ASSREXT-35323): tasks left are 108 

geom -V tmp_ndiff_0conn,tmp1_ndiff_0conn - np_rndiff_0conn,1,i,1 
INFO (ASSREXT-35316): ****** For command L338 on processor #1:

  geom took  0.00 user, 0.00 sys, 0.00 elapsed, 6640.0 kbytes
 INFO (ASSREXT-35321): *** Command L338 'geom' finished on processor #1

INFO (ASSREXT-35323): tasks left are 107 

geom -V tmp_pdiff_0conn,tmp1_pdiff_0conn - np_rpdiff_0conn,1,i,1 
INFO (ASSREXT-35316): ****** For command L345 on processor #1:

  geom took  0.00 user, 0.00 sys, 0.00 elapsed, 6516.0 kbytes
 INFO (ASSREXT-35321): *** Command L345 'geom' finished on processor #1

INFO (ASSREXT-35323): tasks left are 106 

INFO (ASSREXT-35299): *** L370 '/bin/mv' executed directly

INFO (ASSREXT-35307): tasks left are 105

INFO (ASSREXT-35299): *** L371 '/bin/mv' executed directly

INFO (ASSREXT-35307): tasks left are 104

INFO (ASSREXT-35299): *** L339 '/bin/rm' executed directly

INFO (ASSREXT-35307): tasks left are 103

INFO (ASSREXT-35299): *** L346 '/bin/rm' executed directly

INFO (ASSREXT-35307): tasks left are 102

INFO (ASSREXT-35299): *** L353 '/bin/rm' executed directly

INFO (ASSREXT-35307): tasks left are 101

INFO (ASSREXT-35299): *** L360 '/bin/rm' executed directly

INFO (ASSREXT-35307): tasks left are 100

INFO (ASSREXT-35299): *** L319 'cp' executed directly

INFO (ASSREXT-35307): tasks left are 99

INFO (ASSREXT-35299): *** L326 'cp' executed directly

INFO (ASSREXT-35307): tasks left are 98

INFO (ASSREXT-35299): *** L320 '/bin/rm' executed directly

INFO (ASSREXT-35307): tasks left are 97

INFO (ASSREXT-35299): *** L327 '/bin/rm' executed directly

INFO (ASSREXT-35307): tasks left are 96

Resistance data preparation stage took  1.04 user, 1.89 sys, 6.00 elapsed, 8664.0 kbytes
INFO (ASSREXT-35330): Resistance data preparation stage completed successfully at Sat Dec  6 17:15:55 2025

INFO (ASSREXT-35331): rex started at Sat Dec  6 17:15:55 2025

rex -V -m -pd -I# -tech /package/eda/cadence/gpdk045/gpdk045_v_6_0/qrc/typical -map p2elayermapfile -wee p2elayermapfile -N NET -e2 -Ply np_rpoly_0conn -er np_rmetal2_0conn,metal2_conn.den:np_rmetal1_0conn,metal1_conn.den -rP res.mod np_rpoly_0conn::poly_conn_cut np_rmetal1_0conn::metal1_conn_cut np_rmetal2_0conn::metal2_conn_cut - rVia1,2,3,t rcont_0ndiff_metal1_0conn_ndiff_0conn,2,t rcont_0pdiff_metal1_0conn_pdiff_0conn,2,t rcont_0poly,1,2,t _0nmos1v_mgvia,1,z _0pmos1v_mgvia,1,z - L1T0,2,I 
INFO (ASSREXT-35315): ****** For command L377:

  INFO (REX-163462):  exec rex -g -V -m -pd -I# -tech /package/eda/cadence/gpdk045/gpdk045_v_6_0/qrc/typical -map p2elayermapfile -wee p2elayermapfile -N NET -e2 -Ply np_rpoly_0conn -er np_rmetal2_0conn,metal2_conn.den:np_rmetal1_0conn,metal1_conn.den -rP res.mod np_rpoly_0conn::poly_conn_cut np_rmetal1_0conn::metal1_conn_cut np_rmetal2_0conn::metal2_conn_cut - rVia1,2,3,t rcont_0ndiff_metal1_0conn_ndiff_0conn,2,t rcont_0pdiff_metal1_0conn_pdiff_0conn,2,t rcont_0poly,1,2,t _0nmos1v_mgvia,1,z _0pmos1v_mgvia,1,z - L1T0,2,I
   
   rex took  0.00 user, 0.02 sys, 0.00 elapsed, 66548.0 kbytes
   INFO (LBMISC-215513): Socket: connection with sd 22 closed
   
   INFO (REX-163511): Forked command: REX 1
   
     rex (np_rmetal1_0conn) took  0.01 user, 0.06 sys, 0.00 elapsed, 67792.0 kbytes
   INFO (LBMISC-215513): Socket: connection with sd 22 closed
   
   INFO (REX-163511): Forked command: REX 2
   
     rex (np_rpoly_0conn) took  0.01 user, 0.05 sys, 1.00 elapsed, 66732.0 kbytes
   INFO (LBMISC-215513): Socket: connection with sd 22 closed
   
   INFO (REX-163511): Forked command: REX 3
   
     rex (np_rmetal2_0conn) took  0.00 user, 0.06 sys, 0.00 elapsed, 64348.0 kbytes
   INFO (REX-163511): Forked command: REX 4
   
     rexmerge took  0.00 user, 0.00 sys, 0.00 elapsed, 5460.0 kbytes
   rex took  1.93 user, 0.46 sys, 3.00 elapsed, 66680.0 kbytes
 INFO (ASSREXT-35320): *** Command L377 'rex' finished

R stage took  2.40 user, 0.53 sys, 3.00 elapsed, 8664.0 kbytes
INFO (ASSREXT-35332): rex completed successfully at Sat Dec  6 17:15:58 2025

INFO (ASSREXT-35333): Capacitance data preparation stage started at Sat Dec  6 17:15:58 2025

INFO (ASSREXT-35323): tasks left are 95 

stamp -V -i2 np_rmetal2_0conn rVia1 np_rVia1 
INFO (ASSREXT-35316): ****** For command L393 on processor #1:

  stamp took  0.04 user, 0.02 sys, 1.00 elapsed, 277124.0 kbytes
 INFO (ASSREXT-35321): *** Command L393 'stamp' finished on processor #1

INFO (ASSREXT-35323): tasks left are 94 

stamp -V -i2 np_rmetal1_0conn rcont_0poly np_rcont_0poly 
INFO (ASSREXT-35316): ****** For command L395 on processor #1:

  stamp took  0.02 user, 0.03 sys, 0.00 elapsed, 277092.0 kbytes
 INFO (ASSREXT-35321): *** Command L395 'stamp' finished on processor #1

INFO (ASSREXT-35323): tasks left are 93 

stamp -V -B -i np_rmetal1_0conn cont_0ndiff_metal1_0conn_ndiff_0conn 
INFO (ASSREXT-35316): ****** For command L397 on processor #1:

  stamp took  0.04 user, 0.02 sys, 0.00 elapsed, 277260.0 kbytes
 INFO (ASSREXT-35321): *** Command L397 'stamp' finished on processor #1

INFO (ASSREXT-35323): tasks left are 92 

stamp -V -B -i np_rmetal1_0conn cont_0pdiff_metal1_0conn_pdiff_0conn 
INFO (ASSREXT-35316): ****** For command L399 on processor #1:

  stamp took  0.03 user, 0.03 sys, 0.00 elapsed, 277128.0 kbytes
 INFO (ASSREXT-35321): *** Command L399 'stamp' finished on processor #1

INFO (ASSREXT-35323): tasks left are 91 

geom -V np_rVia1,p_rVia1 - rVia1,1,i,1 
INFO (ASSREXT-35316): ****** For command L394 on processor #1:

  geom took  0.00 user, 0.00 sys, 0.00 elapsed, 6620.0 kbytes
 INFO (ASSREXT-35321): *** Command L394 'geom' finished on processor #1

INFO (ASSREXT-35323): tasks left are 90 

geom -V np_rcont_0poly,p_rcont_0poly - rcont_0poly,1,i,1 
INFO (ASSREXT-35316): ****** For command L396 on processor #1:

  geom took  0.00 user, 0.00 sys, 0.00 elapsed, 6732.0 kbytes
 INFO (ASSREXT-35321): *** Command L396 'geom' finished on processor #1

INFO (ASSREXT-35323): tasks left are 89 

INFO (ASSREXT-35299): *** L386 '/bin/cp' executed directly

INFO (ASSREXT-35307): tasks left are 88

INFO (ASSREXT-35299): *** L387 '/bin/cp' executed directly

INFO (ASSREXT-35307): tasks left are 87

INFO (ASSREXT-35299): *** L398 '/bin/cp' executed directly

INFO (ASSREXT-35307): tasks left are 86

INFO (ASSREXT-35299): *** L400 '/bin/cp' executed directly

INFO (ASSREXT-35307): tasks left are 85

INFO (ASSREXT-35299): *** L401 '/bin/rm' executed directly

INFO (ASSREXT-35307): tasks left are 84

INFO (ASSREXT-35299): *** L402 '/bin/rm' executed directly

INFO (ASSREXT-35307): tasks left are 83

INFO (ASSREXT-35299): *** L403 '/bin/rm' executed directly

INFO (ASSREXT-35307): tasks left are 82

INFO (ASSREXT-35299): *** L404 '/bin/rm' executed directly

INFO (ASSREXT-35307): tasks left are 81

INFO (ASSREXT-35299): *** L410 '/bin/rm' executed directly

INFO (ASSREXT-35307): tasks left are 80

geom np_rndiff_0conn,p_rndiff_0conn - ndiff_0conn,1,i,1 
INFO (ASSREXT-35316): ****** For command L411 on processor #1:

INFO (ASSREXT-35321): *** Command L411 'geom' finished on processor #1

INFO (ASSREXT-35323): tasks left are 79 

epick -c -f floatlvsnetsfile ndiff_0conn ndiff_0conn 
INFO (ASSREXT-35316): ****** For command L412 on processor #1:

INFO (ASSREXT-35321): *** Command L412 'epick' finished on processor #1

INFO (ASSREXT-35323): tasks left are 78 

INFO (ASSREXT-35299): *** L413 '/bin/rm' executed directly

INFO (ASSREXT-35307): tasks left are 77

geom np_rnwell_0conn,p_rnwell_0conn - nwell_0conn,1,i,1 
INFO (ASSREXT-35316): ****** For command L414 on processor #1:

INFO (ASSREXT-35321): *** Command L414 'geom' finished on processor #1

INFO (ASSREXT-35323): tasks left are 76 

epick -c -f floatlvsnetsfile nwell_0conn nwell_0conn 
INFO (ASSREXT-35316): ****** For command L415 on processor #1:

INFO (ASSREXT-35321): *** Command L415 'epick' finished on processor #1

INFO (ASSREXT-35323): tasks left are 75 

INFO (ASSREXT-35299): *** L416 '/bin/rm' executed directly

INFO (ASSREXT-35307): tasks left are 74

geom np_rpdiff_0conn,p_rpdiff_0conn - pdiff_0conn,1,i,1 
INFO (ASSREXT-35316): ****** For command L417 on processor #1:

INFO (ASSREXT-35321): *** Command L417 'geom' finished on processor #1

INFO (ASSREXT-35323): tasks left are 73 

epick -c -f floatlvsnetsfile pdiff_0conn pdiff_0conn 
INFO (ASSREXT-35316): ****** For command L418 on processor #1:

INFO (ASSREXT-35321): *** Command L418 'epick' finished on processor #1

INFO (ASSREXT-35323): tasks left are 72 

INFO (ASSREXT-35299): *** L419 '/bin/rm' executed directly

INFO (ASSREXT-35307): tasks left are 71

geom np_rpoly_0conn,p_rpoly_0conn - poly_0conn,1,i,1 
INFO (ASSREXT-35316): ****** For command L420 on processor #1:

INFO (ASSREXT-35321): *** Command L420 'geom' finished on processor #1

INFO (ASSREXT-35323): tasks left are 70 

epick -c -f floatlvsnetsfile poly_0conn poly_0conn 
INFO (ASSREXT-35316): ****** For command L421 on processor #1:

INFO (ASSREXT-35321): *** Command L421 'epick' finished on processor #1

INFO (ASSREXT-35323): tasks left are 69 

INFO (ASSREXT-35299): *** L422 '/bin/rm' executed directly

INFO (ASSREXT-35307): tasks left are 68

geom np_rpsubstrate,p_rpsubstrate - psubstrate,1,i,1 
INFO (ASSREXT-35316): ****** For command L423 on processor #1:

INFO (ASSREXT-35321): *** Command L423 'geom' finished on processor #1

INFO (ASSREXT-35323): tasks left are 67 

epick -c -f floatlvsnetsfile psubstrate psubstrate 
INFO (ASSREXT-35316): ****** For command L424 on processor #1:

INFO (ASSREXT-35321): *** Command L424 'epick' finished on processor #1

INFO (ASSREXT-35323): tasks left are 66 

reconnect -V -n NET -se2 mwires.res -t _0nmos1v.trans:_0nmos1v.transr _0nmos1v ndiff_0conn,_0nmos1v_mgvia,psubstrate -t _0pmos1v.trans:_0pmos1v.transr _0pmos1v pdiff_0conn,_0pmos1v_mgvia,nwell_0conn 
INFO (ASSREXT-35315): ****** For command L430:

  reconnect took 0.27 user, 0.03 sys, 0.00 elapsed, 290404.0 kbytes
 INFO (ASSREXT-35320): *** Command L430 'reconnect' finished

INFO (ASSREXT-35323): tasks left are 65 

grow -V .001 ndiff_0conn mask 
INFO (ASSREXT-35316): ****** For command L456 on processor #1:

  grow took  0.00 user, 0.00 sys, 0.00 elapsed, 6064.0 kbytes
 INFO (ASSREXT-35321): *** Command L456 'grow' finished on processor #1

INFO (ASSREXT-35323): tasks left are 64 

geom -V pdiff_0conn mask - pdiff_0conn,10,i,1 
INFO (ASSREXT-35316): ****** For command L457 on processor #1:

  geom took  0.00 user, 0.00 sys, 0.00 elapsed, 6680.0 kbytes
 INFO (ASSREXT-35321): *** Command L457 'geom' finished on processor #1

INFO (ASSREXT-35323): tasks left are 63 

geom -V ndiff_0conn,pdiff_0conn - Oxide,1,i,1 
INFO (ASSREXT-35316): ****** For command L458 on processor #1:

  geom took  0.00 user, 0.00 sys, 0.00 elapsed, 6560.0 kbytes
 INFO (ASSREXT-35321): *** Command L458 'geom' finished on processor #1

INFO (ASSREXT-35323): tasks left are 62 

geom -V p_rpoly_0conn,np_rpoly_0conn - poly_conn,1,i,1 
INFO (ASSREXT-35316): ****** For command L444 on processor #1:

  geom took  0.00 user, 0.00 sys, 0.00 elapsed, 6684.0 kbytes
 INFO (ASSREXT-35321): *** Command L444 'geom' finished on processor #1

INFO (ASSREXT-35323): tasks left are 61 

geom -V p_rmetal1_0conn,np_rmetal1_0conn - metal1_conn,1,i,1 
INFO (ASSREXT-35316): ****** For command L447 on processor #1:

  geom took  0.00 user, 0.00 sys, 1.00 elapsed, 6740.0 kbytes
 INFO (ASSREXT-35321): *** Command L447 'geom' finished on processor #1

INFO (ASSREXT-35323): tasks left are 60 

geom -V p_rmetal2_0conn,np_rmetal2_0conn - metal2_conn,1,i,1 
INFO (ASSREXT-35316): ****** For command L450 on processor #1:

  geom took  0.00 user, 0.00 sys, 0.00 elapsed, 6736.0 kbytes
 INFO (ASSREXT-35321): *** Command L450 'geom' finished on processor #1

INFO (ASSREXT-35323): tasks left are 59 

createEmptyLayer metal11_conn 
INFO (ASSREXT-35316): ****** For command L459 on processor #1:

INFO (ASSREXT-35321): *** Command L459 'createEmptyLayer' finished on processor #1

INFO (ASSREXT-35323): tasks left are 58 

createEmptyLayer metal10_conn 
INFO (ASSREXT-35316): ****** For command L460 on processor #1:

INFO (ASSREXT-35321): *** Command L460 'createEmptyLayer' finished on processor #1

INFO (ASSREXT-35323): tasks left are 57 

createEmptyLayer metal9_conn 
INFO (ASSREXT-35316): ****** For command L461 on processor #1:

INFO (ASSREXT-35321): *** Command L461 'createEmptyLayer' finished on processor #1

INFO (ASSREXT-35323): tasks left are 56 

createEmptyLayer metal8_conn 
INFO (ASSREXT-35316): ****** For command L462 on processor #1:

INFO (ASSREXT-35321): *** Command L462 'createEmptyLayer' finished on processor #1

INFO (ASSREXT-35323): tasks left are 55 

createEmptyLayer metal7_conn 
INFO (ASSREXT-35316): ****** For command L463 on processor #1:

INFO (ASSREXT-35321): *** Command L463 'createEmptyLayer' finished on processor #1

INFO (ASSREXT-35323): tasks left are 54 

createEmptyLayer metal6_conn 
INFO (ASSREXT-35316): ****** For command L464 on processor #1:

INFO (ASSREXT-35321): *** Command L464 'createEmptyLayer' finished on processor #1

INFO (ASSREXT-35323): tasks left are 53 

createEmptyLayer metal5_conn 
INFO (ASSREXT-35316): ****** For command L465 on processor #1:

INFO (ASSREXT-35321): *** Command L465 'createEmptyLayer' finished on processor #1

INFO (ASSREXT-35323): tasks left are 52 

createEmptyLayer metal4_conn 
INFO (ASSREXT-35316): ****** For command L466 on processor #1:

INFO (ASSREXT-35321): *** Command L466 'createEmptyLayer' finished on processor #1

INFO (ASSREXT-35323): tasks left are 51 

createEmptyLayer metal3_conn 
INFO (ASSREXT-35316): ****** For command L467 on processor #1:

INFO (ASSREXT-35321): *** Command L467 'createEmptyLayer' finished on processor #1

INFO (ASSREXT-35323): tasks left are 50 

geom _0nmos1v,_0pmos1v - qrcgate,1,i,1 
INFO (ASSREXT-35316): ****** For command L494 on processor #1:

INFO (ASSREXT-35321): *** Command L494 'geom' finished on processor #1

INFO (ASSREXT-35323): tasks left are 49 

geom -V -i p_rpoly_0conn,np_rpoly_0conn - so_poly_conn,1,n 
INFO (ASSREXT-35316): ****** For command L443 on processor #1:

  geom took  0.00 user, 0.00 sys, 0.00 elapsed, 6732.0 kbytes
 INFO (ASSREXT-35321): *** Command L443 'geom' finished on processor #1

INFO (ASSREXT-35323): tasks left are 48 

geom -V -i p_rmetal1_0conn,np_rmetal1_0conn - so_metal1_conn,1,n 
INFO (ASSREXT-35316): ****** For command L446 on processor #1:

  geom took  0.00 user, 0.00 sys, 0.00 elapsed, 6676.0 kbytes
 INFO (ASSREXT-35321): *** Command L446 'geom' finished on processor #1

INFO (ASSREXT-35323): tasks left are 47 

geom -V -i p_rmetal2_0conn,np_rmetal2_0conn - so_metal2_conn,1,n 
INFO (ASSREXT-35316): ****** For command L449 on processor #1:

  geom took  0.00 user, 0.00 sys, 0.00 elapsed, 6664.0 kbytes
 INFO (ASSREXT-35321): *** Command L449 'geom' finished on processor #1

INFO (ASSREXT-35323): tasks left are 46 

changeTransFileNameAP _0nmos1v.trans _0nmos1v.transr 
INFO (ASSREXT-35316): ****** For command L434 on processor #1:

INFO (ASSREXT-35321): *** Command L434 'changeTransFileNameAP' finished on processor #1

INFO (ASSREXT-35323): tasks left are 45 

changeTransFileNameAP _0pmos1v.trans _0pmos1v.transr 
INFO (ASSREXT-35316): ****** For command L435 on processor #1:

INFO (ASSREXT-35321): *** Command L435 'changeTransFileNameAP' finished on processor #1

INFO (ASSREXT-35323): tasks left are 44 

netprint -max NET 
INFO (ASSREXT-35316): ****** For command L436 on processor #1:

INFO (ASSREXT-35321): *** Command L436 'netprint' finished on processor #1

INFO (ASSREXT-35323): tasks left are 43 

emerge -V _0nmos1v _0pmos1v allGate 
INFO (ASSREXT-35316): ****** For command L710 on processor #1:

  emerge took 0.00 user, 0.00 sys, 0.00 elapsed, 5804.0 kbytes
 INFO (ASSREXT-35321): *** Command L710 'emerge' finished on processor #1

INFO (ASSREXT-35323): tasks left are 42 

INFO (ASSREXT-35299): *** L473 '/bin/cp' executed directly

INFO (ASSREXT-35307): tasks left are 41

geom -V p_rnwell_0conn,np_rnwell_0conn - nwell_0conn,1,i,1 
INFO (ASSREXT-35316): ****** For command L474 on processor #1:

  geom took  0.00 user, 0.00 sys, 0.00 elapsed, 6728.0 kbytes
 INFO (ASSREXT-35321): *** Command L474 'geom' finished on processor #1

INFO (ASSREXT-35323): tasks left are 40 

grow -V 0.001 nwell_0conn g_nwell_0conn 
INFO (ASSREXT-35316): ****** For command L478 on processor #1:

  grow took  0.00 user, 0.00 sys, 0.00 elapsed, 5968.0 kbytes
 INFO (ASSREXT-35321): *** Command L478 'grow' finished on processor #1

INFO (ASSREXT-35323): tasks left are 39 

INFO (ASSREXT-35299): *** L475 '/bin/cp' executed directly

INFO (ASSREXT-35307): tasks left are 38

geom -V p_rpsubstrate,np_rpsubstrate - psubstrate,1,i,1 
INFO (ASSREXT-35316): ****** For command L476 on processor #1:

  geom took  0.00 user, 0.00 sys, 0.00 elapsed, 6736.0 kbytes
 INFO (ASSREXT-35321): *** Command L476 'geom' finished on processor #1

INFO (ASSREXT-35323): tasks left are 37 

INFO (ASSREXT-35299): *** L477 '/bin/cp' executed directly

INFO (ASSREXT-35307): tasks left are 36

geom -V psubstrate g_nwell_0conn - psubstrate,10,i,1 
INFO (ASSREXT-35316): ****** For command L479 on processor #1:

  geom took  0.00 user, 0.00 sys, 0.00 elapsed, 6708.0 kbytes
 INFO (ASSREXT-35321): *** Command L479 'geom' finished on processor #1

INFO (ASSREXT-35323): tasks left are 35 

xytoebbox -V -g 10.002 -e metal11_conn,metal10_conn,metal9_conn,metal8_conn,metal7_conn,metal6_conn,metal5_conn,metal4_conn,metal3_conn,metal2_conn,metal1_conn,poly_conn,Oxide,nwell_0conn,psubstrate xg_FOX 
INFO (ASSREXT-35316): ****** For command L482 on processor #1:

INFO (ASSREXT-35321): *** Command L482 'xytoebbox' finished on processor #1

INFO (ASSREXT-35323): tasks left are 34 

geom -V nwell_0conn,psubstrate - FOX,1,i,1 
INFO (ASSREXT-35316): ****** For command L481 on processor #1:

  geom took  0.00 user, 0.00 sys, 0.00 elapsed, 6724.0 kbytes
 INFO (ASSREXT-35321): *** Command L481 'geom' finished on processor #1

INFO (ASSREXT-35323): tasks left are 33 

grow -V 0.001 FOX g_FOX 
INFO (ASSREXT-35316): ****** For command L483 on processor #1:

  grow took  0.00 user, 0.00 sys, 0.00 elapsed, 5912.0 kbytes
 INFO (ASSREXT-35321): *** Command L483 'grow' finished on processor #1

INFO (ASSREXT-35323): tasks left are 32 

geom -V xg_FOX g_FOX - tmp_FOX,10 
INFO (ASSREXT-35316): ****** For command L484 on processor #1:

  geom took  0.00 user, 0.00 sys, 0.00 elapsed, 6696.0 kbytes
 INFO (ASSREXT-35321): *** Command L484 'geom' finished on processor #1

INFO (ASSREXT-35323): tasks left are 31 

epick -V -reo -D 5 tmp_FOX pick_FOX 
INFO (ASSREXT-35316): ****** For command L485 on processor #1:

  epick took  0.00 user, 0.00 sys, 0.00 elapsed, 5908.0 kbytes
 INFO (ASSREXT-35321): *** Command L485 'epick' finished on processor #1

INFO (ASSREXT-35323): tasks left are 30 

grow -V -m 0.002 pick_FOX g_pick_FOX 
INFO (ASSREXT-35316): ****** For command L486 on processor #1:

  grow took  0.00 user, 0.00 sys, 0.00 elapsed, 5948.0 kbytes
   geom took  0.00 user, 0.00 sys, 0.00 elapsed, 6644.0 kbytes
 INFO (ASSREXT-35321): *** Command L486 'grow' finished on processor #1

INFO (ASSREXT-35323): tasks left are 29 

stamp -i FOX g_pick_FOX 
INFO (ASSREXT-35316): ****** For command L487 on processor #1:

INFO (ASSREXT-35321): *** Command L487 'stamp' finished on processor #1

INFO (ASSREXT-35323): tasks left are 28 

grow -V -m -0.002 g_pick_FOX pick_FOX 
INFO (ASSREXT-35316): ****** For command L488 on processor #1:

  grow took  0.00 user, 0.00 sys, 0.00 elapsed, 5972.0 kbytes
   sort edges took  0.00 user, 0.00 sys, 0.00 elapsed, 6364.0 kbytes
   geom took  0.00 user, 0.00 sys, 0.00 elapsed, 6620.0 kbytes
 INFO (ASSREXT-35321): *** Command L488 'grow' finished on processor #1

INFO (ASSREXT-35323): tasks left are 27 

emerge -V pick_FOX FOX tmp1_FOX 
INFO (ASSREXT-35316): ****** For command L489 on processor #1:

  emerge took 0.00 user, 0.00 sys, 0.00 elapsed, 5868.0 kbytes
 INFO (ASSREXT-35321): *** Command L489 'emerge' finished on processor #1

INFO (ASSREXT-35323): tasks left are 26 

geom -V tmp1_FOX - FOX,1,i,1 
INFO (ASSREXT-35316): ****** For command L490 on processor #1:

  geom took  0.00 user, 0.00 sys, 0.00 elapsed, 6520.0 kbytes
 INFO (ASSREXT-35321): *** Command L490 'geom' finished on processor #1

INFO (ASSREXT-35323): tasks left are 25 

geom -V FOX Oxide - FOX,10,i,1 
INFO (ASSREXT-35316): ****** For command L492 on processor #1:

  geom took  0.00 user, 0.00 sys, 0.00 elapsed, 6736.0 kbytes
 INFO (ASSREXT-35321): *** Command L492 'geom' finished on processor #1

INFO (ASSREXT-35323): tasks left are 24 

INFO (ASSREXT-35299): *** L500 'mv' executed directly

INFO (ASSREXT-35307): tasks left are 23

INFO (ASSREXT-35299): *** L491 '/bin/rm' executed directly

INFO (ASSREXT-35307): tasks left are 22

INFO (ASSREXT-35299): *** L480 '/bin/cp' executed directly

INFO (ASSREXT-35307): tasks left are 21

INFO (ASSREXT-35299): *** L493 '/bin/cp' executed directly

INFO (ASSREXT-35307): tasks left are 20

Capacitance data preparation stage took  0.59 user, 0.90 sys, 4.00 elapsed, 8704.0 kbytes
INFO (ASSREXT-35334): Capacitance data preparation stage completed successfully at Sat Dec  6 17:16:02 2025

INFO (ASSREXT-35335): pax16 started at Sat Dec  6 17:16:02 2025

pax16 -V -lee_off -delete_unused_files rm_files_in_pax16 -gnd 5 -ignore_cf_table -scf sip.cmd -cgnd 5,1.0 -rcxlvs rcxtolvsmapfile -M_perim_off -c /package/eda/cadence/gpdk045/gpdk045_v_6_0/qrc/typical/qrcTechFile -f FOX Oxide poly_conn:poly_conn_cut metal1_conn:metal1_conn_cut metal2_conn:metal2_conn_cut metal3_conn metal4_conn metal5_conn metal6_conn metal7_conn metal8_conn metal9_conn metal10_conn metal11_conn allGate - /package/eda/cadence/gpdk045/gpdk045_v_6_0/qrc/typical/qrcTechFile - - NET - capfile 
INFO (ASSREXT-35315): ****** For command L716:

  pax16 took  0.35 user, 0.35 sys, 2.00 elapsed, 131724.0 kbytes
 INFO (ASSREXT-35320): *** Command L716 'pax16' finished

C stage took 0.37 user, 0.38 sys, 2.00 elapsed, 8704.0 kbytes
INFO (ASSREXT-35336): pax16 completed successfully at Sat Dec  6 17:16:04 2025

INFO (ASSREXT-35337): Output stage started at Sat Dec  6 17:16:04 2025

INFO (ASSREXT-35323): tasks left are 19 

xreduce -V -mergecap -n NET -tech /package/eda/cadence/gpdk045/gpdk045_v_6_0/qrc/typical -d1 -e metal11_conn,metal10_conn,metal9_conn,metal8_conn,metal7_conn,metal6_conn,metal5_conn,metal4_conn,metal3_conn,metal2_conn,metal1_conn,poly_conn,Oxide,FOX,np_rndiff_0conn,np_rpdiff_0conn,np_rnwell_0conn,np_rpsubstrate,rVia1,rcont_0poly -decoupled -sr -danglingR -minR 0.001 -rPvia rVia1.res,rcont_0poly.res,rcont_0pdiff_metal1_0conn_pdiff_0conn.res,rcont_0ndiff_metal1_0conn_ndiff_0conn.res -rP np_rpoly_0conn.res,np_rmetal1_0conn.res,np_rmetal2_0conn.res,mwires.res -cap capfile L1T0 _0nmos1v.transr _0pmos1v.transr 
INFO (ASSREXT-35315): ****** For command L736:

  INFO (XREDUCE-199107): Total number of resistors is 120
   
   INFO (XREDUCE-199108): d1 option renamed 0 nets
   
   INFO (XREDUCE-199109): minR option removed 2 resistors (2%)
   
   INFO (XREDUCE-199054): Total number of capacitors in capfile is 92
   
   INFO (XREDUCE-199052): mergecap required for 6 (2%) of 304 nets
   
   INFO (XREDUCE-199113): danglingR option removed 3 resistors
   
   INFO (XREDUCE-199107): Total number of resistors is 86
   
   INFO (XREDUCE-199108): d1 option renamed 3 nets
   
   INFO (XREDUCE-199054): Total number of capacitors in capfile is 89
   
   xreduce took 0.21 user, 1.05 sys, 2.00 elapsed, 36856.0 kbytes
 INFO (ASSREXT-35320): *** Command L736 'xreduce' finished

INFO (ASSREXT-35323): tasks left are 18 

advgen -V -g0 -li -f -n -o HSPICE -TL L1T0 -cgnd 5,1.0 -dxref /home/ecegridfs/a/559mg81/pvs/svdb/FAdder/FAdder.gdx -nxref /home/ecegridfs/a/559mg81/pvs/svdb/FAdder/FAdder.gnx -addprefix -sc caps2dversion -mx capfile metal11_conn,metal10_conn,metal9_conn,metal8_conn,metal7_conn,metal6_conn,metal5_conn,metal4_conn,metal3_conn,metal2_conn,metal1_conn,poly_conn,Oxide,FOX -rPmw res.mod np_rmetal2_0conn.res,Rnp_rmetal2_0conn.dev2 np_rmetal1_0conn.res,Rnp_rmetal1_0conn.dev2 np_rpoly_0conn.res,Rnp_rpoly_0conn.dev2 rVia1.res,RrVia1.dev2 rcont_0poly.res,Rrcont_0poly.dev2 rcont_0pdiff_metal1_0conn_pdiff_0conn.res,Rrcont_0pdiff_metal1_0conn_pdiff_0conn.dev2 rcont_0ndiff_metal1_0conn_ndiff_0conn.res,Rrcont_0ndiff_metal1_0conn_ndiff_0conn.dev2 -rPmw mwires.mod mwires.res,mwires.dev2 -ta lvsmos.mod,_0nmos1v.net _0nmos1v.transr -ta lvsmos.mod,_0pmos1v.net _0pmos1v.transr - NET - /home/ecegridfs/a/559mg81/pvs/svdb/FAdder/extview.tmp 
INFO (ASSREXT-35315): ****** For command L749:

  advgen took:  0.25 user, 0.49 sys, 1.00 elapsed, 40320.0 kbytes
 INFO (ASSREXT-35320): *** Command L749 'advgen' finished

INFO (ASSREXT-35323): tasks left are 17 

geom metal1_conn np_rmetal1_0conn - np_rmetal1_0conn,11,i,1 
INFO (ASSREXT-35316): ****** For command L769 on processor #1:

INFO (ASSREXT-35321): *** Command L769 'geom' finished on processor #1

INFO (ASSREXT-35323): tasks left are 16 

ereduce rcont_0ndiff_metal1_0conn_ndiff_0conn rcont_0ndiff_metal1_0conn_ndiff_0conn.reduce 
INFO (ASSREXT-35316): ****** For command L773 on processor #1:

INFO (ASSREXT-35321): *** Command L773 'ereduce' finished on processor #1

INFO (ASSREXT-35323): tasks left are 15 

ereduce rcont_0pdiff_metal1_0conn_pdiff_0conn rcont_0pdiff_metal1_0conn_pdiff_0conn.reduce 
INFO (ASSREXT-35316): ****** For command L778 on processor #1:

INFO (ASSREXT-35321): *** Command L778 'ereduce' finished on processor #1

INFO (ASSREXT-35323): tasks left are 14 

stamp -i np_rmetal1_0conn rcont_0ndiff_metal1_0conn_ndiff_0conn.reduce 
INFO (ASSREXT-35316): ****** For command L774 on processor #1:

INFO (ASSREXT-35321): *** Command L774 'stamp' finished on processor #1

INFO (ASSREXT-35323): tasks left are 13 

stamp -i np_rmetal1_0conn rcont_0pdiff_metal1_0conn_pdiff_0conn.reduce 
INFO (ASSREXT-35316): ****** For command L779 on processor #1:

INFO (ASSREXT-35321): *** Command L779 'stamp' finished on processor #1

INFO (ASSREXT-35323): tasks left are 12 

geom metal2_conn np_rmetal2_0conn - np_rmetal2_0conn,11,i,1 
INFO (ASSREXT-35316): ****** For command L768 on processor #1:

INFO (ASSREXT-35321): *** Command L768 'geom' finished on processor #1

INFO (ASSREXT-35323): tasks left are 11 

stamp -i rcont_0ndiff_metal1_0conn_ndiff_0conn.reduce rcont_0ndiff_metal1_0conn_ndiff_0conn 
INFO (ASSREXT-35316): ****** For command L775 on processor #1:

INFO (ASSREXT-35321): *** Command L775 'stamp' finished on processor #1

INFO (ASSREXT-35323): tasks left are 10 

stamp -i rcont_0pdiff_metal1_0conn_pdiff_0conn.reduce rcont_0pdiff_metal1_0conn_pdiff_0conn 
INFO (ASSREXT-35316): ****** For command L780 on processor #1:

INFO (ASSREXT-35321): *** Command L780 'stamp' finished on processor #1

INFO (ASSREXT-35323): tasks left are 9 

stamp -i2 np_rmetal1_0conn rcont_0poly np_rcont_0poly 
INFO (ASSREXT-35316): ****** For command L772 on processor #1:

INFO (ASSREXT-35321): *** Command L772 'stamp' finished on processor #1

INFO (ASSREXT-35323): tasks left are 8 

stamp -i2 np_rmetal2_0conn rVia1 np_rVia1 
INFO (ASSREXT-35316): ****** For command L771 on processor #1:

INFO (ASSREXT-35321): *** Command L771 'stamp' finished on processor #1

INFO (ASSREXT-35323): tasks left are 7 

geom poly_conn np_rpoly_0conn - np_rpoly_0conn,11,i,1 
INFO (ASSREXT-35316): ****** For command L770 on processor #1:

INFO (ASSREXT-35321): *** Command L770 'geom' finished on processor #1

INFO (ASSREXT-35323): tasks left are 6 

stamp -i rcont_0ndiff_metal1_0conn_ndiff_0conn cont_0ndiff_metal1_0conn_ndiff_0conn 
INFO (ASSREXT-35316): ****** For command L776 on processor #1:

INFO (ASSREXT-35321): *** Command L776 'stamp' finished on processor #1

INFO (ASSREXT-35323): tasks left are 5 

stamp -i rcont_0pdiff_metal1_0conn_pdiff_0conn cont_0pdiff_metal1_0conn_pdiff_0conn 
INFO (ASSREXT-35316): ****** For command L781 on processor #1:

INFO (ASSREXT-35321): *** Command L781 'stamp' finished on processor #1

INFO (ASSREXT-35323): tasks left are 4 

INFO (ASSREXT-35299): *** L783 'mv' executed directly

INFO (ASSREXT-35307): tasks left are 3

INFO (ASSREXT-35299): *** L809 'cat' executed directly

INFO (ASSREXT-35307): tasks left are 2

INFO (ASSREXT-35299): *** L777 '/bin/rm' executed directly

INFO (ASSREXT-35307): tasks left are 1

INFO (ASSREXT-35299): *** L782 '/bin/rm' executed directly

INFO (ASSREXT-35307): tasks left are 0

Output stage took  0.86 user, 1.97 sys, 5.00 elapsed, 8708.0 kbytes
INFO (ASSREXT-35338): Output stage completed successfully at Sat Dec  6 17:16:09 2025

assura_rcx took:  0.00 user, 0.00 sys, 0.00 elapsed, 8708.0 kbytes
INFO (LBRCXM-610): Extraction finished.

INFO (LBRCXU-108): Starting

 runUserCmd /package/eda/cadence/IC231.11/bin/qrcToDfII -extract both -run_name FAdder -cdlout_run_dir /home/ecegridfs/a/559mg81/pvs -check_cell_view TRUE -device_finger_delimiter @ -extracted_view av_extracted -lvs_source agds -cap_models no -capacitor pcapacitor -res_models no -resistor presistor -cap_prop_name c -res_prop_name r -transfer_net_expression TRUE -extview_tmp /home/ecegridfs/a/559mg81/pvs/svdb/FAdder/extview.tmp -run_dir /home/ecegridfs/a/559mg81/pvs/svdb/FAdder -cdslib /home/ecegridfs/a/559mg81/cds.lib -lib_name tutorial -cell_name FAdder -view_name layout -extview_rul /package/eda/cadence/gpdk045/gpdk045_v_6_0/pvs/extview.rul -server /package/eda2/cadence/QUANTUS2311/tools/extraction/bin/64bit/../shapeServer
Virtuoso Framework License (111) was checked out successfully. Total checkout time was 0.03s.
device        g45n1svt  M          _nmos1v          nmos1v  ivpcell     gpdk045  D G S B
Loading gpdk045/libInit.il ...
	Loading gpdk045/loadCxt.ile ... done!
	Loading context 'gpdk045' from library 'gpdk045' ... done!
	Loading context 'pdkUtils' from library 'gpdk045' ... done!
	Loading gpdk045/gpdk045_customFilter.il ... done!
	Loading gpdk045/libInitCustomExit.il ... 
	Loading Environment Settings ...
	Loading gpdk045/gpdk045_PDKRegistrations.il ... done!

  *************************************************************           
  *              Cadence Design Systems, Inc.                 *           
  *                                                           *           
  *                    Generic 45nm PDK                       *           
  *                        (gpdk045)                          *           
  *                                                           *           
  *************************************************************           
	

	VERSION: 6.0 (09-September-2019)

done!
Loaded gpdk045/libInit.il successfully!
device        g45n1hvt  M      _nmos1v_hvt      nmos1v_hvt  ivpcell     gpdk045  D G S B
device        g45n1lvt  M      _nmos1v_lvt      nmos1v_lvt  ivpcell     gpdk045  D G S B
device        g45n1nvt  M  _nmos_12_native      nmos1v_nat  ivpcell     gpdk045  D G S B
device        g45n2svt  M         _nmos_25          nmos2v  ivpcell     gpdk045  D G S B
device        g45n2nvt  M  _nmos_25_native      nmos2v_nat  ivpcell     gpdk045  D G S B
device        g45ncap1  M       _nmoscap1v       nmoscap1v  ivpcell     gpdk045  D G S B
device        g45ncap2  M       _nmoscap2v       nmoscap2v  ivpcell     gpdk045  D G S B
device        g45p1svt  M          _pmos1v          pmos1v  ivpcell     gpdk045  D G S B
device        g45p1hvt  M      _pmos1v_hvt      pmos1v_hvt  ivpcell     gpdk045  D G S B
device        g45p1lvt  M      _pmos1v_lvt      pmos1v_lvt  ivpcell     gpdk045  D G S B
device        g45p2svt  M          _pmos2v          pmos2v  ivpcell     gpdk045  D G S B
device        g45pcap1  M       _pmoscap1v       pmoscap1v  ivpcell     gpdk045  D G S B
device        g45pcap2  M       _pmoscap2v       pmoscap2v  ivpcell     gpdk045  D G S B
device          g45rm1  R           _resm1           resm1  ivpcell     gpdk045  PLUS MINUS
device          g45rm2  R           _resm2           resm2  ivpcell     gpdk045  PLUS MINUS
device          g45rm3  R           _resm3           resm3  ivpcell     gpdk045  PLUS MINUS
device          g45rm4  R           _resm4           resm4  ivpcell     gpdk045  PLUS MINUS
device          g45rm5  R           _resm5           resm5  ivpcell     gpdk045  PLUS MINUS
device          g45rm6  R           _resm6           resm6  ivpcell     gpdk045  PLUS MINUS
device          g45rm7  R           _resm7           resm7  ivpcell     gpdk045  PLUS MINUS
device          g45rm8  R           _resm8           resm8  ivpcell     gpdk045  PLUS MINUS
device          g45rm9  R           _resm9           resm9  ivpcell     gpdk045  PLUS MINUS
device         g45rm10  R          _resm10          resm10  ivpcell     gpdk045  PLUS MINUS
device         g45rm11  R          _resm11          resm11  ivpcell     gpdk045  PLUS MINUS
device         g45rsnd  R       _ressndiff       ressndiff  ivpcell     gpdk045  PLUS MINUS B
device        g45rnsnd  R      _resnsndiff      resnsndiff  ivpcell     gpdk045  PLUS MINUS B
device         g45rsnp  R       _ressnpoly       ressnpoly  ivpcell     gpdk045  PLUS MINUS B
device         g45rsnp  R    _ressnpoly_nw       ressnpoly  ivpcell     gpdk045  PLUS MINUS B
device        g45rnsnp  R      _resnsnpoly      resnsnpoly  ivpcell     gpdk045  PLUS MINUS B
device        g45rnsnp  R   _resnsnpoly_nw      resnsnpoly  ivpcell     gpdk045  PLUS MINUS B
device         g45rspd  R       _resspdiff       resspdiff  ivpcell     gpdk045  PLUS MINUS B
device        g45rnspd  R      _resnspdiff      resnspdiff  ivpcell     gpdk045  PLUS MINUS B
device         g45rspp  R       _ressppoly       ressppoly  ivpcell     gpdk045  PLUS MINUS B
device         g45rspp  R    _ressppoly_nw       ressppoly  ivpcell     gpdk045  PLUS MINUS B
device        g45rnspp  R      _resnsppoly      resnsppoly  ivpcell     gpdk045  PLUS MINUS B
device        g45rnspp  R   _resnsppoly_nw      resnsppoly  ivpcell     gpdk045  PLUS MINUS B
device         g45rnws  R        _resnwsti        resnwsti  ivpcell     gpdk045  PLUS MINUS B
device         g45rnwo  R      _resnwoxide      resnwoxide  ivpcell     gpdk045  PLUS MINUS B
device       g45nd1svt  D            _ndio            ndio  ivpcell     gpdk045  PLUS MINUS
device       g45nd1lvt  D        _ndio_lvt        ndio_lvt  ivpcell     gpdk045  PLUS MINUS
device       g45nd1hvt  D        _ndio_hvt        ndio_hvt  ivpcell     gpdk045  PLUS MINUS
device       g45nd1nvt  D        _ndio_nvt        ndio_nvt  ivpcell     gpdk045  PLUS MINUS
device       g45nd2svt  D         _ndio_2v         ndio_2v  ivpcell     gpdk045  PLUS MINUS
device       g45nd2nvt  D     _ndio_2v_nvt     ndio_2v_nvt  ivpcell     gpdk045  PLUS MINUS
device       g45pd1svt  D            _pdio            pdio  ivpcell     gpdk045  PLUS MINUS
device       g45pd1lvt  D        _pdio_lvt        pdio_lvt  ivpcell     gpdk045  PLUS MINUS
device       g45pd1hvt  D        _pdio_hvt        pdio_hvt  ivpcell     gpdk045  PLUS MINUS
device       g45pd2svt  D         _pdio_2v         pdio_2v  ivpcell     gpdk045  PLUS MINUS
device        g45vpnp2  Q           _vpnp2           vpnp2  ivpcell     gpdk045  C B E
device        g45vpnp5  Q           _vpnp5           vpnp5  ivpcell     gpdk045  C B E
device       g45vpnp10  Q          _vpnp10          vpnp10  ivpcell     gpdk045  C B E
device        g45vnpn2  Q            _npn2            npn2  ivpcell     gpdk045  C B E
device        g45vnpn5  Q            _npn5            npn5  ivpcell     gpdk045  C B E
device       g45vnpn10  Q           _npn10           npn10  ivpcell     gpdk045  C B E
device         g45cmim  C          _mimcap          mimcap  ivpcell     gpdk045  PLUS MINUS B
device         g45inda  X           _ind_a           ind_a  ivpcell     gpdk045  PLUS MINUS B
device         g45inds  X           _ind_s           ind_s  ivpcell     gpdk045  PLUS MINUS B
Loading CDLOUT map files for /home/ecegridfs/a/559mg81/pvs

Creating extracted view for FAdder

Save recognition layer _nmos1v
Layer _nmos1v has 9 shapes.
Save recognition layer _nmos1v_hvt
Layer _nmos1v_hvt has 0 shapes.
Save recognition layer _nmos1v_lvt
Layer _nmos1v_lvt has 0 shapes.
Save recognition layer _nmos_12_native
Layer _nmos_12_native has 0 shapes.
Save recognition layer _nmos_25
Layer _nmos_25 has 0 shapes.
Save recognition layer _nmos_25_native
Layer _nmos_25_native has 0 shapes.
Save recognition layer _nmoscap1v
Layer _nmoscap1v has 0 shapes.
Save recognition layer _nmoscap2v
Layer _nmoscap2v has 0 shapes.
Save recognition layer _pmos1v
Layer _pmos1v has 9 shapes.
Save recognition layer _pmos1v_hvt
Layer _pmos1v_hvt has 0 shapes.
Save recognition layer _pmos1v_lvt
Layer _pmos1v_lvt has 0 shapes.
Save recognition layer _pmos2v
Layer _pmos2v has 0 shapes.
Save recognition layer _pmoscap1v
Layer _pmoscap1v has 0 shapes.
Save recognition layer _pmoscap2v
Layer _pmoscap2v has 0 shapes.
Save recognition layer _resm1
Layer _resm1 has 0 shapes.
Save recognition layer _resm2
Layer _resm2 has 0 shapes.
Save recognition layer _resm3
Layer _resm3 has 0 shapes.
Save recognition layer _resm4
Layer _resm4 has 0 shapes.
Save recognition layer _resm5
Layer _resm5 has 0 shapes.
Save recognition layer _resm6
Layer _resm6 has 0 shapes.
Save recognition layer _resm7
Layer _resm7 has 0 shapes.
Save recognition layer _resm8
Layer _resm8 has 0 shapes.
Save recognition layer _resm9
Layer _resm9 has 0 shapes.
Save recognition layer _resm10
Layer _resm10 has 0 shapes.
Save recognition layer _resm11
Layer _resm11 has 0 shapes.
Save recognition layer _ressndiff
Layer _ressndiff has 0 shapes.
Save recognition layer _resnsndiff
Layer _resnsndiff has 0 shapes.
Save recognition layer _ressnpoly
Layer _ressnpoly has 0 shapes.
Save recognition layer _ressnpoly_nw
Layer _ressnpoly_nw has 0 shapes.
Save recognition layer _resnsnpoly
Layer _resnsnpoly has 0 shapes.
Save recognition layer _resnsnpoly_nw
Layer _resnsnpoly_nw has 0 shapes.
Save recognition layer _resspdiff
Layer _resspdiff has 0 shapes.
Save recognition layer _resnspdiff
Layer _resnspdiff has 0 shapes.
Save recognition layer _ressppoly
Layer _ressppoly has 0 shapes.
Save recognition layer _ressppoly_nw
Layer _ressppoly_nw has 0 shapes.
Save recognition layer _resnsppoly
Layer _resnsppoly has 0 shapes.
Save recognition layer _resnsppoly_nw
Layer _resnsppoly_nw has 0 shapes.
Save recognition layer _resnwsti
Layer _resnwsti has 0 shapes.
Save recognition layer _resnwoxide
Layer _resnwoxide has 0 shapes.
Save recognition layer _ndio
Layer _ndio has 0 shapes.
Save recognition layer _ndio_lvt
Layer _ndio_lvt has 0 shapes.
Save recognition layer _ndio_hvt
Layer _ndio_hvt has 0 shapes.
Save recognition layer _ndio_nvt
Layer _ndio_nvt has 0 shapes.
Save recognition layer _ndio_2v
Layer _ndio_2v has 0 shapes.
Save recognition layer _ndio_2v_nvt
Layer _ndio_2v_nvt has 0 shapes.
Save recognition layer _pdio
Layer _pdio has 0 shapes.
Save recognition layer _pdio_lvt
Layer _pdio_lvt has 0 shapes.
Save recognition layer _pdio_hvt
Layer _pdio_hvt has 0 shapes.
Save recognition layer _pdio_2v
Layer _pdio_2v has 0 shapes.
Save recognition layer _vpnp2
Layer _vpnp2 has 0 shapes.
Save recognition layer _vpnp5
Layer _vpnp5 has 0 shapes.
Save recognition layer _vpnp10
Layer _vpnp10 has 0 shapes.
Save recognition layer _npn2
Layer _npn2 has 0 shapes.
Save recognition layer _npn5
Layer _npn5 has 0 shapes.
Save recognition layer _npn10
Layer _npn10 has 0 shapes.
Save recognition layer _mimcap
Layer _mimcap has 0 shapes.
Save recognition layer _ind_a
Layer _ind_a has 0 shapes.
Save recognition layer _ind_s
Layer _ind_s has 0 shapes.
Copying layer Bondpad
Layer Bondpad has 0 shapes.
Copying layer ind11
Layer ind11 has 0 shapes.
Copying layer CapMetal
Layer CapMetal has 0 shapes.
Copying layer via10_cap
Layer via10_cap has 0 shapes.
Copying layer metal10_conn
Layer metal10_conn has 0 shapes.
Copying layer via10_nocap
Layer via10_nocap has 0 shapes.
Copying layer ind10
Layer ind10 has 0 shapes.
Copying layer ind_via_diva
Layer ind_via_diva has 0 shapes.
Copying layer via10_nodev
Layer via10_nodev has 0 shapes.
Copying layer ind_ct
Layer ind_ct has 0 shapes.
Copying layer metal9_conn
Layer metal9_conn has 0 shapes.
Copying layer Via9
Layer Via9 has 0 shapes.
Copying layer metal8_conn
Layer metal8_conn has 0 shapes.
Copying layer Via8
Layer Via8 has 0 shapes.
Copying layer metal7_conn
Layer metal7_conn has 0 shapes.
Copying layer Via7
Layer Via7 has 0 shapes.
Copying layer metal6_conn
Layer metal6_conn has 0 shapes.
Copying layer Via6
Layer Via6 has 0 shapes.
Copying layer metal5_conn
Layer metal5_conn has 0 shapes.
Copying layer Via5
Layer Via5 has 0 shapes.
Copying layer metal4_conn
Layer metal4_conn has 0 shapes.
Copying layer Via4
Layer Via4 has 0 shapes.
Copying layer metal3_conn
Layer metal3_conn has 0 shapes.
Copying layer Via3
Layer Via3 has 0 shapes.
Copying layer metal2_conn
Layer metal2_conn has 18 shapes.
Copying layer Via2
Layer Via2 has 0 shapes.
Copying layer metal1_conn
Layer metal1_conn has 61 shapes.
Copying layer Via1
Layer Via1 has 18 shapes.
Copying layer poly_conn
Layer poly_conn has 33 shapes.
Copying layer cont_poly
Layer cont_poly has 12 shapes.
Copying layer pdiff_conn
Layer pdiff_conn has 14 shapes.
Copying layer pdiff_conn
Layer pdiff_conn has 14 shapes.
Copying layer cont_pdiff
Layer cont_pdiff has 15 shapes.
Copying layer npn_emit
Layer npn_emit has 0 shapes.
Copying layer cont_ndiff
Layer cont_ndiff has 15 shapes.
Copying layer ndiff_conn
Layer ndiff_conn has 14 shapes.
Copying layer ndiff_conn
Layer ndiff_conn has 14 shapes.
Copying layer pnp_emit
Layer pnp_emit has 0 shapes.
Copying layer psubstrate
Layer psubstrate has 1 shapes.
Copying layer nwell_conn
Layer nwell_conn has 1 shapes.
Copying layer Nburied
Layer Nburied has 0 shapes.
Copying layer nb_tap
Layer nb_tap has 0 shapes.


Summary for tutorial/FAdder/av_extracted

instance count totals:

    lib              cell             view                    total
    analogLib        pcapacitor       symbol                     87
    analogLib        presistor        symbol                     86
    gpdk045          nmos1v           ivpcell                     9
    gpdk045          pmos1v           ivpcell                     9

Extracted view creation has completed.
INFO (LBRCXM-612): Done Executing :runUserCmd

INFO (LBRCXM-582): Checking in license of QTS300 23.10

INFO (LBRCXM-985): Summary:
 Number of CPUs requested:		1
 Techfile(s):
    /package/eda/cadence/gpdk045/gpdk045_v_6_0/qrc/typical/qrcTechFile; process name: GPDK45_typical
 License(s) used:	QTS300 (x1)
 Design data:
    global nets:                  0
    LVS nets:                     10
    signal nets:                  10
    floating nets:                0
    ground net name:              gnd
 Reduction statistics:
    Dangling Rs removed:          3
    Merged Parallel Rs:           0
    Mfactor Merged Devices:       0
    Rs shorted by min_res option: 2
    Merged Parallel Self Caps:    0
    CCs filtered by minC option:  0
    Shorted Incomplete Nets:      0
 Output statistics:
    R: 86
    C: 87
    L: 0


INFO (LBRCXM-920): Host name and peak memory report
 Host Name:                    ececomp2.ecn.purdue.edu
 Peak memory used:             202 MB (sampled at 15s intervals)

INFO (LBRCXM-982): Floating net statistics in the design:

   Total floating nets =  0
     Total signal nets =  10
         Total LVS net = 10

INFO (LBRCXM-702): Run ended: Sat Dec  6 17:16:10 2025


INFO (LBRCXM-805): Quantus run took:  7s user, 7s sys, 24s elapsed


INFO (LBRCXM-708): *****  Quantus terminated normally  *****


