M1_PO_CDNS_764906493011 metal1_conn,cont_poly,poly_conn NULL
pmos1v_CDNS_764906493010 metal1_conn,cont_ndiff,psubstrate,ndiff_conn,poly_conn,cont_pdiff,pdiff_conn,nwell_conn,ntap NULL
pmos1v_CDNS_764906493012 metal1_conn,psubstrate,poly_conn,cont_pdiff,pdiff_conn,_pmos1v,nwell_conn NULL
pmos1v_CDNS_764906493013 metal1_conn,psubstrate,poly_conn,cont_pdiff,pdiff_conn,_pmos1v,nwell_conn NULL
pmos1v_CDNS_764906493014 metal1_conn,psubstrate,poly_conn,cont_pdiff,pdiff_conn,_pmos1v,nwell_conn NULL
pmos1v_CDNS_764906493015 metal1_conn,psubstrate,poly_conn,cont_pdiff,pdiff_conn,_pmos1v,nwell_conn NULL
nmos1v_CDNS_764906493011 metal1_conn,cont_ndiff,psubstrate,ndiff_conn,poly_conn,_nmos1v NULL
nmos1v_CDNS_764906493016 metal1_conn,cont_ndiff,psubstrate,ndiff_conn,poly_conn NULL
nmos1v_CDNS_764906493017 metal1_conn,cont_ndiff,psubstrate,ndiff_conn,poly_conn,_nmos1v NULL
nmos1v_CDNS_764906493018 psubstrate,ndiff_conn,poly_conn,_nmos1v NULL
nmos1v_CDNS_764906493019 metal1_conn,cont_ndiff,psubstrate,ndiff_conn,poly_conn,_nmos1v NULL
pmos1v_CDNS_7649064930110 metal1_conn,psubstrate,poly_conn,cont_pdiff,pdiff_conn,_pmos1v,nwell_conn NULL
pmos1v_CDNS_7649064930111 psubstrate,poly_conn,pdiff_conn,_pmos1v,nwell_conn NULL
HAdder metal2_conn,metal1_conn,psubstrate,cont_poly,poly_conn,_nmos1v,_pmos1v,Via1,nwell_conn cont_ndiff,ndiff_conn,cont_pdiff,ptap,pdiff_conn,ntap
nmos1v_CDNS_7649064930112 metal1_conn,cont_ndiff,psubstrate,ndiff_conn,poly_conn,_nmos1v,cont_pdiff,ptap,pdiff_conn NULL
M2_M1_CDNS_764906493012 metal2_conn,metal1_conn,Via1 NULL
M2_M1_CDNS_764906493013 metal2_conn,metal1_conn,Via1 NULL
M2_M1_CDNS_764906493017 metal2_conn,metal1_conn,Via1 NULL
M2_M1_CDNS_764906493018 metal2_conn,metal1_conn,Via1 NULL
