M1_PO_CDNS_7651233736812 metal1_conn,cont_poly,poly_conn NULL
M1_PO_CDNS_7651233736815 metal1_conn,cont_poly,poly_conn NULL
M1_PO_CDNS_7651233736820 metal1_conn,cont_poly,poly_conn NULL
M1_PO_CDNS_7651233736823 metal1_conn,cont_poly,poly_conn NULL
M2_M1_CDNS_765123373683 Via1,metal1_conn,metal2_conn NULL
M1_PO_CDNS_7651233736826 metal1_conn,cont_poly,poly_conn NULL
XOR psubstrate,nwell_conn,metal1_conn,poly_conn,metal2_conn _nmos1v,Via5,ndiff_conn,Via4,metal5_conn,cont_pdiff,metal3_conn,Via1,cont_poly,cont_ndiff,metal6_conn,ptap,Via3,metal4_conn,ntap,pdiff_conn,Via2
M2_M1_CDNS_765123373688 Via1,metal1_conn,metal2_conn NULL
nmos1v_CDNS_7651233736813 ndiff_conn,psubstrate,metal1_conn,cont_ndiff,poly_conn NULL
nmos1v_CDNS_7651233736814 _nmos1v,ndiff_conn,psubstrate,metal1_conn,cont_ndiff,poly_conn NULL
nmos1v_CDNS_7651233736815 _nmos1v,ndiff_conn,psubstrate,poly_conn NULL
nmos1v_CDNS_7651233736816 _nmos1v,ndiff_conn,psubstrate,metal1_conn,cont_ndiff,poly_conn NULL
nmos1v_CDNS_7651233736820 _nmos1v,ndiff_conn,cont_pdiff,psubstrate,metal1_conn,cont_ndiff,poly_conn,ptap,pdiff_conn NULL
M3_M2_CDNS_765123373685 metal3_conn,Via2,metal2_conn NULL
M3_M2_CDNS_765123373687 metal3_conn,Via2,metal2_conn NULL
M4_M3_CDNS_765123373680 metal3_conn,Via3,metal4_conn NULL
M4_M3_CDNS_765123373686 metal3_conn,Via3,metal4_conn NULL
M7_M6_CDNS_7651233736822 metal7_conn,metal6_conn,Via6 NULL
M6_M5_CDNS_7651233736824 Via5,metal5_conn,metal6_conn NULL
M7_M6_CDNS_7651233736830 metal7_conn,metal6_conn,Via6 NULL
M6_M5_CDNS_7651233736831 Via5,metal5_conn,metal6_conn NULL
M6_M5_CDNS_7651233736832 Via5,metal5_conn,metal6_conn NULL
M5_M4_CDNS_765123373682 Via4,metal5_conn,metal4_conn NULL
M5_M4_CDNS_765123373684 Via4,metal5_conn,metal4_conn NULL
M5_M4_CDNS_7651233736825 Via4,metal5_conn,metal4_conn NULL
M4_M3_CDNS_7651233736811 metal3_conn,Via3,metal4_conn NULL
M5_M4_CDNS_7651233736834 Via4,metal5_conn,metal4_conn NULL
4bit_CLA_logic metal5_conn,psubstrate,metal3_conn,nwell_conn,metal1_conn,cont_poly,metal7_conn,_pmos1v,metal6_conn,poly_conn,metal4_conn Via5,_nmos1v,ndiff_conn,Via4,cont_pdiff,Via1,cont_ndiff,ptap,Via3,ntap,pdiff_conn,Via2,metal2_conn,Via6
M4_M3_CDNS_7651233736821 metal3_conn,Via3,metal4_conn NULL
M3_M2_CDNS_7651233736810 metal3_conn,Via2,metal2_conn NULL
M3_M2_CDNS_7651233736813 metal3_conn,Via2,metal2_conn NULL
pmos1v_CDNS_765123373681 ndiff_conn,cont_pdiff,psubstrate,nwell_conn,metal1_conn,_pmos1v,cont_ndiff,poly_conn,pdiff_conn,ntap NULL
pmos1v_CDNS_765123373683 ndiff_conn,cont_pdiff,psubstrate,nwell_conn,metal1_conn,cont_ndiff,poly_conn,pdiff_conn,ntap NULL
pmos1v_CDNS_765123373684 ndiff_conn,cont_pdiff,psubstrate,nwell_conn,metal1_conn,cont_ndiff,poly_conn,pdiff_conn,ntap NULL
M3_M2_CDNS_7651233736833 metal3_conn,Via2,metal2_conn NULL
M2_M1_CDNS_7651233736814 Via1,metal1_conn,metal2_conn NULL
pmos1v_CDNS_765123373686 ndiff_conn,cont_pdiff,psubstrate,nwell_conn,metal1_conn,cont_ndiff,poly_conn,pdiff_conn,ntap NULL
M2_M1_CDNS_7651233736816 Via1,metal1_conn,metal2_conn NULL
nmos1v_CDNS_765123373680 _nmos1v,ndiff_conn,cont_pdiff,psubstrate,metal1_conn,cont_ndiff,poly_conn,ptap,pdiff_conn NULL
pmos1v_CDNS_765123373688 cont_pdiff,psubstrate,nwell_conn,metal1_conn,_pmos1v,poly_conn,pdiff_conn NULL
M2_M1_CDNS_7651233736818 Via1,metal1_conn,metal2_conn NULL
nmos1v_CDNS_765123373682 _nmos1v,ndiff_conn,cont_pdiff,psubstrate,metal1_conn,cont_ndiff,poly_conn,ptap,pdiff_conn NULL
M2_M1_CDNS_7651233736819 Via1,metal1_conn,metal2_conn NULL
nmos1v_CDNS_765123373685 _nmos1v,ndiff_conn,psubstrate,metal1_conn,cont_ndiff,poly_conn NULL
nmos1v_CDNS_765123373687 _nmos1v,ndiff_conn,cont_pdiff,psubstrate,metal1_conn,cont_ndiff,poly_conn,ptap,pdiff_conn NULL
nmos1v_CDNS_765123373689 _nmos1v,ndiff_conn,psubstrate,metal1_conn,cont_ndiff,poly_conn NULL
HAdder _nmos1v,psubstrate,nwell_conn,metal1_conn,cont_poly,_pmos1v,poly_conn,metal2_conn ndiff_conn,cont_pdiff,Via1,cont_ndiff,ptap,ntap,pdiff_conn
M2_M1_CDNS_7651233736827 Via1,metal1_conn,metal2_conn NULL
M2_M1_CDNS_7651233736829 Via1,metal1_conn,metal2_conn NULL
M6_M5_CDNS_765123373681 Via5,metal5_conn,metal6_conn NULL
M6_M5_CDNS_765123373689 Via5,metal5_conn,metal6_conn NULL
AND psubstrate,metal3_conn,nwell_conn,metal1_conn,poly_conn,metal2_conn _nmos1v,ndiff_conn,cont_pdiff,Via1,cont_poly,_pmos1v,cont_ndiff,ptap,ntap,pdiff_conn,Via2
pmos1v_CDNS_7651233736810 cont_pdiff,psubstrate,nwell_conn,metal1_conn,_pmos1v,poly_conn,pdiff_conn NULL
pmos1v_CDNS_7651233736811 cont_pdiff,psubstrate,nwell_conn,metal1_conn,_pmos1v,poly_conn,pdiff_conn NULL
pmos1v_CDNS_7651233736812 cont_pdiff,psubstrate,nwell_conn,metal1_conn,_pmos1v,poly_conn,pdiff_conn NULL
pmos1v_CDNS_7651233736817 cont_pdiff,psubstrate,nwell_conn,metal1_conn,_pmos1v,poly_conn,pdiff_conn NULL
pmos1v_CDNS_7651233736818 cont_pdiff,psubstrate,nwell_conn,metal1_conn,_pmos1v,poly_conn,pdiff_conn NULL
pmos1v_CDNS_7651233736819 ndiff_conn,cont_pdiff,psubstrate,nwell_conn,metal1_conn,_pmos1v,cont_ndiff,poly_conn,pdiff_conn,ntap NULL
WallaceFinalAdder psubstrate,metal3_conn,nwell_conn,metal1_conn,_pmos1v,metal6_conn,metal4_conn,metal2_conn _nmos1v,Via5,ndiff_conn,Via4,metal5_conn,cont_pdiff,Via1,cont_poly,metal7_conn,cont_ndiff,poly_conn,ptap,Via3,pdiff_conn,ntap,Via2,Via6
