M3_M2_CDNS_765123794266 metal3_conn,Via2,metal2_conn NULL
M3_M2_CDNS_7651237942611 metal3_conn,Via2,metal2_conn NULL
M3_M2_CDNS_7651237942617 metal3_conn,Via2,metal2_conn NULL
M3_M2_CDNS_7651237942621 metal3_conn,Via2,metal2_conn NULL
M2_M1_CDNS_7651237942610 Via1,metal1_conn,metal2_conn NULL
M2_M1_CDNS_7651237942615 Via1,metal1_conn,metal2_conn NULL
M2_M1_CDNS_7651237942616 Via1,metal1_conn,metal2_conn NULL
M4_M3_CDNS_765123794260 metal3_conn,Via3,metal4_conn NULL
M4_M3_CDNS_765123794264 metal3_conn,Via3,metal4_conn NULL
M4_M3_CDNS_765123794267 metal3_conn,Via3,metal4_conn NULL
M5_M4_CDNS_765123794263 Via4,metal5_conn,metal4_conn NULL
M5_M4_CDNS_765123794268 Via4,metal5_conn,metal4_conn NULL
M1_PO_CDNS_765123794262 metal1_conn,cont_poly,poly_conn NULL
M1_PO_CDNS_765123794269 metal1_conn,cont_poly,poly_conn NULL
pmos1v_CDNS_765123794260 ndiff_conn,cont_pdiff,psubstrate,nwell_conn,metal1_conn,cont_ndiff,poly_conn,pdiff_conn,ntap NULL
pmos1v_CDNS_765123794263 ndiff_conn,cont_pdiff,psubstrate,nwell_conn,metal1_conn,cont_ndiff,poly_conn,pdiff_conn,ntap NULL
nmos1v_CDNS_765123794261 _nmos1v,ndiff_conn,cont_pdiff,psubstrate,metal1_conn,cont_ndiff,poly_conn,ptap,pdiff_conn NULL
nmos1v_CDNS_765123794262 _nmos1v,ndiff_conn,cont_pdiff,psubstrate,metal1_conn,cont_ndiff,poly_conn,ptap,pdiff_conn NULL
M7_M6_CDNS_765123794261 metal7_conn,metal6_conn,Via6 NULL
4bit_CLA_logic metal5_conn,psubstrate,metal3_conn,nwell_conn,Via1,metal1_conn,cont_poly,metal7_conn,_pmos1v,metal6_conn,poly_conn,metal4_conn,metal2_conn _nmos1v,Via5,ndiff_conn,Via4,cont_pdiff,cont_ndiff,ptap,Via3,ntap,pdiff_conn,Via2,Via6
M6_M5_CDNS_7651237942619 Via5,metal5_conn,metal6_conn NULL
M6_M5_CDNS_7651237942620 Via5,metal5_conn,metal6_conn NULL
M7_M6_CDNS_7651237942618 metal7_conn,metal6_conn,Via6 NULL
M6_M5_CDNS_765123794265 Via5,metal5_conn,metal6_conn NULL
M5_M4_CDNS_7651237942622 Via4,metal5_conn,metal4_conn NULL
M4_M3_CDNS_7651237942614 metal3_conn,Via3,metal4_conn NULL
