M7_M6_CDNS_7654617506822 metal7_conn,metal6_conn,Via6 NULL
M6_M5_CDNS_7654617506824 Via5,metal5_conn,metal6_conn NULL
M7_M6_CDNS_7654617506830 metal7_conn,metal6_conn,Via6 NULL
M6_M5_CDNS_7654617506831 Via5,metal5_conn,metal6_conn NULL
M6_M5_CDNS_7654617506832 Via5,metal5_conn,metal6_conn NULL
XOR psubstrate,nwell_conn,metal1_conn,poly_conn,metal2_conn _nmos1v,Via5,ndiff_conn,Via4,metal5_conn,cont_pdiff,metal3_conn,Via1,cont_poly,cont_ndiff,metal6_conn,ptap,Via3,metal4_conn,ntap,pdiff_conn,Via2
M2_M1_CDNS_765461750683 Via1,metal1_conn,metal2_conn NULL
M2_M1_CDNS_765461750688 Via1,metal1_conn,metal2_conn NULL
M5_M4_CDNS_7654617506825 Via4,metal5_conn,metal4_conn NULL
M4_M3_CDNS_7654617506811 metal3_conn,Via3,metal4_conn NULL
M5_M4_CDNS_7654617506834 Via4,metal5_conn,metal4_conn NULL
M4_M3_CDNS_7654617506821 metal3_conn,Via3,metal4_conn NULL
M3_M2_CDNS_7654617506810 metal3_conn,Via2,metal2_conn NULL
M3_M2_CDNS_7654617506813 metal3_conn,Via2,metal2_conn NULL
M3_M2_CDNS_765461750685 metal3_conn,Via2,metal2_conn NULL
M3_M2_CDNS_765461750687 metal3_conn,Via2,metal2_conn NULL
pmos1v_CDNS_7654617506810 cont_pdiff,psubstrate,nwell_conn,metal1_conn,_pmos1v,poly_conn,pdiff_conn NULL
pmos1v_CDNS_7654617506811 cont_pdiff,psubstrate,nwell_conn,metal1_conn,_pmos1v,poly_conn,pdiff_conn NULL
pmos1v_CDNS_7654617506812 cont_pdiff,psubstrate,nwell_conn,metal1_conn,_pmos1v,poly_conn,pdiff_conn NULL
pmos1v_CDNS_7654617506817 cont_pdiff,psubstrate,nwell_conn,metal1_conn,_pmos1v,poly_conn,pdiff_conn NULL
M3_M2_CDNS_7654617506833 metal3_conn,Via2,metal2_conn NULL
pmos1v_CDNS_7654617506818 cont_pdiff,psubstrate,nwell_conn,metal1_conn,_pmos1v,poly_conn,pdiff_conn NULL
M2_M1_CDNS_7654617506814 Via1,metal1_conn,metal2_conn NULL
pmos1v_CDNS_7654617506819 ndiff_conn,cont_pdiff,psubstrate,nwell_conn,metal1_conn,_pmos1v,cont_ndiff,poly_conn,pdiff_conn,ntap NULL
M2_M1_CDNS_7654617506816 Via1,metal1_conn,metal2_conn NULL
M2_M1_CDNS_7654617506818 Via1,metal1_conn,metal2_conn NULL
M2_M1_CDNS_7654617506819 Via1,metal1_conn,metal2_conn NULL
M6_M5_CDNS_765461750681 Via5,metal5_conn,metal6_conn NULL
M6_M5_CDNS_765461750689 Via5,metal5_conn,metal6_conn NULL
M2_M1_CDNS_7654617506827 Via1,metal1_conn,metal2_conn NULL
M2_M1_CDNS_7654617506829 Via1,metal1_conn,metal2_conn NULL
M4_M3_CDNS_765461750680 metal3_conn,Via3,metal4_conn NULL
M4_M3_CDNS_765461750686 metal3_conn,Via3,metal4_conn NULL
M5_M4_CDNS_765461750682 Via4,metal5_conn,metal4_conn NULL
M5_M4_CDNS_765461750684 Via4,metal5_conn,metal4_conn NULL
4bit_CLA_logic metal5_conn,psubstrate,metal3_conn,nwell_conn,metal1_conn,cont_poly,metal7_conn,_pmos1v,metal6_conn,poly_conn,metal4_conn Via5,_nmos1v,ndiff_conn,Via4,cont_pdiff,Via1,cont_ndiff,ptap,Via3,ntap,pdiff_conn,Via2,metal2_conn,Via6
pmos1v_CDNS_765461750681 ndiff_conn,cont_pdiff,psubstrate,nwell_conn,metal1_conn,_pmos1v,cont_ndiff,poly_conn,pdiff_conn,ntap NULL
pmos1v_CDNS_765461750683 ndiff_conn,cont_pdiff,psubstrate,nwell_conn,metal1_conn,cont_ndiff,poly_conn,pdiff_conn,ntap NULL
pmos1v_CDNS_765461750684 ndiff_conn,cont_pdiff,psubstrate,nwell_conn,metal1_conn,cont_ndiff,poly_conn,pdiff_conn,ntap NULL
pmos1v_CDNS_765461750686 ndiff_conn,cont_pdiff,psubstrate,nwell_conn,metal1_conn,cont_ndiff,poly_conn,pdiff_conn,ntap NULL
pmos1v_CDNS_765461750688 cont_pdiff,psubstrate,nwell_conn,metal1_conn,_pmos1v,poly_conn,pdiff_conn NULL
HAdder _nmos1v,psubstrate,nwell_conn,metal1_conn,cont_poly,_pmos1v,poly_conn,metal2_conn ndiff_conn,cont_pdiff,Via1,cont_ndiff,ptap,ntap,pdiff_conn
M1_PO_CDNS_7654617506812 metal1_conn,cont_poly,poly_conn NULL
M1_PO_CDNS_7654617506815 metal1_conn,cont_poly,poly_conn NULL
M1_PO_CDNS_7654617506820 metal1_conn,cont_poly,poly_conn NULL
M1_PO_CDNS_7654617506823 metal1_conn,cont_poly,poly_conn NULL
M1_PO_CDNS_7654617506826 metal1_conn,cont_poly,poly_conn NULL
AND psubstrate,metal3_conn,nwell_conn,metal1_conn,poly_conn,metal2_conn _nmos1v,ndiff_conn,cont_pdiff,Via1,cont_poly,_pmos1v,cont_ndiff,ptap,ntap,pdiff_conn,Via2
nmos1v_CDNS_7654617506813 ndiff_conn,psubstrate,metal1_conn,cont_ndiff,poly_conn NULL
nmos1v_CDNS_7654617506814 _nmos1v,ndiff_conn,psubstrate,metal1_conn,cont_ndiff,poly_conn NULL
nmos1v_CDNS_7654617506815 _nmos1v,ndiff_conn,psubstrate,poly_conn NULL
nmos1v_CDNS_765461750680 _nmos1v,ndiff_conn,cont_pdiff,psubstrate,metal1_conn,cont_ndiff,poly_conn,ptap,pdiff_conn NULL
nmos1v_CDNS_7654617506816 _nmos1v,ndiff_conn,psubstrate,metal1_conn,cont_ndiff,poly_conn NULL
nmos1v_CDNS_765461750682 _nmos1v,ndiff_conn,cont_pdiff,psubstrate,metal1_conn,cont_ndiff,poly_conn,ptap,pdiff_conn NULL
nmos1v_CDNS_765461750685 _nmos1v,ndiff_conn,psubstrate,metal1_conn,cont_ndiff,poly_conn NULL
nmos1v_CDNS_765461750687 _nmos1v,ndiff_conn,cont_pdiff,psubstrate,metal1_conn,cont_ndiff,poly_conn,ptap,pdiff_conn NULL
nmos1v_CDNS_765461750689 _nmos1v,ndiff_conn,psubstrate,metal1_conn,cont_ndiff,poly_conn NULL
nmos1v_CDNS_7654617506820 _nmos1v,ndiff_conn,cont_pdiff,psubstrate,metal1_conn,cont_ndiff,poly_conn,ptap,pdiff_conn NULL
WallaceFinalAdder psubstrate,metal3_conn,nwell_conn,metal1_conn,_pmos1v,metal6_conn,metal4_conn,metal2_conn _nmos1v,Via5,ndiff_conn,Via4,metal5_conn,cont_pdiff,Via1,cont_poly,metal7_conn,cont_ndiff,poly_conn,ptap,Via3,pdiff_conn,ntap,Via2,Via6
